../Core/Src/Game_Driver.c:38:6:firstScreen	8	static
../Core/Src/Game_Driver.c:72:6:endScreen	144	static
../Core/Src/Game_Driver.c:205:6:initBoard	16	static
../Core/Src/Game_Driver.c:214:6:GameScreen_Init	24	static
../Core/Src/Game_Driver.c:227:6:GameScreen_Update	24	static
../Core/Src/Game_Driver.c:242:12:PollTouchColumn	40	static
../Core/Src/Game_Driver.c:283:5:dropPiece	24	static
../Core/Src/Game_Driver.c:294:5:checkDirection	40	static
../Core/Src/Game_Driver.c:304:5:checkWin	32	static
../Core/Src/Game_Driver.c:319:5:isBoardFull	16	static
../Core/Src/Game_Driver.c:333:6:PlayOnePlayer	32	static
../Core/Src/Game_Driver.c:388:6:PlayTwoPlayer	16	static
