../Core/Src/Game_Driver.c:34:6:firstScreen	8	static
../Core/Src/Game_Driver.c:68:6:endScreen	8	static
../Core/Src/Game_Driver.c:87:6:initBoard	16	static
../Core/Src/Game_Driver.c:96:6:GameScreen_Init	24	static
../Core/Src/Game_Driver.c:109:6:GameScreen_Update	24	static
../Core/Src/Game_Driver.c:124:12:PollTouchColumn	40	static
../Core/Src/Game_Driver.c:165:5:dropPiece	24	static
../Core/Src/Game_Driver.c:176:5:checkDirection	40	static
../Core/Src/Game_Driver.c:186:5:checkWin	32	static
../Core/Src/Game_Driver.c:201:5:isBoardFull	16	static
../Core/Src/Game_Driver.c:215:6:PlayOnePlayer	32	static
../Core/Src/Game_Driver.c:264:6:PlayTwoPlayer	16	static
