Archive member included to satisfy reference by file (symbol)

/Applications/STM32CubeIDE.app/Contents/Eclipse/plugins/com.st.stm32cube.ide.mcu.externaltools.gnu-tools-for-stm32.13.3.rel1.macos64_1.0.0.202411102158/tools/bin/../lib/gcc/arm-none-eabi/13.3.1/../../../../arm-none-eabi/lib/thumb/v7e-m+fp/hard/libc_nano.a(libc_a-exit.o)
                              /Applications/STM32CubeIDE.app/Contents/Eclipse/plugins/com.st.stm32cube.ide.mcu.externaltools.gnu-tools-for-stm32.13.3.rel1.macos64_1.0.0.202411102158/tools/bin/../lib/gcc/arm-none-eabi/13.3.1/../../../../arm-none-eabi/lib/thumb/v7e-m+fp/hard/crt0.o (exit)
/Applications/STM32CubeIDE.app/Contents/Eclipse/plugins/com.st.stm32cube.ide.mcu.externaltools.gnu-tools-for-stm32.13.3.rel1.macos64_1.0.0.202411102158/tools/bin/../lib/gcc/arm-none-eabi/13.3.1/../../../../arm-none-eabi/lib/thumb/v7e-m+fp/hard/libc_nano.a(libc_a-findfp.o)
                              /Applications/STM32CubeIDE.app/Contents/Eclipse/plugins/com.st.stm32cube.ide.mcu.externaltools.gnu-tools-for-stm32.13.3.rel1.macos64_1.0.0.202411102158/tools/bin/../lib/gcc/arm-none-eabi/13.3.1/../../../../arm-none-eabi/lib/thumb/v7e-m+fp/hard/libc_nano.a(libc_a-exit.o) (__stdio_exit_handler)
/Applications/STM32CubeIDE.app/Contents/Eclipse/plugins/com.st.stm32cube.ide.mcu.externaltools.gnu-tools-for-stm32.13.3.rel1.macos64_1.0.0.202411102158/tools/bin/../lib/gcc/arm-none-eabi/13.3.1/../../../../arm-none-eabi/lib/thumb/v7e-m+fp/hard/libc_nano.a(libc_a-fwalk.o)
                              /Applications/STM32CubeIDE.app/Contents/Eclipse/plugins/com.st.stm32cube.ide.mcu.externaltools.gnu-tools-for-stm32.13.3.rel1.macos64_1.0.0.202411102158/tools/bin/../lib/gcc/arm-none-eabi/13.3.1/../../../../arm-none-eabi/lib/thumb/v7e-m+fp/hard/libc_nano.a(libc_a-findfp.o) (_fwalk_sglue)
/Applications/STM32CubeIDE.app/Contents/Eclipse/plugins/com.st.stm32cube.ide.mcu.externaltools.gnu-tools-for-stm32.13.3.rel1.macos64_1.0.0.202411102158/tools/bin/../lib/gcc/arm-none-eabi/13.3.1/../../../../arm-none-eabi/lib/thumb/v7e-m+fp/hard/libc_nano.a(libc_a-printf.o)
                              ./Core/Src/ApplicationCode.o (printf)
/Applications/STM32CubeIDE.app/Contents/Eclipse/plugins/com.st.stm32cube.ide.mcu.externaltools.gnu-tools-for-stm32.13.3.rel1.macos64_1.0.0.202411102158/tools/bin/../lib/gcc/arm-none-eabi/13.3.1/../../../../arm-none-eabi/lib/thumb/v7e-m+fp/hard/libc_nano.a(libc_a-putchar.o)
                              ./Core/Src/Game_Driver.o (putchar)
/Applications/STM32CubeIDE.app/Contents/Eclipse/plugins/com.st.stm32cube.ide.mcu.externaltools.gnu-tools-for-stm32.13.3.rel1.macos64_1.0.0.202411102158/tools/bin/../lib/gcc/arm-none-eabi/13.3.1/../../../../arm-none-eabi/lib/thumb/v7e-m+fp/hard/libc_nano.a(libc_a-puts.o)
                              ./Core/Src/ApplicationCode.o (puts)
/Applications/STM32CubeIDE.app/Contents/Eclipse/plugins/com.st.stm32cube.ide.mcu.externaltools.gnu-tools-for-stm32.13.3.rel1.macos64_1.0.0.202411102158/tools/bin/../lib/gcc/arm-none-eabi/13.3.1/../../../../arm-none-eabi/lib/thumb/v7e-m+fp/hard/libc_nano.a(libc_a-memset.o)
                              /Applications/STM32CubeIDE.app/Contents/Eclipse/plugins/com.st.stm32cube.ide.mcu.externaltools.gnu-tools-for-stm32.13.3.rel1.macos64_1.0.0.202411102158/tools/bin/../lib/gcc/arm-none-eabi/13.3.1/../../../../arm-none-eabi/lib/thumb/v7e-m+fp/hard/crt0.o (memset)
/Applications/STM32CubeIDE.app/Contents/Eclipse/plugins/com.st.stm32cube.ide.mcu.externaltools.gnu-tools-for-stm32.13.3.rel1.macos64_1.0.0.202411102158/tools/bin/../lib/gcc/arm-none-eabi/13.3.1/../../../../arm-none-eabi/lib/thumb/v7e-m+fp/hard/libc_nano.a(libc_a-errno.o)
                              ./Core/Src/syscalls.o (__errno)
/Applications/STM32CubeIDE.app/Contents/Eclipse/plugins/com.st.stm32cube.ide.mcu.externaltools.gnu-tools-for-stm32.13.3.rel1.macos64_1.0.0.202411102158/tools/bin/../lib/gcc/arm-none-eabi/13.3.1/../../../../arm-none-eabi/lib/thumb/v7e-m+fp/hard/libc_nano.a(libc_a-init.o)
                              /Applications/STM32CubeIDE.app/Contents/Eclipse/plugins/com.st.stm32cube.ide.mcu.externaltools.gnu-tools-for-stm32.13.3.rel1.macos64_1.0.0.202411102158/tools/bin/../lib/gcc/arm-none-eabi/13.3.1/../../../../arm-none-eabi/lib/thumb/v7e-m+fp/hard/crt0.o (__libc_init_array)
/Applications/STM32CubeIDE.app/Contents/Eclipse/plugins/com.st.stm32cube.ide.mcu.externaltools.gnu-tools-for-stm32.13.3.rel1.macos64_1.0.0.202411102158/tools/bin/../lib/gcc/arm-none-eabi/13.3.1/../../../../arm-none-eabi/lib/thumb/v7e-m+fp/hard/libc_nano.a(libc_a-lock.o)
                              /Applications/STM32CubeIDE.app/Contents/Eclipse/plugins/com.st.stm32cube.ide.mcu.externaltools.gnu-tools-for-stm32.13.3.rel1.macos64_1.0.0.202411102158/tools/bin/../lib/gcc/arm-none-eabi/13.3.1/../../../../arm-none-eabi/lib/thumb/v7e-m+fp/hard/libc_nano.a(libc_a-findfp.o) (__retarget_lock_init_recursive)
[...]
Memory Configuration

Name             Origin             Length             Attributes
CCMRAM           0x10000000         0x00010000         xrw
RAM              0x20000000         0x00030000         xrw
FLASH            0x08000000         0x00200000         xr
*default*        0x00000000         0xffffffff

Linker script and memory map

LOAD /Applications/STM32CubeIDE.app/Contents/Eclipse/plugins/com.st.stm32cube.ide.mcu.externaltools.gnu-tools-for-stm32.13.3.rel1.macos64_1.0.0.202411102158/tools/bin/../lib/gcc/arm-none-eabi/13.3.1/thumb/v7e-m+fp/hard/crti.o
LOAD /Applications/STM32CubeIDE.app/Contents/Eclipse/plugins/com.st.stm32cube.ide.mcu.externaltools.gnu-tools-for-stm32.13.3.rel1.macos64_1.0.0.202411102158/tools/bin/../lib/gcc/arm-none-eabi/13.3.1/thumb/v7e-m+fp/hard/crtbegin.o
LOAD /Applications/STM32CubeIDE.app/Contents/Eclipse/plugins/com.st.stm32cube.ide.mcu.externaltools.gnu-tools-for-stm32.13.3.rel1.macos64_1.0.0.202411102158/tools/bin/../lib/gcc/arm-none-eabi/13.3.1/../../../../arm-none-eabi/lib/thumb/v7e-m+fp/hard/crt0.o
LOAD ./Core/Src/ApplicationCode.o
LOAD ./Core/Src/ErrorHandling.o
LOAD ./Core/Src/Game_Driver.o
LOAD ./Core/Src/Gyro.o
LOAD ./Core/Src/LCD_Driver.o
LOAD ./Core/Src/Scheduler.o
LOAD ./Core/Src/fonts.o
LOAD ./Core/Src/ili9341.o
LOAD ./Core/Src/main.o
LOAD ./Core/Src/stm32f4xx_hal_msp.o
LOAD ./Core/Src/stm32f4xx_it.o
LOAD ./Core/Src/stmpe811.o
LOAD ./Core/Src/syscalls.o
LOAD ./Core/Src/sysmem.o
LOAD ./Core/Src/system_stm32f4xx.o
LOAD ./Core/Startup/startup_stm32f429zitx.o
LOAD ./Drivers/STM32F4xx_HAL_Driver/Src/stm32f4xx_hal.o
LOAD ./Drivers/STM32F4xx_HAL_Driver/Src/stm32f4xx_hal_cortex.o
LOAD ./Drivers/STM32F4xx_HAL_Driver/Src/stm32f4xx_hal_dma.o
LOAD ./Drivers/STM32F4xx_HAL_Driver/Src/stm32f4xx_hal_dma_ex.o
LOAD ./Drivers/STM32F4xx_HAL_Driver/Src/stm32f4xx_hal_dsi.o
LOAD ./Drivers/STM32F4xx_HAL_Driver/Src/stm32f4xx_hal_exti.o
LOAD ./Drivers/STM32F4xx_HAL_Driver/Src/stm32f4xx_hal_flash.o
LOAD ./Drivers/STM32F4xx_HAL_Driver/Src/stm32f4xx_hal_flash_ex.o
LOAD ./Drivers/STM32F4xx_HAL_Driver/Src/stm32f4xx_hal_flash_ramfunc.o
LOAD ./Drivers/STM32F4xx_HAL_Driver/Src/stm32f4xx_hal_gpio.o
LOAD ./Drivers/STM32F4xx_HAL_Driver/Src/stm32f4xx_hal_i2c.o
LOAD ./Drivers/STM32F4xx_HAL_Driver/Src/stm32f4xx_hal_i2c_ex.o
LOAD ./Drivers/STM32F4xx_HAL_Driver/Src/stm32f4xx_hal_ltdc.o
LOAD ./Drivers/STM32F4xx_HAL_Driver/Src/stm32f4xx_hal_ltdc_ex.o
LOAD ./Drivers/STM32F4xx_HAL_Driver/Src/stm32f4xx_hal_pwr.o
LOAD ./Drivers/STM32F4xx_HAL_Driver/Src/stm32f4xx_hal_pwr_ex.o
LOAD ./Drivers/STM32F4xx_HAL_Driver/Src/stm32f4xx_hal_rcc.o
LOAD ./Drivers/STM32F4xx_HAL_Driver/Src/stm32f4xx_hal_rcc_ex.o
LOAD ./Drivers/STM32F4xx_HAL_Driver/Src/stm32f4xx_hal_rng.o
LOAD ./Drivers/STM32F4xx_HAL_Driver/Src/stm32f4xx_hal_spi.o
LOAD ./Drivers/STM32F4xx_HAL_Driver/Src/stm32f4xx_hal_tim.o
LOAD ./Drivers/STM32F4xx_HAL_Driver/Src/stm32f4xx_hal_tim_ex.o
START GROUP
LOAD /Applications/STM32CubeIDE.app/Contents/Eclipse/plugins/com.st.stm32cube.ide.mcu.externaltools.gnu-tools-for-stm32.13.3.rel1.macos64_1.0.0.202411102158/tools/bin/../lib/gcc/arm-none-eabi/13.3.1/../../../../arm-none-eabi/lib/thumb/v7e-m+fp/hard/libc_nano.a
LOAD /Applications/STM32CubeIDE.app/Contents/Eclipse/plugins/com.st.stm32cube.ide.mcu.externaltools.gnu-tools-for-stm32.13.3.rel1.macos64_1.0.0.202411102158/tools/bin/../lib/gcc/arm-none-eabi/13.3.1/../../../../arm-none-eabi/lib/thumb/v7e-m+fp/hard/libm.a
END GROUP
START GROUP
LOAD /Applications/STM32CubeIDE.app/Contents/Eclipse/plugins/com.st.stm32cube.ide.mcu.externaltools.gnu-tools-for-stm32.13.3.rel1.macos64_1.0.0.202411102158/tools/bin/../lib/gcc/arm-none-eabi/13.3.1/thumb/v7e-m+fp/hard/libgcc.a
LOAD /Applications/STM32CubeIDE.app/Contents/Eclipse/plugins/com.st.stm32cube.ide.mcu.externaltools.gnu-tools-for-stm32.13.3.rel1.macos64_1.0.0.202411102158/tools/bin/../lib/gcc/arm-none-eabi/13.3.1/../../../../arm-none-eabi/lib/thumb/v7e-m+fp/hard/libc_nano.a
END GROUP
START GROUP
LOAD /Applications/STM32CubeIDE.app/Contents/Eclipse/plugins/com.st.stm32cube.ide.mcu.externaltools.gnu-tools-for-stm32.13.3.rel1.macos64_1.0.0.202411102158/tools/bin/../lib/gcc/arm-none-eabi/13.3.1/thumb/v7e-m+fp/hard/libgcc.a
LOAD /Applications/STM32CubeIDE.app/Contents/Eclipse/plugins/com.st.stm32cube.ide.mcu.externaltools.gnu-tools-for-stm32.13.3.rel1.macos64_1.0.0.202411102158/tools/bin/../lib/gcc/arm-none-eabi/13.3.1/../../../../arm-none-eabi/lib/thumb/v7e-m+fp/hard/libc_nano.a
LOAD /Applications/STM32CubeIDE.app/Contents/Eclipse/plugins/com.st.stm32cube.ide.mcu.externaltools.gnu-tools-for-stm32.13.3.rel1.macos64_1.0.0.202411102158/tools/bin/../lib/gcc/arm-none-eabi/13.3.1/../../../../arm-none-eabi/lib/thumb/v7e-m+fp/hard/libnosys.a
END GROUP
START GROUP
LOAD /Applications/STM32CubeIDE.app/Contents/Eclipse/plugins/com.st.stm32cube.ide.mcu.externaltools.gnu-tools-for-stm32.13.3.rel1.macos64_1.0.0.202411102158/tools/bin/../lib/gcc/arm-none-eabi/13.3.1/thumb/v7e-m+fp/hard/libgcc.a
LOAD /Applications/STM32CubeIDE.app/Contents/Eclipse/plugins/com.st.stm32cube.ide.mcu.externaltools.gnu-tools-for-stm32.13.3.rel1.macos64_1.0.0.202411102158/tools/bin/../lib/gcc/arm-none-eabi/13.3.1/../../../../arm-none-eabi/lib/thumb/v7e-m+fp/hard/libc_nano.a
LOAD /Applications/STM32CubeIDE.app/Contents/Eclipse/plugins/com.st.stm32cube.ide.mcu.externaltools.gnu-tools-for-stm32.13.3.rel1.macos64_1.0.0.202411102158/tools/bin/../lib/gcc/arm-none-eabi/13.3.1/../../../../arm-none-eabi/lib/thumb/v7e-m+fp/hard/libnosys.a
END GROUP
LOAD /Applications/STM32CubeIDE.app/Contents/Eclipse/plugins/com.st.stm32cube.ide.mcu.externaltools.gnu-tools-for-stm32.13.3.rel1.macos64_1.0.0.202411102158/tools/bin/../lib/gcc/arm-none-eabi/13.3.1/thumb/v7e-m+fp/hard/crtend.o
LOAD /Applications/STM32CubeIDE.app/Contents/Eclipse/plugins/com.st.stm32cube.ide.mcu.externaltools.gnu-tools-for-stm32.13.3.rel1.macos64_1.0.0.202411102158/tools/bin/../lib/gcc/arm-none-eabi/13.3.1/thumb/v7e-m+fp/hard/crtn.o
                0x20030000                        _estack = (ORIGIN (RAM) + LENGTH (RAM))
                0x00000200                        _Min_Heap_Size = 0x200
                0x00000400                        _Min_Stack_Size = 0x400

.isr_vector     0x08000000      0x1ac
                0x08000000                        . = ALIGN (0x4)
 *(.isr_vector)
 .isr_vector    0x08000000      0x1ac ./Core/Startup/startup_stm32f429zitx.o
                0x08000000                g_pfnVectors
                0x080001ac                        . = ALIGN (0x4)

.text           0x080001ac     0x57b4
                0x080001ac                        . = ALIGN (0x4)
 *(.text)
 .text          0x080001ac       0x40 /Applications/STM32CubeIDE.app/Contents/Eclipse/plugins/com.st.stm32cube.ide.mcu.externaltools.gnu-tools-for-stm32.13.3.rel1.macos64_1.0.0.202411102158/tools/bin/../lib/gcc/arm-none-eabi/13.3.1/thumb/v7e-m+fp/hard/crtbegin.o
 .text          0x080001ec       0x30 /Applications/STM32CubeIDE.app/Contents/Eclipse/plugins/com.st.stm32cube.ide.mcu.externaltools.gnu-tools-for-stm32.13.3.rel1.macos64_1.0.0.202411102158/tools/bin/../lib/gcc/arm-none-eabi/13.3.1/thumb/v7e-m+fp/hard/libgcc.a(_aeabi_uldivmod.o)
                0x080001ec                __aeabi_uldivmod
 .text          0x0800021c      0x2f8 /Applications/STM32CubeIDE.app/Contents/Eclipse/plugins/com.st.stm32cube.ide.mcu.externaltools.gnu-tools-for-stm32.13.3.rel1.macos64_1.0.0.202411102158/tools/bin/../lib/gcc/arm-none-eabi/13.3.1/thumb/v7e-m+fp/hard/libgcc.a(_udivmoddi4.o)
                0x0800021c                __udivmoddi4
 .text          0x08000514        0x4 /Applications/STM32CubeIDE.app/Contents/Eclipse/plugins/com.st.stm32cube.ide.mcu.externaltools.gnu-tools-for-stm32.13.3.rel1.macos64_1.0.0.202411102158/tools/bin/../lib/gcc/arm-none-eabi/13.3.1/thumb/v7e-m+fp/hard/libgcc.a(_dvmd_tls.o)
                0x08000514                __aeabi_ldiv0
                0x08000514                __aeabi_idiv0
 *(.text*)
 .text.ApplicationInit
                0x08000518       0x30 ./Core/Src/ApplicationCode.o
                0x08000518                ApplicationInit
 .text.ApplicationFirstScreen
                0x08000548        0xc ./Core/Src/ApplicationCode.o
                0x08000548                ApplicationFirstScreen
 .text.firstScreen
                0x08000554       0xfc ./Core/Src/Game_Driver.o
                0x08000554                firstScreen
 .text.LCD_GPIO_Init
                0x08000650      0x190 ./Core/Src/LCD_Driver.o
                0x08000650                LCD_GPIO_Init
 .text.LTCD_Layer_Init
                0x080007e0       0x80 ./Core/Src/LCD_Driver.o
                0x080007e0                LTCD_Layer_Init
 .text.LTCD__Init
                0x08000860       0xbc ./Core/Src/LCD_Driver.o
                0x08000860                LTCD__Init
 .text.LCD_Draw_Pixel
                0x0800091c       0x3c ./Core/Src/LCD_Driver.o
                0x0800091c                LCD_Draw_Pixel
 .text.LCD_Clear
                0x08000958       0x44 ./Core/Src/LCD_Driver.o
                0x08000958                LCD_Clear
 .text.LCD_SetTextColor
                0x0800099c       0x20 ./Core/Src/LCD_Driver.o
                0x0800099c                LCD_SetTextColor
 .text.LCD_SetFont
                0x080009bc       0x20 ./Core/Src/LCD_Driver.o
                0x080009bc                LCD_SetFont
 .text.LCD_Draw_Char
                0x080009dc       0xdc ./Core/Src/LCD_Driver.o
                0x080009dc                LCD_Draw_Char
 .text.LCD_DisplayChar
                0x08000ab8       0x44 ./Core/Src/LCD_Driver.o
                0x08000ab8                LCD_DisplayChar
 .text.LCD_Error_Handler
                0x08000afc        0xc ./Core/Src/LCD_Driver.o
                0x08000afc                LCD_Error_Handler
 .text.InitializeLCDTouch
                0x08000b08       0x16 ./Core/Src/LCD_Driver.o
                0x08000b08                InitializeLCDTouch
 .text.ili9341_Init
                0x08000b1e      0x294 ./Core/Src/ili9341.o
                0x08000b1e                ili9341_Init
 .text.ili9341_Write_Reg
                0x08000db2       0x1a ./Core/Src/ili9341.o
                0x08000db2                ili9341_Write_Reg
 .text.ili9341_Send_Data
                0x08000dcc       0x1a ./Core/Src/ili9341.o
                0x08000dcc                ili9341_Send_Data
 *fill*         0x08000de6        0x2 
 .text.SPI_Init
                0x08000de8       0x74 ./Core/Src/ili9341.o
 .text.SPI_Write
                0x08000e5c       0x3c ./Core/Src/ili9341.o
 .text.SPI_Error
                0x08000e98       0x18 ./Core/Src/ili9341.o
 .text.SPI_MspInit
                0x08000eb0       0x74 ./Core/Src/ili9341.o
 .text.LCD_IO_Init
                0x08000f24       0xf0 ./Core/Src/ili9341.o
                0x08000f24                LCD_IO_Init
 .text.LCD_IO_WriteData
                0x08001014       0x44 ./Core/Src/ili9341.o
                0x08001014                LCD_IO_WriteData
 .text.LCD_IO_WriteReg
                0x08001058       0x44 ./Core/Src/ili9341.o
                0x08001058                LCD_IO_WriteReg
 .text.LCD_Delay
                0x0800109c       0x16 ./Core/Src/ili9341.o
                0x0800109c                LCD_Delay
 .text.main     0x080010b2       0x38 ./Core/Src/main.o
                0x080010b2                main
 *fill*         0x080010ea        0x2 
 .text.SystemClock_Config
                0x080010ec       0xd4 ./Core/Src/main.o
                0x080010ec                SystemClock_Config
 .text.MX_I2C3_Init
                0x080011c0       0x80 ./Core/Src/main.o
 .text.MX_LTDC_Init
                0x08001240      0x164 ./Core/Src/main.o
 .text.MX_RNG_Init
                0x080013a4       0x28 ./Core/Src/main.o
 .text.MX_SPI5_Init
                0x080013cc       0x6c ./Core/Src/main.o
 .text.MX_TIM2_Init
                0x08001438       0x98 ./Core/Src/main.o
 .text.MX_GPIO_Init
                0x080014d0      0x35c ./Core/Src/main.o
 .text.Error_Handler
                0x0800182c        0xc ./Core/Src/main.o
                0x0800182c                Error_Handler
 .text.HAL_MspInit
                0x08001838       0x50 ./Core/Src/stm32f4xx_hal_msp.o
                0x08001838                HAL_MspInit
 .text.HAL_I2C_MspInit
                0x08001888       0xd4 ./Core/Src/stm32f4xx_hal_msp.o
                0x08001888                HAL_I2C_MspInit
 .text.HAL_LTDC_MspInit
                0x0800195c      0x250 ./Core/Src/stm32f4xx_hal_msp.o
                0x0800195c                HAL_LTDC_MspInit
 .text.HAL_RNG_MspInit
                0x08001bac       0x44 ./Core/Src/stm32f4xx_hal_msp.o
                0x08001bac                HAL_RNG_MspInit
 .text.HAL_SPI_MspInit
                0x08001bf0       0x90 ./Core/Src/stm32f4xx_hal_msp.o
                0x08001bf0                HAL_SPI_MspInit
 .text.HAL_SPI_MspDeInit
                0x08001c80       0x3c ./Core/Src/stm32f4xx_hal_msp.o
                0x08001c80                HAL_SPI_MspDeInit
 .text.HAL_TIM_Base_MspInit
                0x08001cbc       0x40 ./Core/Src/stm32f4xx_hal_msp.o
                0x08001cbc                HAL_TIM_Base_MspInit
 .text.NMI_Handler
                0x08001cfc        0x8 ./Core/Src/stm32f4xx_it.o
                0x08001cfc                NMI_Handler
 .text.HardFault_Handler
                0x08001d04        0x8 ./Core/Src/stm32f4xx_it.o
                0x08001d04                HardFault_Handler
 .text.MemManage_Handler
                0x08001d0c        0x8 ./Core/Src/stm32f4xx_it.o
                0x08001d0c                MemManage_Handler
 .text.BusFault_Handler
                0x08001d14        0x8 ./Core/Src/stm32f4xx_it.o
                0x08001d14                BusFault_Handler
 .text.UsageFault_Handler
                0x08001d1c        0x8 ./Core/Src/stm32f4xx_it.o
                0x08001d1c                UsageFault_Handler
 .text.SVC_Handler
                0x08001d24        0xe ./Core/Src/stm32f4xx_it.o
                0x08001d24                SVC_Handler
 .text.DebugMon_Handler
                0x08001d32        0xe ./Core/Src/stm32f4xx_it.o
                0x08001d32                DebugMon_Handler
 .text.PendSV_Handler
                0x08001d40        0xe ./Core/Src/stm32f4xx_it.o
                0x08001d40                PendSV_Handler
 .text.SysTick_Handler
                0x08001d4e        0xc ./Core/Src/stm32f4xx_it.o
                0x08001d4e                SysTick_Handler
 .text.STMPE811_Init
                0x08001d5a      0x14e ./Core/Src/stmpe811.o
                0x08001d5a                STMPE811_Init
 .text.STMPE811_Read
                0x08001ea8       0x22 ./Core/Src/stmpe811.o
                0x08001ea8                STMPE811_Read
 *fill*         0x08001eca        0x2 
 .text.verifyHAL_I2C_IS_OKAY
                0x08001ecc       0x20 ./Core/Src/stmpe811.o
                0x08001ecc                verifyHAL_I2C_IS_OKAY
 .text.I2C3_Init
                0x08001eec       0x7c ./Core/Src/stmpe811.o
 .text.I2C3_MspInit
                0x08001f68       0xa8 ./Core/Src/stmpe811.o
 .text.I2C3_Write
                0x08002010       0x54 ./Core/Src/stmpe811.o
                0x08002010                I2C3_Write
 .text.I2C3_Read
                0x08002064       0x4c ./Core/Src/stmpe811.o
                0x08002064                I2C3_Read
 .text.I2C3_MulitByteRead
                0x080020b0       0x44 ./Core/Src/stmpe811.o
                0x080020b0                I2C3_MulitByteRead
 .text.initialise_monitor_handles
                0x080020f4        0xe ./Core/Src/syscalls.o
                0x080020f4                initialise_monitor_handles
 *fill*         0x08002102        0x2 
 .text.SystemInit
                0x08002104       0x24 ./Core/Src/system_stm32f4xx.o
                0x08002104                SystemInit
 .text.Reset_Handler
                0x08002128       0x50 ./Core/Startup/startup_stm32f429zitx.o
                0x08002128                Reset_Handler
 .text.Default_Handler
                0x08002178        0x2 ./Core/Startup/startup_stm32f429zitx.o
                0x08002178                DMA1_Stream3_IRQHandler
                0x08002178                HASH_RNG_IRQHandler
                0x08002178                EXTI2_IRQHandler
                0x08002178                TIM8_CC_IRQHandler
                0x08002178                UART8_IRQHandler
                0x08002178                SPI4_IRQHandler
                0x08002178                TIM1_CC_IRQHandler
                0x08002178                DMA2_Stream5_IRQHandler
                0x08002178                DMA1_Stream5_IRQHandler
                0x08002178                PVD_IRQHandler
                0x08002178                SDIO_IRQHandler
                0x08002178                TAMP_STAMP_IRQHandler
                0x08002178                CAN2_RX1_IRQHandler
                0x08002178                EXTI3_IRQHandler
                0x08002178                TIM8_TRG_COM_TIM14_IRQHandler
                0x08002178                TIM1_UP_TIM10_IRQHandler
                0x08002178                TIM8_UP_TIM13_IRQHandler
                0x08002178                I2C3_ER_IRQHandler
                0x08002178                EXTI0_IRQHandler
                0x08002178                I2C2_EV_IRQHandler
                0x08002178                DMA1_Stream2_IRQHandler
                0x08002178                CAN1_RX0_IRQHandler
                0x08002178                FPU_IRQHandler
                0x08002178                OTG_HS_WKUP_IRQHandler
                0x08002178                LTDC_ER_IRQHandler
                0x08002178                CAN2_SCE_IRQHandler
                0x08002178                DMA2_Stream2_IRQHandler
                0x08002178                SPI1_IRQHandler
                0x08002178                TIM6_DAC_IRQHandler
                0x08002178                TIM1_BRK_TIM9_IRQHandler
                0x08002178                DCMI_IRQHandler
                0x08002178                CAN2_RX0_IRQHandler
                0x08002178                DMA2_Stream3_IRQHandler
                0x08002178                USART6_IRQHandler
                0x08002178                USART3_IRQHandler
                0x08002178                CAN1_RX1_IRQHandler
                0x08002178                UART5_IRQHandler
                0x08002178                DMA2_Stream0_IRQHandler
                0x08002178                TIM4_IRQHandler
                0x08002178                I2C1_EV_IRQHandler
                0x08002178                DMA1_Stream6_IRQHandler
                0x08002178                DMA1_Stream1_IRQHandler
                0x08002178                UART4_IRQHandler
                0x08002178                TIM3_IRQHandler
                0x08002178                RCC_IRQHandler
                0x08002178                TIM8_BRK_TIM12_IRQHandler
                0x08002178                Default_Handler
                0x08002178                EXTI15_10_IRQHandler
                0x08002178                ADC_IRQHandler
                0x08002178                DMA1_Stream7_IRQHandler
                0x08002178                SPI5_IRQHandler
                0x08002178                TIM7_IRQHandler
                0x08002178                CAN2_TX_IRQHandler
                0x08002178                TIM5_IRQHandler
                0x08002178                DMA2_Stream7_IRQHandler
                0x08002178                I2C3_EV_IRQHandler
                0x08002178                EXTI9_5_IRQHandler
                0x08002178                RTC_WKUP_IRQHandler
                0x08002178                LTDC_IRQHandler
                0x08002178                ETH_WKUP_IRQHandler
                0x08002178                SPI2_IRQHandler
                0x08002178                OTG_HS_EP1_IN_IRQHandler
                0x08002178                DMA1_Stream0_IRQHandler
                0x08002178                CAN1_TX_IRQHandler
                0x08002178                EXTI4_IRQHandler
                0x08002178                ETH_IRQHandler
                0x08002178                OTG_HS_EP1_OUT_IRQHandler
                0x08002178                WWDG_IRQHandler
                0x08002178                SPI6_IRQHandler
                0x08002178                TIM2_IRQHandler
                0x08002178                OTG_FS_WKUP_IRQHandler
                0x08002178                TIM1_TRG_COM_TIM11_IRQHandler
                0x08002178                OTG_HS_IRQHandler
                0x08002178                DMA2D_IRQHandler
                0x08002178                EXTI1_IRQHandler
                0x08002178                UART7_IRQHandler
                0x08002178                USART2_IRQHandler
                0x08002178                I2C2_ER_IRQHandler
                0x08002178                DMA2_Stream1_IRQHandler
                0x08002178                CAN1_SCE_IRQHandler
                0x08002178                FLASH_IRQHandler
                0x08002178                DMA2_Stream4_IRQHandler
                0x08002178                USART1_IRQHandler
                0x08002178                OTG_FS_IRQHandler
                0x08002178                SPI3_IRQHandler
                0x08002178                DMA1_Stream4_IRQHandler
                0x08002178                I2C1_ER_IRQHandler
                0x08002178                FMC_IRQHandler
                0x08002178                DMA2_Stream6_IRQHandler
                0x08002178                SAI1_IRQHandler
                0x08002178                RTC_Alarm_IRQHandler
 *fill*         0x0800217a        0x2 
 .text.HAL_Init
                0x0800217c       0x44 ./Drivers/STM32F4xx_HAL_Driver/Src/stm32f4xx_hal.o
                0x0800217c                HAL_Init
 .text.HAL_InitTick
                0x080021c0       0x60 ./Drivers/STM32F4xx_HAL_Driver/Src/stm32f4xx_hal.o
                0x080021c0                HAL_InitTick
 .text.HAL_IncTick
                0x08002220       0x28 ./Drivers/STM32F4xx_HAL_Driver/Src/stm32f4xx_hal.o
                0x08002220                HAL_IncTick
 .text.HAL_GetTick
                0x08002248       0x18 ./Drivers/STM32F4xx_HAL_Driver/Src/stm32f4xx_hal.o
                0x08002248                HAL_GetTick
 .text.HAL_Delay
                0x08002260       0x48 ./Drivers/STM32F4xx_HAL_Driver/Src/stm32f4xx_hal.o
                0x08002260                HAL_Delay
 .text.__NVIC_SetPriorityGrouping
                0x080022a8       0x48 ./Drivers/STM32F4xx_HAL_Driver/Src/stm32f4xx_hal_cortex.o
 .text.__NVIC_GetPriorityGrouping
                0x080022f0       0x1c ./Drivers/STM32F4xx_HAL_Driver/Src/stm32f4xx_hal_cortex.o
 .text.__NVIC_SetPriority
                0x0800230c       0x54 ./Drivers/STM32F4xx_HAL_Driver/Src/stm32f4xx_hal_cortex.o
 .text.NVIC_EncodePriority
                0x08002360       0x66 ./Drivers/STM32F4xx_HAL_Driver/Src/stm32f4xx_hal_cortex.o
 *fill*         0x080023c6        0x2 
 .text.SysTick_Config
                0x080023c8       0x44 ./Drivers/STM32F4xx_HAL_Driver/Src/stm32f4xx_hal_cortex.o
 .text.HAL_NVIC_SetPriorityGrouping
                0x0800240c       0x16 ./Drivers/STM32F4xx_HAL_Driver/Src/stm32f4xx_hal_cortex.o
                0x0800240c                HAL_NVIC_SetPriorityGrouping
 .text.HAL_NVIC_SetPriority
                0x08002422       0x38 ./Drivers/STM32F4xx_HAL_Driver/Src/stm32f4xx_hal_cortex.o
                0x08002422                HAL_NVIC_SetPriority
 .text.HAL_SYSTICK_Config
                0x0800245a       0x18 ./Drivers/STM32F4xx_HAL_Driver/Src/stm32f4xx_hal_cortex.o
                0x0800245a                HAL_SYSTICK_Config
 *fill*         0x08002472        0x2 
 .text.HAL_GPIO_Init
                0x08002474      0x358 ./Drivers/STM32F4xx_HAL_Driver/Src/stm32f4xx_hal_gpio.o
                0x08002474                HAL_GPIO_Init
 .text.HAL_GPIO_DeInit
                0x080027cc      0x218 ./Drivers/STM32F4xx_HAL_Driver/Src/stm32f4xx_hal_gpio.o
                0x080027cc                HAL_GPIO_DeInit
 .text.HAL_GPIO_WritePin
                0x080029e4       0x32 ./Drivers/STM32F4xx_HAL_Driver/Src/stm32f4xx_hal_gpio.o
                0x080029e4                HAL_GPIO_WritePin
 *fill*         0x08002a16        0x2 
 .text.HAL_I2C_Init
                0x08002a18      0x288 ./Drivers/STM32F4xx_HAL_Driver/Src/stm32f4xx_hal_i2c.o
                0x08002a18                HAL_I2C_Init
 .text.HAL_I2C_Mem_Write
                0x08002ca0      0x1f4 ./Drivers/STM32F4xx_HAL_Driver/Src/stm32f4xx_hal_i2c.o
                0x08002ca0                HAL_I2C_Mem_Write
 .text.HAL_I2C_Mem_Read
                0x08002e94      0x464 ./Drivers/STM32F4xx_HAL_Driver/Src/stm32f4xx_hal_i2c.o
                0x08002e94                HAL_I2C_Mem_Read
 .text.I2C_RequestMemoryWrite
                0x080032f8      0x12c ./Drivers/STM32F4xx_HAL_Driver/Src/stm32f4xx_hal_i2c.o
 .text.I2C_RequestMemoryRead
                0x08003424      0x1d0 ./Drivers/STM32F4xx_HAL_Driver/Src/stm32f4xx_hal_i2c.o
 .text.I2C_WaitOnFlagUntilTimeout
                0x080035f4       0xf4 ./Drivers/STM32F4xx_HAL_Driver/Src/stm32f4xx_hal_i2c.o
 .text.I2C_WaitOnMasterAddressFlagUntilTimeout
                0x080036e8      0x140 ./Drivers/STM32F4xx_HAL_Driver/Src/stm32f4xx_hal_i2c.o
 .text.I2C_WaitOnTXEFlagUntilTimeout
                0x08003828       0x90 ./Drivers/STM32F4xx_HAL_Driver/Src/stm32f4xx_hal_i2c.o
 .text.I2C_WaitOnBTFFlagUntilTimeout
                0x080038b8       0x90 ./Drivers/STM32F4xx_HAL_Driver/Src/stm32f4xx_hal_i2c.o
 .text.I2C_WaitOnRXNEFlagUntilTimeout
                0x08003948       0xba ./Drivers/STM32F4xx_HAL_Driver/Src/stm32f4xx_hal_i2c.o
 .text.I2C_IsAcknowledgeFailed
                0x08003a02       0x5e ./Drivers/STM32F4xx_HAL_Driver/Src/stm32f4xx_hal_i2c.o
 .text.HAL_I2CEx_ConfigAnalogFilter
                0x08003a60       0x78 ./Drivers/STM32F4xx_HAL_Driver/Src/stm32f4xx_hal_i2c_ex.o
                0x08003a60                HAL_I2CEx_ConfigAnalogFilter
 .text.HAL_I2CEx_ConfigDigitalFilter
                0x08003ad8       0x7e ./Drivers/STM32F4xx_HAL_Driver/Src/stm32f4xx_hal_i2c_ex.o
                0x08003ad8                HAL_I2CEx_ConfigDigitalFilter
 *fill*         0x08003b56        0x2 
 .text.HAL_LTDC_Init
                0x08003b58      0x1a0 ./Drivers/STM32F4xx_HAL_Driver/Src/stm32f4xx_hal_ltdc.o
                0x08003b58                HAL_LTDC_Init
 .text.HAL_LTDC_ConfigLayer
                0x08003cf8       0x7c ./Drivers/STM32F4xx_HAL_Driver/Src/stm32f4xx_hal_ltdc.o
                0x08003cf8                HAL_LTDC_ConfigLayer
 .text.LTDC_SetConfig
                0x08003d74      0x32e ./Drivers/STM32F4xx_HAL_Driver/Src/stm32f4xx_hal_ltdc.o
 *fill*         0x080040a2        0x2 
 .text.HAL_RCC_OscConfig
                0x080040a4      0x4f0 ./Drivers/STM32F4xx_HAL_Driver/Src/stm32f4xx_hal_rcc.o
                0x080040a4                HAL_RCC_OscConfig
 .text.HAL_RCC_ClockConfig
                0x08004594      0x1cc ./Drivers/STM32F4xx_HAL_Driver/Src/stm32f4xx_hal_rcc.o
                0x08004594                HAL_RCC_ClockConfig
 .text.HAL_RCC_GetSysClockFreq
                0x08004760      0x20c ./Drivers/STM32F4xx_HAL_Driver/Src/stm32f4xx_hal_rcc.o
                0x08004760                HAL_RCC_GetSysClockFreq
 .text.HAL_RCC_GetHCLKFreq
                0x0800496c       0x18 ./Drivers/STM32F4xx_HAL_Driver/Src/stm32f4xx_hal_rcc.o
                0x0800496c                HAL_RCC_GetHCLKFreq
 .text.HAL_RCC_GetPCLK1Freq
                0x08004984       0x28 ./Drivers/STM32F4xx_HAL_Driver/Src/stm32f4xx_hal_rcc.o
                0x08004984                HAL_RCC_GetPCLK1Freq
 .text.HAL_RCCEx_PeriphCLKConfig
                0x080049ac      0x380 ./Drivers/STM32F4xx_HAL_Driver/Src/stm32f4xx_hal_rcc_ex.o
                0x080049ac                HAL_RCCEx_PeriphCLKConfig
 .text.HAL_RNG_Init
                0x08004d2c       0x54 ./Drivers/STM32F4xx_HAL_Driver/Src/stm32f4xx_hal_rng.o
                0x08004d2c                HAL_RNG_Init
 .text.HAL_SPI_Init
                0x08004d80      0x112 ./Drivers/STM32F4xx_HAL_Driver/Src/stm32f4xx_hal_spi.o
                0x08004d80                HAL_SPI_Init
 .text.HAL_SPI_DeInit
                0x08004e92       0x50 ./Drivers/STM32F4xx_HAL_Driver/Src/stm32f4xx_hal_spi.o
                0x08004e92                HAL_SPI_DeInit
 .text.HAL_SPI_Transmit
                0x08004ee2      0x288 ./Drivers/STM32F4xx_HAL_Driver/Src/stm32f4xx_hal_spi.o
                0x08004ee2                HAL_SPI_Transmit
 .text.HAL_SPI_GetState
                0x0800516a       0x1c ./Drivers/STM32F4xx_HAL_Driver/Src/stm32f4xx_hal_spi.o
                0x0800516a                HAL_SPI_GetState
 *fill*         0x08005186        0x2 
 .text.SPI_WaitFlagStateUntilTimeout
                0x08005188      0x110 ./Drivers/STM32F4xx_HAL_Driver/Src/stm32f4xx_hal_spi.o
 .text.SPI_EndRxTxTransaction
                0x08005298       0xa8 ./Drivers/STM32F4xx_HAL_Driver/Src/stm32f4xx_hal_spi.o
 .text.HAL_TIM_Base_Init
                0x08005340       0x9e ./Drivers/STM32F4xx_HAL_Driver/Src/stm32f4xx_hal_tim.o
                0x08005340                HAL_TIM_Base_Init
 .text.HAL_TIM_ConfigClockSource
                0x080053de      0x18e ./Drivers/STM32F4xx_HAL_Driver/Src/stm32f4xx_hal_tim.o
                0x080053de                HAL_TIM_ConfigClockSource
 .text.TIM_Base_SetConfig
                0x0800556c      0x158 ./Drivers/STM32F4xx_HAL_Driver/Src/stm32f4xx_hal_tim.o
                0x0800556c                TIM_Base_SetConfig
 .text.TIM_TI1_ConfigInputStage
                0x080056c4       0x5e ./Drivers/STM32F4xx_HAL_Driver/Src/stm32f4xx_hal_tim.o
 .text.TIM_TI2_ConfigInputStage
                0x08005722       0x60 ./Drivers/STM32F4xx_HAL_Driver/Src/stm32f4xx_hal_tim.o
 .text.TIM_ITRx_SetConfig
                0x08005782       0x36 ./Drivers/STM32F4xx_HAL_Driver/Src/stm32f4xx_hal_tim.o
 .text.TIM_ETR_SetConfig
                0x080057b8       0x40 ./Drivers/STM32F4xx_HAL_Driver/Src/stm32f4xx_hal_tim.o
                0x080057b8                TIM_ETR_SetConfig
 .text.HAL_TIMEx_MasterConfigSynchronization
                0x080057f8       0xf8 ./Drivers/STM32F4xx_HAL_Driver/Src/stm32f4xx_hal_tim_ex.o
                0x080057f8                HAL_TIMEx_MasterConfigSynchronization
 .text.memset   0x080058f0       0x10 /Applications/STM32CubeIDE.app/Contents/Eclipse/plugins/com.st.stm32cube.ide.mcu.externaltools.gnu-tools-for-stm32.13.3.rel1.macos64_1.0.0.202411102158/tools/bin/../lib/gcc/arm-none-eabi/13.3.1/../../../../arm-none-eabi/lib/thumb/v7e-m+fp/hard/libc_nano.a(libc_a-memset.o)
                0x080058f0                memset
 .text.__libc_init_array
                0x08005900       0x48 /Applications/STM32CubeIDE.app/Contents/Eclipse/plugins/com.st.stm32cube.ide.mcu.externaltools.gnu-tools-for-stm32.13.3.rel1.macos64_1.0.0.202411102158/tools/bin/../lib/gcc/arm-none-eabi/13.3.1/../../../../arm-none-eabi/lib/thumb/v7e-m+fp/hard/libc_nano.a(libc_a-init.o)
                0x08005900                __libc_init_array
 *(.glue_7)
 .glue_7        0x08005948        0x0 linker stubs
 *(.glue_7t)
 .glue_7t       0x08005948        0x0 linker stubs
 *(.eh_frame)
 .eh_frame      0x08005948        0x0 /Applications/STM32CubeIDE.app/Contents/Eclipse/plugins/com.st.stm32cube.ide.mcu.externaltools.gnu-tools-for-stm32.13.3.rel1.macos64_1.0.0.202411102158/tools/bin/../lib/gcc/arm-none-eabi/13.3.1/thumb/v7e-m+fp/hard/crtbegin.o
 *(.init)
 .init          0x08005948        0x4 /Applications/STM32CubeIDE.app/Contents/Eclipse/plugins/com.st.stm32cube.ide.mcu.externaltools.gnu-tools-for-stm32.13.3.rel1.macos64_1.0.0.202411102158/tools/bin/../lib/gcc/arm-none-eabi/13.3.1/thumb/v7e-m+fp/hard/crti.o
                0x08005948                _init
 .init          0x0800594c        0x8 /Applications/STM32CubeIDE.app/Contents/Eclipse/plugins/com.st.stm32cube.ide.mcu.externaltools.gnu-tools-for-stm32.13.3.rel1.macos64_1.0.0.202411102158/tools/bin/../lib/gcc/arm-none-eabi/13.3.1/thumb/v7e-m+fp/hard/crtn.o
 *(.fini)
 .fini          0x08005954        0x4 /Applications/STM32CubeIDE.app/Contents/Eclipse/plugins/com.st.stm32cube.ide.mcu.externaltools.gnu-tools-for-stm32.13.3.rel1.macos64_1.0.0.202411102158/tools/bin/../lib/gcc/arm-none-eabi/13.3.1/thumb/v7e-m+fp/hard/crti.o
                0x08005954                _fini
 .fini          0x08005958        0x8 /Applications/STM32CubeIDE.app/Contents/Eclipse/plugins/com.st.stm32cube.ide.mcu.externaltools.gnu-tools-for-stm32.13.3.rel1.macos64_1.0.0.202411102158/tools/bin/../lib/gcc/arm-none-eabi/13.3.1/thumb/v7e-m+fp/hard/crtn.o
                0x08005960                        . = ALIGN (0x4)
                0x08005960                        _etext = .

.vfp11_veneer   0x08005960        0x0
 .vfp11_veneer  0x08005960        0x0 linker stubs

.v4_bx          0x08005960        0x0
 .v4_bx         0x08005960        0x0 linker stubs

.iplt           0x08005960        0x0
 .iplt          0x08005960        0x0 /Applications/STM32CubeIDE.app/Contents/Eclipse/plugins/com.st.stm32cube.ide.mcu.externaltools.gnu-tools-for-stm32.13.3.rel1.macos64_1.0.0.202411102158/tools/bin/../lib/gcc/arm-none-eabi/13.3.1/thumb/v7e-m+fp/hard/crtbegin.o

.rodata         0x08005960     0x11e8
                0x08005960                        . = ALIGN (0x4)
 *(.rodata)
 *(.rodata*)
 .rodata.ASCII16x24_Table
                0x08005960     0x11d0 ./Core/Src/fonts.o
                0x08005960                ASCII16x24_Table
 .rodata.AHBPrescTable
                0x08006b30       0x10 ./Core/Src/system_stm32f4xx.o
                0x08006b30                AHBPrescTable
 .rodata.APBPrescTable
                0x08006b40        0x8 ./Core/Src/system_stm32f4xx.o
                0x08006b40                APBPrescTable
                0x08006b48                        . = ALIGN (0x4)

.ARM.extab      0x08006b48        0x0
                0x08006b48                        . = ALIGN (0x4)
 *(.ARM.extab* .gnu.linkonce.armextab.*)
                0x08006b48                        . = ALIGN (0x4)

.ARM            0x08006b48        0x8
                0x08006b48                        . = ALIGN (0x4)
                0x08006b48                        __exidx_start = .
 *(.ARM.exidx*)
 .ARM.exidx     0x08006b48        0x8 /Applications/STM32CubeIDE.app/Contents/Eclipse/plugins/com.st.stm32cube.ide.mcu.externaltools.gnu-tools-for-stm32.13.3.rel1.macos64_1.0.0.202411102158/tools/bin/../lib/gcc/arm-none-eabi/13.3.1/thumb/v7e-m+fp/hard/libgcc.a(_udivmoddi4.o)
                0x08006b50                        __exidx_end = .
                0x08006b50                        . = ALIGN (0x4)

.preinit_array  0x08006b50        0x0
                0x08006b50                        . = ALIGN (0x4)
                0x08006b50                        PROVIDE (__preinit_array_start = .)
 *(.preinit_array*)
                0x08006b50                        PROVIDE (__preinit_array_end = .)
                0x08006b50                        . = ALIGN (0x4)

.init_array     0x08006b50        0x4
                0x08006b50                        . = ALIGN (0x4)
                0x08006b50                        PROVIDE (__init_array_start = .)
 *(SORT_BY_NAME(.init_array.*))
 *(.init_array*)
 .init_array    0x08006b50        0x4 /Applications/STM32CubeIDE.app/Contents/Eclipse/plugins/com.st.stm32cube.ide.mcu.externaltools.gnu-tools-for-stm32.13.3.rel1.macos64_1.0.0.202411102158/tools/bin/../lib/gcc/arm-none-eabi/13.3.1/thumb/v7e-m+fp/hard/crtbegin.o
                0x08006b54                        PROVIDE (__init_array_end = .)
                0x08006b54                        . = ALIGN (0x4)

.fini_array     0x08006b54        0x4
                0x08006b54                        . = ALIGN (0x4)
                [!provide]                        PROVIDE (__fini_array_start = .)
 *(SORT_BY_NAME(.fini_array.*))
 *(.fini_array*)
 .fini_array    0x08006b54        0x4 /Applications/STM32CubeIDE.app/Contents/Eclipse/plugins/com.st.stm32cube.ide.mcu.externaltools.gnu-tools-for-stm32.13.3.rel1.macos64_1.0.0.202411102158/tools/bin/../lib/gcc/arm-none-eabi/13.3.1/thumb/v7e-m+fp/hard/crtbegin.o
                [!provide]                        PROVIDE (__fini_array_end = .)
                0x08006b58                        . = ALIGN (0x4)
                0x08006b58                        _sidata = LOADADDR (.data)

.rel.dyn        0x08006b58        0x0
 .rel.iplt      0x08006b58        0x0 /Applications/STM32CubeIDE.app/Contents/Eclipse/plugins/com.st.stm32cube.ide.mcu.externaltools.gnu-tools-for-stm32.13.3.rel1.macos64_1.0.0.202411102158/tools/bin/../lib/gcc/arm-none-eabi/13.3.1/thumb/v7e-m+fp/hard/crtbegin.o

.data           0x20000000       0x1c load address 0x08006b58
                0x20000000                        . = ALIGN (0x4)
                0x20000000                        _sdata = .
 *(.data)
 *(.data*)
 .data.CurrentTextColor
                0x20000000        0x2 ./Core/Src/LCD_Driver.o
 *fill*         0x20000002        0x2 
 .data.Font16x24
                0x20000004        0x8 ./Core/Src/fonts.o
                0x20000004                Font16x24
 .data.SpiTimeout
                0x2000000c        0x4 ./Core/Src/ili9341.o
                0x2000000c                SpiTimeout
 .data.SystemCoreClock
                0x20000010        0x4 ./Core/Src/system_stm32f4xx.o
                0x20000010                SystemCoreClock
 .data.uwTickPrio
                0x20000014        0x4 ./Drivers/STM32F4xx_HAL_Driver/Src/stm32f4xx_hal.o
                0x20000014                uwTickPrio
 .data.uwTickFreq
                0x20000018        0x1 ./Drivers/STM32F4xx_HAL_Driver/Src/stm32f4xx_hal.o
                0x20000018                uwTickFreq
 *(.RamFunc)
 *(.RamFunc*)
                0x2000001c                        . = ALIGN (0x4)
 *fill*         0x20000019        0x3 
                0x2000001c                        _edata = .
                0x08006b74                        _siccmram = LOADADDR (.ccmram)

.igot.plt       0x2000001c        0x0 load address 0x08006b74
 .igot.plt      0x2000001c        0x0 /Applications/STM32CubeIDE.app/Contents/Eclipse/plugins/com.st.stm32cube.ide.mcu.externaltools.gnu-tools-for-stm32.13.3.rel1.macos64_1.0.0.202411102158/tools/bin/../lib/gcc/arm-none-eabi/13.3.1/thumb/v7e-m+fp/hard/crtbegin.o

.ccmram         0x10000000        0x0 load address 0x08006b74
                0x10000000                        . = ALIGN (0x4)
                0x10000000                        _sccmram = .
 *(.ccmram)
 *(.ccmram*)
                0x10000000                        . = ALIGN (0x4)
                0x10000000                        _eccmram = .
                0x10000000                        . = ALIGN (0x4)

.bss            0x2000001c    0x25b64
                0x2000001c                        _sbss = .
                0x2000001c                        __bss_start__ = _sbss
 *(.bss)
 .bss           0x2000001c       0x1c /Applications/STM32CubeIDE.app/Contents/Eclipse/plugins/com.st.stm32cube.ide.mcu.externaltools.gnu-tools-for-stm32.13.3.rel1.macos64_1.0.0.202411102158/tools/bin/../lib/gcc/arm-none-eabi/13.3.1/thumb/v7e-m+fp/hard/crtbegin.o
 *(.bss*)
 .bss.StaticTouchData
                0x20000038        0x8 ./Core/Src/ApplicationCode.o
 .bss.hltdc     0x20000040       0xa8 ./Core/Src/LCD_Driver.o
 .bss.PeriphClkInitStruct
                0x200000e8       0x30 ./Core/Src/LCD_Driver.o
 .bss.LCD_Currentfonts
                0x20000118        0x4 ./Core/Src/LCD_Driver.o
 .bss.frameBuffer
                0x2000011c    0x25800 ./Core/Src/LCD_Driver.o
                0x2000011c                frameBuffer
 .bss.SpiHandle
                0x2002591c       0x58 ./Core/Src/ili9341.o
 .bss.Is_LCD_IO_Initialized
                0x20025974        0x1 ./Core/Src/ili9341.o
 *fill*         0x20025975        0x3 
 .bss.hi2c3     0x20025978       0x54 ./Core/Src/main.o
                0x20025978                hi2c3
 .bss.hltdc     0x200259cc       0xa8 ./Core/Src/main.o
                0x200259cc                hltdc
 .bss.hrng      0x20025a74       0x10 ./Core/Src/main.o
                0x20025a74                hrng
 .bss.hspi5     0x20025a84       0x58 ./Core/Src/main.o
                0x20025a84                hspi5
 .bss.htim2     0x20025adc       0x48 ./Core/Src/main.o
                0x20025adc                htim2
 .bss.hI2C3     0x20025b24       0x54 ./Core/Src/stmpe811.o
 .bss.HAL_status
                0x20025b78        0x1 ./Core/Src/stmpe811.o
 *fill*         0x20025b79        0x3 
 .bss.uwTick    0x20025b7c        0x4 ./Drivers/STM32F4xx_HAL_Driver/Src/stm32f4xx_hal.o
                0x20025b7c                uwTick
 *(COMMON)
                0x20025b80                        . = ALIGN (0x4)
                0x20025b80                        _ebss = .
                0x20025b80                        __bss_end__ = _ebss

._user_heap_stack
                0x20025b80      0x600
                0x20025b80                        . = ALIGN (0x8)
                [!provide]                        PROVIDE (end = .)
                0x20025b80                        PROVIDE (_end = .)
                0x20025d80                        . = (. + _Min_Heap_Size)
 *fill*         0x20025b80      0x200 
                0x20026180                        . = (. + _Min_Stack_Size)
 *fill*         0x20025d80      0x400 
                0x20026180                        . = ALIGN (0x8)

/DISCARD/
 libc.a(*)
 libm.a(*)
 libgcc.a(*)

.ARM.attributes
                0x00000000       0x30
 *(.ARM.attributes)
 .ARM.attributes
                0x00000000       0x22 /Applications/STM32CubeIDE.app/Contents/Eclipse/plugins/com.st.stm32cube.ide.mcu.externaltools.gnu-tools-for-stm32.13.3.rel1.macos64_1.0.0.202411102158/tools/bin/../lib/gcc/arm-none-eabi/13.3.1/thumb/v7e-m+fp/hard/crti.o
 .ARM.attributes
                0x00000022       0x34 /Applications/STM32CubeIDE.app/Contents/Eclipse/plugins/com.st.stm32cube.ide.mcu.externaltools.gnu-tools-for-stm32.13.3.rel1.macos64_1.0.0.202411102158/tools/bin/../lib/gcc/arm-none-eabi/13.3.1/thumb/v7e-m+fp/hard/crtbegin.o
 .ARM.attributes
                0x00000056       0x34 ./Core/Src/ApplicationCode.o
 .ARM.attributes
                0x0000008a       0x34 ./Core/Src/Game_Driver.o
 .ARM.attributes
                0x000000be       0x34 ./Core/Src/LCD_Driver.o
 .ARM.attributes
                0x000000f2       0x34 ./Core/Src/fonts.o
 .ARM.attributes
                0x00000126       0x34 ./Core/Src/ili9341.o
 .ARM.attributes
                0x0000015a       0x34 ./Core/Src/main.o
 .ARM.attributes
                0x0000018e       0x34 ./Core/Src/stm32f4xx_hal_msp.o
 .ARM.attributes
                0x000001c2       0x34 ./Core/Src/stm32f4xx_it.o
 .ARM.attributes
                0x000001f6       0x34 ./Core/Src/stmpe811.o
 .ARM.attributes
                0x0000022a       0x34 ./Core/Src/syscalls.o
 .ARM.attributes
                0x0000025e       0x34 ./Core/Src/system_stm32f4xx.o
 .ARM.attributes
                0x00000292       0x21 ./Core/Startup/startup_stm32f429zitx.o
 .ARM.attributes
                0x000002b3       0x34 ./Drivers/STM32F4xx_HAL_Driver/Src/stm32f4xx_hal.o
 .ARM.attributes
                0x000002e7       0x34 ./Drivers/STM32F4xx_HAL_Driver/Src/stm32f4xx_hal_cortex.o
 .ARM.attributes
                0x0000031b       0x34 ./Drivers/STM32F4xx_HAL_Driver/Src/stm32f4xx_hal_gpio.o
 .ARM.attributes
                0x0000034f       0x34 ./Drivers/STM32F4xx_HAL_Driver/Src/stm32f4xx_hal_i2c.o
 .ARM.attributes
                0x00000383       0x34 ./Drivers/STM32F4xx_HAL_Driver/Src/stm32f4xx_hal_i2c_ex.o
 .ARM.attributes
                0x000003b7       0x34 ./Drivers/STM32F4xx_HAL_Driver/Src/stm32f4xx_hal_ltdc.o
 .ARM.attributes
                0x000003eb       0x34 ./Drivers/STM32F4xx_HAL_Driver/Src/stm32f4xx_hal_rcc.o
 .ARM.attributes
                0x0000041f       0x34 ./Drivers/STM32F4xx_HAL_Driver/Src/stm32f4xx_hal_rcc_ex.o
 .ARM.attributes
                0x00000453       0x34 ./Drivers/STM32F4xx_HAL_Driver/Src/stm32f4xx_hal_rng.o
 .ARM.attributes
                0x00000487       0x34 ./Drivers/STM32F4xx_HAL_Driver/Src/stm32f4xx_hal_spi.o
 .ARM.attributes
                0x000004bb       0x34 ./Drivers/STM32F4xx_HAL_Driver/Src/stm32f4xx_hal_tim.o
 .ARM.attributes
                0x000004ef       0x34 ./Drivers/STM32F4xx_HAL_Driver/Src/stm32f4xx_hal_tim_ex.o
 .ARM.attributes
                0x00000523       0x34 /Applications/STM32CubeIDE.app/Contents/Eclipse/plugins/com.st.stm32cube.ide.mcu.externaltools.gnu-tools-for-stm32.13.3.rel1.macos64_1.0.0.202411102158/tools/bin/../lib/gcc/arm-none-eabi/13.3.1/../../../../arm-none-eabi/lib/thumb/v7e-m+fp/hard/libc_nano.a(libc_a-memset.o)
 .ARM.attributes
                0x00000557       0x34 /Applications/STM32CubeIDE.app/Contents/Eclipse/plugins/com.st.stm32cube.ide.mcu.externaltools.gnu-tools-for-stm32.13.3.rel1.macos64_1.0.0.202411102158/tools/bin/../lib/gcc/arm-none-eabi/13.3.1/../../../../arm-none-eabi/lib/thumb/v7e-m+fp/hard/libc_nano.a(libc_a-init.o)
 .ARM.attributes
                0x0000058b       0x22 /Applications/STM32CubeIDE.app/Contents/Eclipse/plugins/com.st.stm32cube.ide.mcu.externaltools.gnu-tools-for-stm32.13.3.rel1.macos64_1.0.0.202411102158/tools/bin/../lib/gcc/arm-none-eabi/13.3.1/thumb/v7e-m+fp/hard/libgcc.a(_aeabi_uldivmod.o)
 .ARM.attributes
                0x000005ad       0x34 /Applications/STM32CubeIDE.app/Contents/Eclipse/plugins/com.st.stm32cube.ide.mcu.externaltools.gnu-tools-for-stm32.13.3.rel1.macos64_1.0.0.202411102158/tools/bin/../lib/gcc/arm-none-eabi/13.3.1/thumb/v7e-m+fp/hard/libgcc.a(_udivmoddi4.o)
 .ARM.attributes
                0x000005e1       0x22 /Applications/STM32CubeIDE.app/Contents/Eclipse/plugins/com.st.stm32cube.ide.mcu.externaltools.gnu-tools-for-stm32.13.3.rel1.macos64_1.0.0.202411102158/tools/bin/../lib/gcc/arm-none-eabi/13.3.1/thumb/v7e-m+fp/hard/libgcc.a(_dvmd_tls.o)
 .ARM.attributes
                0x00000603       0x22 /Applications/STM32CubeIDE.app/Contents/Eclipse/plugins/com.st.stm32cube.ide.mcu.externaltools.gnu-tools-for-stm32.13.3.rel1.macos64_1.0.0.202411102158/tools/bin/../lib/gcc/arm-none-eabi/13.3.1/thumb/v7e-m+fp/hard/crtn.o
OUTPUT(ECEN2370_StarterCode_SP25.elf elf32-littlearm)
LOAD linker stubs
LOAD /Applications/STM32CubeIDE.app/Contents/Eclipse/plugins/com.st.stm32cube.ide.mcu.externaltools.gnu-tools-for-stm32.13.3.rel1.macos64_1.0.0.202411102158/tools/bin/../lib/gcc/arm-none-eabi/13.3.1/../../../../arm-none-eabi/lib/thumb/v7e-m+fp/hard/libc.a
LOAD /Applications/STM32CubeIDE.app/Contents/Eclipse/plugins/com.st.stm32cube.ide.mcu.externaltools.gnu-tools-for-stm32.13.3.rel1.macos64_1.0.0.202411102158/tools/bin/../lib/gcc/arm-none-eabi/13.3.1/../../../../arm-none-eabi/lib/thumb/v7e-m+fp/hard/libm.a
LOAD /Applications/STM32CubeIDE.app/Contents/Eclipse/plugins/com.st.stm32cube.ide.mcu.externaltools.gnu-tools-for-stm32.13.3.rel1.macos64_1.0.0.202411102158/tools/bin/../lib/gcc/arm-none-eabi/13.3.1/thumb/v7e-m+fp/hard/libgcc.a

.debug_info     0x00000000    0x12f55
 .debug_info    0x00000000      0x247 ./Core/Src/ApplicationCode.o
 .debug_info    0x00000247      0x3b6 ./Core/Src/Game_Driver.o
 .debug_info    0x000005fd      0xf71 ./Core/Src/LCD_Driver.o
 .debug_info    0x0000156e      0x145 ./Core/Src/fonts.o
 .debug_info    0x000016b3      0xc85 ./Core/Src/ili9341.o
 .debug_info    0x00002338     0x192f ./Core/Src/main.o
 .debug_info    0x00003c67     0x17b6 ./Core/Src/stm32f4xx_hal_msp.o
 .debug_info    0x0000541d      0x112 ./Core/Src/stm32f4xx_it.o
 .debug_info    0x0000552f      0xdd6 ./Core/Src/stmpe811.o
 .debug_info    0x00006305      0x6a3 ./Core/Src/syscalls.o
 .debug_info    0x000069a8      0x52e ./Core/Src/system_stm32f4xx.o
 .debug_info    0x00006ed6       0x30 ./Core/Startup/startup_stm32f429zitx.o
 .debug_info    0x00006f06      0x9ba ./Drivers/STM32F4xx_HAL_Driver/Src/stm32f4xx_hal.o
 .debug_info    0x000078c0      0xdc2 ./Drivers/STM32F4xx_HAL_Driver/Src/stm32f4xx_hal_cortex.o
 .debug_info    0x00008682      0x6db ./Drivers/STM32F4xx_HAL_Driver/Src/stm32f4xx_hal_gpio.o
 .debug_info    0x00008d5d     0x2421 ./Drivers/STM32F4xx_HAL_Driver/Src/stm32f4xx_hal_i2c.o
 .debug_info    0x0000b17e      0x672 ./Drivers/STM32F4xx_HAL_Driver/Src/stm32f4xx_hal_i2c_ex.o
 .debug_info    0x0000b7f0     0x1022 ./Drivers/STM32F4xx_HAL_Driver/Src/stm32f4xx_hal_ltdc.o
 .debug_info    0x0000c812      0x8c7 ./Drivers/STM32F4xx_HAL_Driver/Src/stm32f4xx_hal_rcc.o
 .debug_info    0x0000d0d9      0x64c ./Drivers/STM32F4xx_HAL_Driver/Src/stm32f4xx_hal_rcc_ex.o
 .debug_info    0x0000d725      0x493 ./Drivers/STM32F4xx_HAL_Driver/Src/stm32f4xx_hal_rng.o
 .debug_info    0x0000dbb8     0x1525 ./Drivers/STM32F4xx_HAL_Driver/Src/stm32f4xx_hal_spi.o
 .debug_info    0x0000f0dd     0x299d ./Drivers/STM32F4xx_HAL_Driver/Src/stm32f4xx_hal_tim.o
 .debug_info    0x00011a7a     0x14db ./Drivers/STM32F4xx_HAL_Driver/Src/stm32f4xx_hal_tim_ex.o

.debug_abbrev   0x00000000     0x2fc9
 .debug_abbrev  0x00000000      0x15c ./Core/Src/ApplicationCode.o
 .debug_abbrev  0x0000015c      0x1a5 ./Core/Src/Game_Driver.o
 .debug_abbrev  0x00000301      0x304 ./Core/Src/LCD_Driver.o
 .debug_abbrev  0x00000605       0xc6 ./Core/Src/fonts.o
 .debug_abbrev  0x000006cb      0x2c9 ./Core/Src/ili9341.o
 .debug_abbrev  0x00000994      0x2cd ./Core/Src/main.o
 .debug_abbrev  0x00000c61      0x25c ./Core/Src/stm32f4xx_hal_msp.o
 .debug_abbrev  0x00000ebd       0x73 ./Core/Src/stm32f4xx_it.o
 .debug_abbrev  0x00000f30      0x2c9 ./Core/Src/stmpe811.o
 .debug_abbrev  0x000011f9      0x1b6 ./Core/Src/syscalls.o
 .debug_abbrev  0x000013af      0x11a ./Core/Src/system_stm32f4xx.o
 .debug_abbrev  0x000014c9       0x24 ./Core/Startup/startup_stm32f429zitx.o
 .debug_abbrev  0x000014ed      0x214 ./Drivers/STM32F4xx_HAL_Driver/Src/stm32f4xx_hal.o
 .debug_abbrev  0x00001701      0x31d ./Drivers/STM32F4xx_HAL_Driver/Src/stm32f4xx_hal_cortex.o
 .debug_abbrev  0x00001a1e      0x1d4 ./Drivers/STM32F4xx_HAL_Driver/Src/stm32f4xx_hal_gpio.o
 .debug_abbrev  0x00001bf2      0x2ad ./Drivers/STM32F4xx_HAL_Driver/Src/stm32f4xx_hal_i2c.o
 .debug_abbrev  0x00001e9f      0x157 ./Drivers/STM32F4xx_HAL_Driver/Src/stm32f4xx_hal_i2c_ex.o
 .debug_abbrev  0x00001ff6      0x233 ./Drivers/STM32F4xx_HAL_Driver/Src/stm32f4xx_hal_ltdc.o
 .debug_abbrev  0x00002229      0x2b7 ./Drivers/STM32F4xx_HAL_Driver/Src/stm32f4xx_hal_rcc.o
 .debug_abbrev  0x000024e0      0x1b0 ./Drivers/STM32F4xx_HAL_Driver/Src/stm32f4xx_hal_rcc_ex.o
 .debug_abbrev  0x00002690      0x1c4 ./Drivers/STM32F4xx_HAL_Driver/Src/stm32f4xx_hal_rng.o
 .debug_abbrev  0x00002854      0x27a ./Drivers/STM32F4xx_HAL_Driver/Src/stm32f4xx_hal_spi.o
 .debug_abbrev  0x00002ace      0x278 ./Drivers/STM32F4xx_HAL_Driver/Src/stm32f4xx_hal_tim.o
 .debug_abbrev  0x00002d46      0x283 ./Drivers/STM32F4xx_HAL_Driver/Src/stm32f4xx_hal_tim_ex.o

.debug_aranges  0x00000000     0x13a8
 .debug_aranges
                0x00000000       0x30 ./Core/Src/ApplicationCode.o
 .debug_aranges
                0x00000030       0x50 ./Core/Src/Game_Driver.o
 .debug_aranges
                0x00000080       0xa8 ./Core/Src/LCD_Driver.o
 .debug_aranges
                0x00000128       0x18 ./Core/Src/fonts.o
 .debug_aranges
                0x00000140       0x98 ./Core/Src/ili9341.o
 .debug_aranges
                0x000001d8       0x60 ./Core/Src/main.o
 .debug_aranges
                0x00000238       0x70 ./Core/Src/stm32f4xx_hal_msp.o
 .debug_aranges
                0x000002a8       0x60 ./Core/Src/stm32f4xx_it.o
 .debug_aranges
                0x00000308       0x88 ./Core/Src/stmpe811.o
 .debug_aranges
                0x00000390       0xa8 ./Core/Src/syscalls.o
 .debug_aranges
                0x00000438       0x28 ./Core/Src/system_stm32f4xx.o
 .debug_aranges
                0x00000460       0x28 ./Core/Startup/startup_stm32f429zitx.o
 .debug_aranges
                0x00000488      0x100 ./Drivers/STM32F4xx_HAL_Driver/Src/stm32f4xx_hal.o
 .debug_aranges
                0x00000588      0x130 ./Drivers/STM32F4xx_HAL_Driver/Src/stm32f4xx_hal_cortex.o
 .debug_aranges
                0x000006b8       0x58 ./Drivers/STM32F4xx_HAL_Driver/Src/stm32f4xx_hal_gpio.o
 .debug_aranges
                0x00000710      0x2a8 ./Drivers/STM32F4xx_HAL_Driver/Src/stm32f4xx_hal_i2c.o
 .debug_aranges
                0x000009b8       0x28 ./Drivers/STM32F4xx_HAL_Driver/Src/stm32f4xx_hal_i2c_ex.o
 .debug_aranges
                0x000009e0      0x158 ./Drivers/STM32F4xx_HAL_Driver/Src/stm32f4xx_hal_ltdc.o
 .debug_aranges
                0x00000b38       0x88 ./Drivers/STM32F4xx_HAL_Driver/Src/stm32f4xx_hal_rcc.o
 .debug_aranges
                0x00000bc0       0x58 ./Drivers/STM32F4xx_HAL_Driver/Src/stm32f4xx_hal_rcc_ex.o
 .debug_aranges
                0x00000c18       0x88 ./Drivers/STM32F4xx_HAL_Driver/Src/stm32f4xx_hal_rng.o
 .debug_aranges
                0x00000ca0      0x1d0 ./Drivers/STM32F4xx_HAL_Driver/Src/stm32f4xx_hal_spi.o
 .debug_aranges
                0x00000e70      0x3d0 ./Drivers/STM32F4xx_HAL_Driver/Src/stm32f4xx_hal_tim.o
 .debug_aranges
                0x00001240      0x168 ./Drivers/STM32F4xx_HAL_Driver/Src/stm32f4xx_hal_tim_ex.o

.debug_rnglists
                0x00000000      0xf2a
 .debug_rnglists
                0x00000000       0x1f ./Core/Src/ApplicationCode.o
 .debug_rnglists
                0x0000001f       0x3a ./Core/Src/Game_Driver.o
 .debug_rnglists
                0x00000059       0x7e ./Core/Src/LCD_Driver.o
 .debug_rnglists
                0x000000d7       0x6f ./Core/Src/ili9341.o
 .debug_rnglists
                0x00000146       0x48 ./Core/Src/main.o
 .debug_rnglists
                0x0000018e       0x53 ./Core/Src/stm32f4xx_hal_msp.o
 .debug_rnglists
                0x000001e1       0x43 ./Core/Src/stm32f4xx_it.o
 .debug_rnglists
                0x00000224       0x67 ./Core/Src/stmpe811.o
 .debug_rnglists
                0x0000028b       0x79 ./Core/Src/syscalls.o
 .debug_rnglists
                0x00000304       0x1a ./Core/Src/system_stm32f4xx.o
 .debug_rnglists
                0x0000031e       0x19 ./Core/Startup/startup_stm32f429zitx.o
 .debug_rnglists
                0x00000337       0xbb ./Drivers/STM32F4xx_HAL_Driver/Src/stm32f4xx_hal.o
 .debug_rnglists
                0x000003f2       0xe0 ./Drivers/STM32F4xx_HAL_Driver/Src/stm32f4xx_hal_cortex.o
 .debug_rnglists
                0x000004d2       0x3f ./Drivers/STM32F4xx_HAL_Driver/Src/stm32f4xx_hal_gpio.o
 .debug_rnglists
                0x00000511      0x23c ./Drivers/STM32F4xx_HAL_Driver/Src/stm32f4xx_hal_i2c.o
 .debug_rnglists
                0x0000074d       0x19 ./Drivers/STM32F4xx_HAL_Driver/Src/stm32f4xx_hal_i2c_ex.o
 .debug_rnglists
                0x00000766      0x10a ./Drivers/STM32F4xx_HAL_Driver/Src/stm32f4xx_hal_ltdc.o
 .debug_rnglists
                0x00000870       0x66 ./Drivers/STM32F4xx_HAL_Driver/Src/stm32f4xx_hal_rcc.o
 .debug_rnglists
                0x000008d6       0x43 ./Drivers/STM32F4xx_HAL_Driver/Src/stm32f4xx_hal_rcc_ex.o
 .debug_rnglists
                0x00000919       0x63 ./Drivers/STM32F4xx_HAL_Driver/Src/stm32f4xx_hal_rng.o
 .debug_rnglists
                0x0000097c      0x16f ./Drivers/STM32F4xx_HAL_Driver/Src/stm32f4xx_hal_spi.o
 .debug_rnglists
                0x00000aeb      0x31a ./Drivers/STM32F4xx_HAL_Driver/Src/stm32f4xx_hal_tim.o
 .debug_rnglists
                0x00000e05      0x125 ./Drivers/STM32F4xx_HAL_Driver/Src/stm32f4xx_hal_tim_ex.o

.debug_macro    0x00000000    0x26ebe
 .debug_macro   0x00000000      0x336 ./Core/Src/ApplicationCode.o
 .debug_macro   0x00000336      0xad8 ./Core/Src/ApplicationCode.o
 .debug_macro   0x00000e0e      0x2ad ./Core/Src/ApplicationCode.o
 .debug_macro   0x000010bb       0x2e ./Core/Src/ApplicationCode.o
 .debug_macro   0x000010e9       0x28 ./Core/Src/ApplicationCode.o
 .debug_macro   0x00001111       0x22 ./Core/Src/ApplicationCode.o
 .debug_macro   0x00001133       0x8e ./Core/Src/ApplicationCode.o
 .debug_macro   0x000011c1       0x51 ./Core/Src/ApplicationCode.o
 .debug_macro   0x00001212      0x103 ./Core/Src/ApplicationCode.o
 .debug_macro   0x00001315       0x6a ./Core/Src/ApplicationCode.o
 .debug_macro   0x0000137f      0x1df ./Core/Src/ApplicationCode.o
 .debug_macro   0x0000155e       0x1c ./Core/Src/ApplicationCode.o
 .debug_macro   0x0000157a       0x22 ./Core/Src/ApplicationCode.o
 .debug_macro   0x0000159c       0xfb ./Core/Src/ApplicationCode.o
 .debug_macro   0x00001697     0x1011 ./Core/Src/ApplicationCode.o
 .debug_macro   0x000026a8      0x11f ./Core/Src/ApplicationCode.o
 .debug_macro   0x000027c7    0x17fd8 ./Core/Src/ApplicationCode.o
 .debug_macro   0x0001a79f       0x6d ./Core/Src/ApplicationCode.o
 .debug_macro   0x0001a80c     0x3711 ./Core/Src/ApplicationCode.o
 .debug_macro   0x0001df1d      0x190 ./Core/Src/ApplicationCode.o
 .debug_macro   0x0001e0ad       0x5c ./Core/Src/ApplicationCode.o
 .debug_macro   0x0001e109      0xcba ./Core/Src/ApplicationCode.o
 .debug_macro   0x0001edc3      0x9e9 ./Core/Src/ApplicationCode.o
 .debug_macro   0x0001f7ac      0x115 ./Core/Src/ApplicationCode.o
 .debug_macro   0x0001f8c1      0x156 ./Core/Src/ApplicationCode.o
 .debug_macro   0x0001fa17       0xa5 ./Core/Src/ApplicationCode.o
 .debug_macro   0x0001fabc      0x182 ./Core/Src/ApplicationCode.o
 .debug_macro   0x0001fc3e      0x287 ./Core/Src/ApplicationCode.o
 .debug_macro   0x0001fec5       0x5f ./Core/Src/ApplicationCode.o
 .debug_macro   0x0001ff24      0x236 ./Core/Src/ApplicationCode.o
 .debug_macro   0x0002015a      0x132 ./Core/Src/ApplicationCode.o
 .debug_macro   0x0002028c      0x41d ./Core/Src/ApplicationCode.o
 .debug_macro   0x000206a9       0x2e ./Core/Src/ApplicationCode.o
 .debug_macro   0x000206d7      0x1b5 ./Core/Src/ApplicationCode.o
 .debug_macro   0x0002088c       0x22 ./Core/Src/ApplicationCode.o
 .debug_macro   0x000208ae       0xd6 ./Core/Src/ApplicationCode.o
 .debug_macro   0x00020984      0x198 ./Core/Src/ApplicationCode.o
 .debug_macro   0x00020b1c       0xd6 ./Core/Src/ApplicationCode.o
 .debug_macro   0x00020bf2      0x127 ./Core/Src/ApplicationCode.o
 .debug_macro   0x00020d19       0xe2 ./Core/Src/ApplicationCode.o
 .debug_macro   0x00020dfb       0x89 ./Core/Src/ApplicationCode.o
 .debug_macro   0x00020e84       0xa4 ./Core/Src/ApplicationCode.o
 .debug_macro   0x00020f28      0x225 ./Core/Src/ApplicationCode.o
 .debug_macro   0x0002114d      0x8ed ./Core/Src/ApplicationCode.o
 .debug_macro   0x00021a3a       0x4d ./Core/Src/ApplicationCode.o
 .debug_macro   0x00021a87      0x134 ./Core/Src/ApplicationCode.o
 .debug_macro   0x00021bbb      0x332 ./Core/Src/ApplicationCode.o
 .debug_macro   0x00021eed       0x22 ./Core/Src/ApplicationCode.o
 .debug_macro   0x00021f0f      0x173 ./Core/Src/ApplicationCode.o
 .debug_macro   0x00022082       0x88 ./Core/Src/ApplicationCode.o
 .debug_macro   0x0002210a       0x61 ./Core/Src/ApplicationCode.o
 .debug_macro   0x0002216b       0x2a ./Core/Src/ApplicationCode.o
 .debug_macro   0x00022195       0x43 ./Core/Src/ApplicationCode.o
 .debug_macro   0x000221d8       0x34 ./Core/Src/ApplicationCode.o
 .debug_macro   0x0002220c       0x16 ./Core/Src/ApplicationCode.o
 .debug_macro   0x00022222       0x3c ./Core/Src/ApplicationCode.o
 .debug_macro   0x0002225e      0x370 ./Core/Src/ApplicationCode.o
 .debug_macro   0x000225ce       0x10 ./Core/Src/ApplicationCode.o
 .debug_macro   0x000225de       0x16 ./Core/Src/ApplicationCode.o
 .debug_macro   0x000225f4       0x4a ./Core/Src/ApplicationCode.o
 .debug_macro   0x0002263e       0x34 ./Core/Src/ApplicationCode.o
 .debug_macro   0x00022672       0x10 ./Core/Src/ApplicationCode.o
 .debug_macro   0x00022682       0x58 ./Core/Src/ApplicationCode.o
 .debug_macro   0x000226da       0x8e ./Core/Src/ApplicationCode.o
 .debug_macro   0x00022768       0x1c ./Core/Src/ApplicationCode.o
 .debug_macro   0x00022784      0x185 ./Core/Src/ApplicationCode.o
 .debug_macro   0x00022909       0x16 ./Core/Src/ApplicationCode.o
 .debug_macro   0x0002291f       0x16 ./Core/Src/ApplicationCode.o
 .debug_macro   0x00022935      0x146 ./Core/Src/ApplicationCode.o
 .debug_macro   0x00022a7b       0x10 ./Core/Src/ApplicationCode.o
 .debug_macro   0x00022a8b      0x360 ./Core/Src/Game_Driver.o
 .debug_macro   0x00022deb       0x5b ./Core/Src/Game_Driver.o
 .debug_macro   0x00022e46       0x94 ./Core/Src/Game_Driver.o
 .debug_macro   0x00022eda       0x57 ./Core/Src/Game_Driver.o
 .debug_macro   0x00022f31       0x9e ./Core/Src/Game_Driver.o
 .debug_macro   0x00022fcf      0x112 ./Core/Src/Game_Driver.o
 .debug_macro   0x000230e1       0x16 ./Core/Src/Game_Driver.o
 .debug_macro   0x000230f7       0x16 ./Core/Src/Game_Driver.o
 .debug_macro   0x0002310d       0x29 ./Core/Src/Game_Driver.o
 .debug_macro   0x00023136       0x56 ./Core/Src/Game_Driver.o
 .debug_macro   0x0002318c       0x16 ./Core/Src/Game_Driver.o
 .debug_macro   0x000231a2      0x245 ./Core/Src/LCD_Driver.o
 .debug_macro   0x000233e7       0x6d ./Core/Src/fonts.o
 .debug_macro   0x00023454      0x21a ./Core/Src/ili9341.o
 .debug_macro   0x0002366e      0x32c ./Core/Src/ili9341.o
 .debug_macro   0x0002399a      0x349 ./Core/Src/main.o
 .debug_macro   0x00023ce3      0x4c8 ./Core/Src/main.o
 .debug_macro   0x000241ab      0x21a ./Core/Src/stm32f4xx_hal_msp.o
 .debug_macro   0x000243c5      0x224 ./Core/Src/stm32f4xx_it.o
 .debug_macro   0x000245e9      0x235 ./Core/Src/stmpe811.o
 .debug_macro   0x0002481e      0x274 ./Core/Src/syscalls.o
 .debug_macro   0x00024a92       0x10 ./Core/Src/syscalls.o
 .debug_macro   0x00024aa2       0x10 ./Core/Src/syscalls.o
 .debug_macro   0x00024ab2       0x10 ./Core/Src/syscalls.o
 .debug_macro   0x00024ac2       0x10 ./Core/Src/syscalls.o
 .debug_macro   0x00024ad2       0x1c ./Core/Src/syscalls.o
 .debug_macro   0x00024aee       0x52 ./Core/Src/syscalls.o
 .debug_macro   0x00024b40       0x22 ./Core/Src/syscalls.o
 .debug_macro   0x00024b62       0x10 ./Core/Src/syscalls.o
 .debug_macro   0x00024b72       0x52 ./Core/Src/syscalls.o
 .debug_macro   0x00024bc4       0xcf ./Core/Src/syscalls.o
 .debug_macro   0x00024c93       0x1c ./Core/Src/syscalls.o
 .debug_macro   0x00024caf       0x3d ./Core/Src/syscalls.o
 .debug_macro   0x00024cec       0x35 ./Core/Src/syscalls.o
 .debug_macro   0x00024d21      0x12c ./Core/Src/syscalls.o
 .debug_macro   0x00024e4d       0x10 ./Core/Src/syscalls.o
 .debug_macro   0x00024e5d      0x242 ./Core/Src/syscalls.o
 .debug_macro   0x0002509f       0x1c ./Core/Src/syscalls.o
 .debug_macro   0x000250bb       0x10 ./Core/Src/syscalls.o
 .debug_macro   0x000250cb      0x18a ./Core/Src/syscalls.o
 .debug_macro   0x00025255       0x16 ./Core/Src/syscalls.o
 .debug_macro   0x0002526b       0xce ./Core/Src/syscalls.o
 .debug_macro   0x00025339      0x20b ./Core/Src/system_stm32f4xx.o
 .debug_macro   0x00025544      0x26b ./Drivers/STM32F4xx_HAL_Driver/Src/stm32f4xx_hal.o
 .debug_macro   0x000257af      0x20b ./Drivers/STM32F4xx_HAL_Driver/Src/stm32f4xx_hal_cortex.o
 .debug_macro   0x000259ba      0x211 ./Drivers/STM32F4xx_HAL_Driver/Src/stm32f4xx_hal_gpio.o
 .debug_macro   0x00025bcb      0x259 ./Drivers/STM32F4xx_HAL_Driver/Src/stm32f4xx_hal_i2c.o
 .debug_macro   0x00025e24      0x20b ./Drivers/STM32F4xx_HAL_Driver/Src/stm32f4xx_hal_i2c_ex.o
 .debug_macro   0x0002602f      0x213 ./Drivers/STM32F4xx_HAL_Driver/Src/stm32f4xx_hal_ltdc.o
 .debug_macro   0x00026242      0x22f ./Drivers/STM32F4xx_HAL_Driver/Src/stm32f4xx_hal_rcc.o
 .debug_macro   0x00026471      0x20b ./Drivers/STM32F4xx_HAL_Driver/Src/stm32f4xx_hal_rcc_ex.o
 .debug_macro   0x0002667c      0x211 ./Drivers/STM32F4xx_HAL_Driver/Src/stm32f4xx_hal_rng.o
 .debug_macro   0x0002688d      0x21a ./Drivers/STM32F4xx_HAL_Driver/Src/stm32f4xx_hal_spi.o
 .debug_macro   0x00026aa7      0x20c ./Drivers/STM32F4xx_HAL_Driver/Src/stm32f4xx_hal_tim.o
 .debug_macro   0x00026cb3      0x20b ./Drivers/STM32F4xx_HAL_Driver/Src/stm32f4xx_hal_tim_ex.o

.debug_line     0x00000000    0x173e6
 .debug_line    0x00000000      0x95a ./Core/Src/ApplicationCode.o
 .debug_line    0x0000095a      0xb23 ./Core/Src/Game_Driver.o
 .debug_line    0x0000147d      0xaf8 ./Core/Src/LCD_Driver.o
 .debug_line    0x00001f75      0x39f ./Core/Src/fonts.o
 .debug_line    0x00002314      0x99b ./Core/Src/ili9341.o
 .debug_line    0x00002caf      0xc6d ./Core/Src/main.o
 .debug_line    0x0000391c      0x959 ./Core/Src/stm32f4xx_hal_msp.o
 .debug_line    0x00004275      0x804 ./Core/Src/stm32f4xx_it.o
 .debug_line    0x00004a79      0xbc0 ./Core/Src/stmpe811.o
 .debug_line    0x00005639      0x845 ./Core/Src/syscalls.o
 .debug_line    0x00005e7e      0x7da ./Core/Src/system_stm32f4xx.o
 .debug_line    0x00006658       0x7a ./Core/Startup/startup_stm32f429zitx.o
 .debug_line    0x000066d2      0xa7d ./Drivers/STM32F4xx_HAL_Driver/Src/stm32f4xx_hal.o
 .debug_line    0x0000714f      0xd17 ./Drivers/STM32F4xx_HAL_Driver/Src/stm32f4xx_hal_cortex.o
 .debug_line    0x00007e66      0xbc7 ./Drivers/STM32F4xx_HAL_Driver/Src/stm32f4xx_hal_gpio.o
 .debug_line    0x00008a2d     0x3af9 ./Drivers/STM32F4xx_HAL_Driver/Src/stm32f4xx_hal_i2c.o
 .debug_line    0x0000c526      0x7d0 ./Drivers/STM32F4xx_HAL_Driver/Src/stm32f4xx_hal_i2c_ex.o
 .debug_line    0x0000ccf6     0x13f7 ./Drivers/STM32F4xx_HAL_Driver/Src/stm32f4xx_hal_ltdc.o
 .debug_line    0x0000e0ed      0xe56 ./Drivers/STM32F4xx_HAL_Driver/Src/stm32f4xx_hal_rcc.o
 .debug_line    0x0000ef43      0xc9f ./Drivers/STM32F4xx_HAL_Driver/Src/stm32f4xx_hal_rcc_ex.o
 .debug_line    0x0000fbe2      0x9bd ./Drivers/STM32F4xx_HAL_Driver/Src/stm32f4xx_hal_rng.o
 .debug_line    0x0001059f     0x1cdc ./Drivers/STM32F4xx_HAL_Driver/Src/stm32f4xx_hal_spi.o
 .debug_line    0x0001227b     0x37c4 ./Drivers/STM32F4xx_HAL_Driver/Src/stm32f4xx_hal_tim.o
 .debug_line    0x00015a3f     0x19a7 ./Drivers/STM32F4xx_HAL_Driver/Src/stm32f4xx_hal_tim_ex.o

.debug_str      0x00000000    0xe2a84
 .debug_str     0x00000000    0xe2a84 ./Core/Src/ApplicationCode.o
                              0xda738 (size before relaxing)
 .debug_str     0x000e2a84    0xda6ba ./Core/Src/Game_Driver.o
 .debug_str     0x000e2a84    0xd76de ./Core/Src/LCD_Driver.o
 .debug_str     0x000e2a84     0x3e3c ./Core/Src/fonts.o
 .debug_str     0x000e2a84    0xd6c90 ./Core/Src/ili9341.o
 .debug_str     0x000e2a84    0xdc62b ./Core/Src/main.o
 .debug_str     0x000e2a84    0xd7864 ./Core/Src/stm32f4xx_hal_msp.o
 .debug_str     0x000e2a84    0xd6880 ./Core/Src/stm32f4xx_it.o
 .debug_str     0x000e2a84    0xd692a ./Core/Src/stmpe811.o
 .debug_str     0x000e2a84     0x9a1f ./Core/Src/syscalls.o
 .debug_str     0x000e2a84    0xd5a82 ./Core/Src/system_stm32f4xx.o
 .debug_str     0x000e2a84       0xbf ./Core/Startup/startup_stm32f429zitx.o
 .debug_str     0x000e2a84    0xd66a5 ./Drivers/STM32F4xx_HAL_Driver/Src/stm32f4xx_hal.o
 .debug_str     0x000e2a84    0xd63d3 ./Drivers/STM32F4xx_HAL_Driver/Src/stm32f4xx_hal_cortex.o
 .debug_str     0x000e2a84    0xd5bfd ./Drivers/STM32F4xx_HAL_Driver/Src/stm32f4xx_hal_gpio.o
 .debug_str     0x000e2a84    0xd6a92 ./Drivers/STM32F4xx_HAL_Driver/Src/stm32f4xx_hal_i2c.o
 .debug_str     0x000e2a84    0xd5e51 ./Drivers/STM32F4xx_HAL_Driver/Src/stm32f4xx_hal_i2c_ex.o
 .debug_str     0x000e2a84    0xd60e6 ./Drivers/STM32F4xx_HAL_Driver/Src/stm32f4xx_hal_ltdc.o
 .debug_str     0x000e2a84    0xd5eb6 ./Drivers/STM32F4xx_HAL_Driver/Src/stm32f4xx_hal_rcc.o
 .debug_str     0x000e2a84    0xd5c7d ./Drivers/STM32F4xx_HAL_Driver/Src/stm32f4xx_hal_rcc_ex.o
 .debug_str     0x000e2a84    0xd5b6f ./Drivers/STM32F4xx_HAL_Driver/Src/stm32f4xx_hal_rng.o
 .debug_str     0x000e2a84    0xd632d ./Drivers/STM32F4xx_HAL_Driver/Src/stm32f4xx_hal_spi.o
 .debug_str     0x000e2a84    0xd6df9 ./Drivers/STM32F4xx_HAL_Driver/Src/stm32f4xx_hal_tim.o
 .debug_str     0x000e2a84    0xd6605 ./Drivers/STM32F4xx_HAL_Driver/Src/stm32f4xx_hal_tim_ex.o

.comment        0x00000000       0x43
 .comment       0x00000000       0x43 ./Core/Src/ApplicationCode.o
                                 0x44 (size before relaxing)
 .comment       0x00000043       0x44 ./Core/Src/Game_Driver.o
 .comment       0x00000043       0x44 ./Core/Src/LCD_Driver.o
 .comment       0x00000043       0x44 ./Core/Src/fonts.o
 .comment       0x00000043       0x44 ./Core/Src/ili9341.o
 .comment       0x00000043       0x44 ./Core/Src/main.o
 .comment       0x00000043       0x44 ./Core/Src/stm32f4xx_hal_msp.o
 .comment       0x00000043       0x44 ./Core/Src/stm32f4xx_it.o
 .comment       0x00000043       0x44 ./Core/Src/stmpe811.o
 .comment       0x00000043       0x44 ./Core/Src/syscalls.o
 .comment       0x00000043       0x44 ./Core/Src/system_stm32f4xx.o
 .comment       0x00000043       0x44 ./Drivers/STM32F4xx_HAL_Driver/Src/stm32f4xx_hal.o
 .comment       0x00000043       0x44 ./Drivers/STM32F4xx_HAL_Driver/Src/stm32f4xx_hal_cortex.o
 .comment       0x00000043       0x44 ./Drivers/STM32F4xx_HAL_Driver/Src/stm32f4xx_hal_gpio.o
 .comment       0x00000043       0x44 ./Drivers/STM32F4xx_HAL_Driver/Src/stm32f4xx_hal_i2c.o
 .comment       0x00000043       0x44 ./Drivers/STM32F4xx_HAL_Driver/Src/stm32f4xx_hal_i2c_ex.o
 .comment       0x00000043       0x44 ./Drivers/STM32F4xx_HAL_Driver/Src/stm32f4xx_hal_ltdc.o
 .comment       0x00000043       0x44 ./Drivers/STM32F4xx_HAL_Driver/Src/stm32f4xx_hal_rcc.o
 .comment       0x00000043       0x44 ./Drivers/STM32F4xx_HAL_Driver/Src/stm32f4xx_hal_rcc_ex.o
 .comment       0x00000043       0x44 ./Drivers/STM32F4xx_HAL_Driver/Src/stm32f4xx_hal_rng.o
 .comment       0x00000043       0x44 ./Drivers/STM32F4xx_HAL_Driver/Src/stm32f4xx_hal_spi.o
 .comment       0x00000043       0x44 ./Drivers/STM32F4xx_HAL_Driver/Src/stm32f4xx_hal_tim.o
 .comment       0x00000043       0x44 ./Drivers/STM32F4xx_HAL_Driver/Src/stm32f4xx_hal_tim_ex.o

.debug_frame    0x00000000     0x5248
 .debug_frame   0x00000000       0x64 ./Core/Src/ApplicationCode.o
 .debug_frame   0x00000064      0x118 ./Core/Src/Game_Driver.o
 .debug_frame   0x0000017c      0x28c ./Core/Src/LCD_Driver.o
 .debug_frame   0x00000408      0x228 ./Core/Src/ili9341.o
 .debug_frame   0x00000630      0x12c ./Core/Src/main.o
 .debug_frame   0x0000075c      0x1b0 ./Core/Src/stm32f4xx_hal_msp.o
 .debug_frame   0x0000090c      0x104 ./Core/Src/stm32f4xx_it.o
 .debug_frame   0x00000a10      0x204 ./Core/Src/stmpe811.o
 .debug_frame   0x00000c14      0x2ac ./Core/Src/syscalls.o
 .debug_frame   0x00000ec0       0x58 ./Core/Src/system_stm32f4xx.o
 .debug_frame   0x00000f18      0x3b4 ./Drivers/STM32F4xx_HAL_Driver/Src/stm32f4xx_hal.o
 .debug_frame   0x000012cc      0x508 ./Drivers/STM32F4xx_HAL_Driver/Src/stm32f4xx_hal_cortex.o
 .debug_frame   0x000017d4      0x14c ./Drivers/STM32F4xx_HAL_Driver/Src/stm32f4xx_hal_gpio.o
 .debug_frame   0x00001920      0xc84 ./Drivers/STM32F4xx_HAL_Driver/Src/stm32f4xx_hal_i2c.o
 .debug_frame   0x000025a4       0x60 ./Drivers/STM32F4xx_HAL_Driver/Src/stm32f4xx_hal_i2c_ex.o
 .debug_frame   0x00002604      0x61c ./Drivers/STM32F4xx_HAL_Driver/Src/stm32f4xx_hal_ltdc.o
 .debug_frame   0x00002c20      0x1f4 ./Drivers/STM32F4xx_HAL_Driver/Src/stm32f4xx_hal_rcc.o
 .debug_frame   0x00002e14      0x13c ./Drivers/STM32F4xx_HAL_Driver/Src/stm32f4xx_hal_rcc_ex.o
 .debug_frame   0x00002f50      0x22c ./Drivers/STM32F4xx_HAL_Driver/Src/stm32f4xx_hal_rng.o
 .debug_frame   0x0000317c      0x828 ./Drivers/STM32F4xx_HAL_Driver/Src/stm32f4xx_hal_spi.o
 .debug_frame   0x000039a4     0x11c0 ./Drivers/STM32F4xx_HAL_Driver/Src/stm32f4xx_hal_tim.o
 .debug_frame   0x00004b64      0x638 ./Drivers/STM32F4xx_HAL_Driver/Src/stm32f4xx_hal_tim_ex.o
 .debug_frame   0x0000519c       0x20 /Applications/STM32CubeIDE.app/Contents/Eclipse/plugins/com.st.stm32cube.ide.mcu.externaltools.gnu-tools-for-stm32.13.3.rel1.macos64_1.0.0.202411102158/tools/bin/../lib/gcc/arm-none-eabi/13.3.1/../../../../arm-none-eabi/lib/thumb/v7e-m+fp/hard/libc_nano.a(libc_a-memset.o)
 .debug_frame   0x000051bc       0x2c /Applications/STM32CubeIDE.app/Contents/Eclipse/plugins/com.st.stm32cube.ide.mcu.externaltools.gnu-tools-for-stm32.13.3.rel1.macos64_1.0.0.202411102158/tools/bin/../lib/gcc/arm-none-eabi/13.3.1/../../../../arm-none-eabi/lib/thumb/v7e-m+fp/hard/libc_nano.a(libc_a-init.o)
 .debug_frame   0x000051e8       0x2c /Applications/STM32CubeIDE.app/Contents/Eclipse/plugins/com.st.stm32cube.ide.mcu.externaltools.gnu-tools-for-stm32.13.3.rel1.macos64_1.0.0.202411102158/tools/bin/../lib/gcc/arm-none-eabi/13.3.1/thumb/v7e-m+fp/hard/libgcc.a(_aeabi_uldivmod.o)
 .debug_frame   0x00005214       0x34 /Applications/STM32CubeIDE.app/Contents/Eclipse/plugins/com.st.stm32cube.ide.mcu.externaltools.gnu-tools-for-stm32.13.3.rel1.macos64_1.0.0.202411102158/tools/bin/../lib/gcc/arm-none-eabi/13.3.1/thumb/v7e-m+fp/hard/libgcc.a(_udivmoddi4.o)

.debug_line_str
                0x00000000       0xa3
 .debug_line_str
                0x00000000       0xa3 ./Core/Startup/startup_stm32f429zitx.o
