Archive member included to satisfy reference by file (symbol)

/Applications/STM32CubeIDE.app/Contents/Eclipse/plugins/com.st.stm32cube.ide.mcu.externaltools.gnu-tools-for-stm32.13.3.rel1.macos64_1.0.0.202411102158/tools/bin/../lib/gcc/arm-none-eabi/13.3.1/../../../../arm-none-eabi/lib/thumb/v7e-m+fp/hard/libc_nano.a(libc_a-exit.o)
                              /Applications/STM32CubeIDE.app/Contents/Eclipse/plugins/com.st.stm32cube.ide.mcu.externaltools.gnu-tools-for-stm32.13.3.rel1.macos64_1.0.0.202411102158/tools/bin/../lib/gcc/arm-none-eabi/13.3.1/../../../../arm-none-eabi/lib/thumb/v7e-m+fp/hard/crt0.o (exit)
/Applications/STM32CubeIDE.app/Contents/Eclipse/plugins/com.st.stm32cube.ide.mcu.externaltools.gnu-tools-for-stm32.13.3.rel1.macos64_1.0.0.202411102158/tools/bin/../lib/gcc/arm-none-eabi/13.3.1/../../../../arm-none-eabi/lib/thumb/v7e-m+fp/hard/libc_nano.a(libc_a-findfp.o)
                              /Applications/STM32CubeIDE.app/Contents/Eclipse/plugins/com.st.stm32cube.ide.mcu.externaltools.gnu-tools-for-stm32.13.3.rel1.macos64_1.0.0.202411102158/tools/bin/../lib/gcc/arm-none-eabi/13.3.1/../../../../arm-none-eabi/lib/thumb/v7e-m+fp/hard/libc_nano.a(libc_a-exit.o) (__stdio_exit_handler)
/Applications/STM32CubeIDE.app/Contents/Eclipse/plugins/com.st.stm32cube.ide.mcu.externaltools.gnu-tools-for-stm32.13.3.rel1.macos64_1.0.0.202411102158/tools/bin/../lib/gcc/arm-none-eabi/13.3.1/../../../../arm-none-eabi/lib/thumb/v7e-m+fp/hard/libc_nano.a(libc_a-fwalk.o)
                              /Applications/STM32CubeIDE.app/Contents/Eclipse/plugins/com.st.stm32cube.ide.mcu.externaltools.gnu-tools-for-stm32.13.3.rel1.macos64_1.0.0.202411102158/tools/bin/../lib/gcc/arm-none-eabi/13.3.1/../../../../arm-none-eabi/lib/thumb/v7e-m+fp/hard/libc_nano.a(libc_a-findfp.o) (_fwalk_sglue)
/Applications/STM32CubeIDE.app/Contents/Eclipse/plugins/com.st.stm32cube.ide.mcu.externaltools.gnu-tools-for-stm32.13.3.rel1.macos64_1.0.0.202411102158/tools/bin/../lib/gcc/arm-none-eabi/13.3.1/../../../../arm-none-eabi/lib/thumb/v7e-m+fp/hard/libc_nano.a(libc_a-printf.o)
                              ./Core/Src/ApplicationCode.o (printf)
/Applications/STM32CubeIDE.app/Contents/Eclipse/plugins/com.st.stm32cube.ide.mcu.externaltools.gnu-tools-for-stm32.13.3.rel1.macos64_1.0.0.202411102158/tools/bin/../lib/gcc/arm-none-eabi/13.3.1/../../../../arm-none-eabi/lib/thumb/v7e-m+fp/hard/libc_nano.a(libc_a-putchar.o)
                              ./Core/Src/Game_Driver.o (putchar)
/Applications/STM32CubeIDE.app/Contents/Eclipse/plugins/com.st.stm32cube.ide.mcu.externaltools.gnu-tools-for-stm32.13.3.rel1.macos64_1.0.0.202411102158/tools/bin/../lib/gcc/arm-none-eabi/13.3.1/../../../../arm-none-eabi/lib/thumb/v7e-m+fp/hard/libc_nano.a(libc_a-puts.o)
                              ./Core/Src/ApplicationCode.o (puts)
/Applications/STM32CubeIDE.app/Contents/Eclipse/plugins/com.st.stm32cube.ide.mcu.externaltools.gnu-tools-for-stm32.13.3.rel1.macos64_1.0.0.202411102158/tools/bin/../lib/gcc/arm-none-eabi/13.3.1/../../../../arm-none-eabi/lib/thumb/v7e-m+fp/hard/libc_nano.a(libc_a-memset.o)
                              /Applications/STM32CubeIDE.app/Contents/Eclipse/plugins/com.st.stm32cube.ide.mcu.externaltools.gnu-tools-for-stm32.13.3.rel1.macos64_1.0.0.202411102158/tools/bin/../lib/gcc/arm-none-eabi/13.3.1/../../../../arm-none-eabi/lib/thumb/v7e-m+fp/hard/crt0.o (memset)
/Applications/STM32CubeIDE.app/Contents/Eclipse/plugins/com.st.stm32cube.ide.mcu.externaltools.gnu-tools-for-stm32.13.3.rel1.macos64_1.0.0.202411102158/tools/bin/../lib/gcc/arm-none-eabi/13.3.1/../../../../arm-none-eabi/lib/thumb/v7e-m+fp/hard/libc_nano.a(libc_a-errno.o)
                              ./Core/Src/syscalls.o (__errno)
/Applications/STM32CubeIDE.app/Contents/Eclipse/plugins/com.st.stm32cube.ide.mcu.externaltools.gnu-tools-for-stm32.13.3.rel1.macos64_1.0.0.202411102158/tools/bin/../lib/gcc/arm-none-eabi/13.3.1/../../../../arm-none-eabi/lib/thumb/v7e-m+fp/hard/libc_nano.a(libc_a-init.o)
                              /Applications/STM32CubeIDE.app/Contents/Eclipse/plugins/com.st.stm32cube.ide.mcu.externaltools.gnu-tools-for-stm32.13.3.rel1.macos64_1.0.0.202411102158/tools/bin/../lib/gcc/arm-none-eabi/13.3.1/../../../../arm-none-eabi/lib/thumb/v7e-m+fp/hard/crt0.o (__libc_init_array)
/Applications/STM32CubeIDE.app/Contents/Eclipse/plugins/com.st.stm32cube.ide.mcu.externaltools.gnu-tools-for-stm32.13.3.rel1.macos64_1.0.0.202411102158/tools/bin/../lib/gcc/arm-none-eabi/13.3.1/../../../../arm-none-eabi/lib/thumb/v7e-m+fp/hard/libc_nano.a(libc_a-lock.o)
                              /Applications/STM32CubeIDE.app/Contents/Eclipse/plugins/com.st.stm32cube.ide.mcu.externaltools.gnu-tools-for-stm32.13.3.rel1.macos64_1.0.0.202411102158/tools/bin/../lib/gcc/arm-none-eabi/13.3.1/../../../../arm-none-eabi/lib/thumb/v7e-m+fp/hard/libc_nano.a(libc_a-findfp.o) (__retarget_lock_init_recursive)
[...]
Memory Configuration

Name             Origin             Length             Attributes
CCMRAM           0x10000000         0x00010000         xrw
RAM              0x20000000         0x00030000         xrw
FLASH            0x08000000         0x00200000         xr
*default*        0x00000000         0xffffffff

Linker script and memory map

LOAD /Applications/STM32CubeIDE.app/Contents/Eclipse/plugins/com.st.stm32cube.ide.mcu.externaltools.gnu-tools-for-stm32.13.3.rel1.macos64_1.0.0.202411102158/tools/bin/../lib/gcc/arm-none-eabi/13.3.1/thumb/v7e-m+fp/hard/crti.o
LOAD /Applications/STM32CubeIDE.app/Contents/Eclipse/plugins/com.st.stm32cube.ide.mcu.externaltools.gnu-tools-for-stm32.13.3.rel1.macos64_1.0.0.202411102158/tools/bin/../lib/gcc/arm-none-eabi/13.3.1/thumb/v7e-m+fp/hard/crtbegin.o
LOAD /Applications/STM32CubeIDE.app/Contents/Eclipse/plugins/com.st.stm32cube.ide.mcu.externaltools.gnu-tools-for-stm32.13.3.rel1.macos64_1.0.0.202411102158/tools/bin/../lib/gcc/arm-none-eabi/13.3.1/../../../../arm-none-eabi/lib/thumb/v7e-m+fp/hard/crt0.o
LOAD ./Core/Src/ApplicationCode.o
LOAD ./Core/Src/ErrorHandling.o
LOAD ./Core/Src/Game_Driver.o
LOAD ./Core/Src/Gyro.o
LOAD ./Core/Src/LCD_Driver.o
LOAD ./Core/Src/Scheduler.o
LOAD ./Core/Src/fonts.o
LOAD ./Core/Src/ili9341.o
LOAD ./Core/Src/main.o
LOAD ./Core/Src/stm32f4xx_hal_msp.o
LOAD ./Core/Src/stm32f4xx_it.o
LOAD ./Core/Src/stmpe811.o
LOAD ./Core/Src/syscalls.o
LOAD ./Core/Src/sysmem.o
LOAD ./Core/Src/system_stm32f4xx.o
LOAD ./Core/Startup/startup_stm32f429zitx.o
LOAD ./Drivers/STM32F4xx_HAL_Driver/Src/stm32f4xx_hal.o
LOAD ./Drivers/STM32F4xx_HAL_Driver/Src/stm32f4xx_hal_cortex.o
LOAD ./Drivers/STM32F4xx_HAL_Driver/Src/stm32f4xx_hal_dma.o
LOAD ./Drivers/STM32F4xx_HAL_Driver/Src/stm32f4xx_hal_dma_ex.o
LOAD ./Drivers/STM32F4xx_HAL_Driver/Src/stm32f4xx_hal_dsi.o
LOAD ./Drivers/STM32F4xx_HAL_Driver/Src/stm32f4xx_hal_exti.o
LOAD ./Drivers/STM32F4xx_HAL_Driver/Src/stm32f4xx_hal_flash.o
LOAD ./Drivers/STM32F4xx_HAL_Driver/Src/stm32f4xx_hal_flash_ex.o
LOAD ./Drivers/STM32F4xx_HAL_Driver/Src/stm32f4xx_hal_flash_ramfunc.o
LOAD ./Drivers/STM32F4xx_HAL_Driver/Src/stm32f4xx_hal_gpio.o
LOAD ./Drivers/STM32F4xx_HAL_Driver/Src/stm32f4xx_hal_i2c.o
LOAD ./Drivers/STM32F4xx_HAL_Driver/Src/stm32f4xx_hal_i2c_ex.o
LOAD ./Drivers/STM32F4xx_HAL_Driver/Src/stm32f4xx_hal_ltdc.o
LOAD ./Drivers/STM32F4xx_HAL_Driver/Src/stm32f4xx_hal_ltdc_ex.o
LOAD ./Drivers/STM32F4xx_HAL_Driver/Src/stm32f4xx_hal_pwr.o
LOAD ./Drivers/STM32F4xx_HAL_Driver/Src/stm32f4xx_hal_pwr_ex.o
LOAD ./Drivers/STM32F4xx_HAL_Driver/Src/stm32f4xx_hal_rcc.o
LOAD ./Drivers/STM32F4xx_HAL_Driver/Src/stm32f4xx_hal_rcc_ex.o
LOAD ./Drivers/STM32F4xx_HAL_Driver/Src/stm32f4xx_hal_rng.o
LOAD ./Drivers/STM32F4xx_HAL_Driver/Src/stm32f4xx_hal_spi.o
LOAD ./Drivers/STM32F4xx_HAL_Driver/Src/stm32f4xx_hal_tim.o
LOAD ./Drivers/STM32F4xx_HAL_Driver/Src/stm32f4xx_hal_tim_ex.o
START GROUP
LOAD /Applications/STM32CubeIDE.app/Contents/Eclipse/plugins/com.st.stm32cube.ide.mcu.externaltools.gnu-tools-for-stm32.13.3.rel1.macos64_1.0.0.202411102158/tools/bin/../lib/gcc/arm-none-eabi/13.3.1/../../../../arm-none-eabi/lib/thumb/v7e-m+fp/hard/libc_nano.a
LOAD /Applications/STM32CubeIDE.app/Contents/Eclipse/plugins/com.st.stm32cube.ide.mcu.externaltools.gnu-tools-for-stm32.13.3.rel1.macos64_1.0.0.202411102158/tools/bin/../lib/gcc/arm-none-eabi/13.3.1/../../../../arm-none-eabi/lib/thumb/v7e-m+fp/hard/libm.a
END GROUP
START GROUP
LOAD /Applications/STM32CubeIDE.app/Contents/Eclipse/plugins/com.st.stm32cube.ide.mcu.externaltools.gnu-tools-for-stm32.13.3.rel1.macos64_1.0.0.202411102158/tools/bin/../lib/gcc/arm-none-eabi/13.3.1/thumb/v7e-m+fp/hard/libgcc.a
LOAD /Applications/STM32CubeIDE.app/Contents/Eclipse/plugins/com.st.stm32cube.ide.mcu.externaltools.gnu-tools-for-stm32.13.3.rel1.macos64_1.0.0.202411102158/tools/bin/../lib/gcc/arm-none-eabi/13.3.1/../../../../arm-none-eabi/lib/thumb/v7e-m+fp/hard/libc_nano.a
END GROUP
START GROUP
LOAD /Applications/STM32CubeIDE.app/Contents/Eclipse/plugins/com.st.stm32cube.ide.mcu.externaltools.gnu-tools-for-stm32.13.3.rel1.macos64_1.0.0.202411102158/tools/bin/../lib/gcc/arm-none-eabi/13.3.1/thumb/v7e-m+fp/hard/libgcc.a
LOAD /Applications/STM32CubeIDE.app/Contents/Eclipse/plugins/com.st.stm32cube.ide.mcu.externaltools.gnu-tools-for-stm32.13.3.rel1.macos64_1.0.0.202411102158/tools/bin/../lib/gcc/arm-none-eabi/13.3.1/../../../../arm-none-eabi/lib/thumb/v7e-m+fp/hard/libc_nano.a
LOAD /Applications/STM32CubeIDE.app/Contents/Eclipse/plugins/com.st.stm32cube.ide.mcu.externaltools.gnu-tools-for-stm32.13.3.rel1.macos64_1.0.0.202411102158/tools/bin/../lib/gcc/arm-none-eabi/13.3.1/../../../../arm-none-eabi/lib/thumb/v7e-m+fp/hard/libnosys.a
END GROUP
START GROUP
LOAD /Applications/STM32CubeIDE.app/Contents/Eclipse/plugins/com.st.stm32cube.ide.mcu.externaltools.gnu-tools-for-stm32.13.3.rel1.macos64_1.0.0.202411102158/tools/bin/../lib/gcc/arm-none-eabi/13.3.1/thumb/v7e-m+fp/hard/libgcc.a
LOAD /Applications/STM32CubeIDE.app/Contents/Eclipse/plugins/com.st.stm32cube.ide.mcu.externaltools.gnu-tools-for-stm32.13.3.rel1.macos64_1.0.0.202411102158/tools/bin/../lib/gcc/arm-none-eabi/13.3.1/../../../../arm-none-eabi/lib/thumb/v7e-m+fp/hard/libc_nano.a
LOAD /Applications/STM32CubeIDE.app/Contents/Eclipse/plugins/com.st.stm32cube.ide.mcu.externaltools.gnu-tools-for-stm32.13.3.rel1.macos64_1.0.0.202411102158/tools/bin/../lib/gcc/arm-none-eabi/13.3.1/../../../../arm-none-eabi/lib/thumb/v7e-m+fp/hard/libnosys.a
END GROUP
LOAD /Applications/STM32CubeIDE.app/Contents/Eclipse/plugins/com.st.stm32cube.ide.mcu.externaltools.gnu-tools-for-stm32.13.3.rel1.macos64_1.0.0.202411102158/tools/bin/../lib/gcc/arm-none-eabi/13.3.1/thumb/v7e-m+fp/hard/crtend.o
LOAD /Applications/STM32CubeIDE.app/Contents/Eclipse/plugins/com.st.stm32cube.ide.mcu.externaltools.gnu-tools-for-stm32.13.3.rel1.macos64_1.0.0.202411102158/tools/bin/../lib/gcc/arm-none-eabi/13.3.1/thumb/v7e-m+fp/hard/crtn.o
                0x20030000                        _estack = (ORIGIN (RAM) + LENGTH (RAM))
                0x00000200                        _Min_Heap_Size = 0x200
                0x00000400                        _Min_Stack_Size = 0x400

.isr_vector     0x08000000      0x1ac
                0x08000000                        . = ALIGN (0x4)
 *(.isr_vector)
 .isr_vector    0x08000000      0x1ac ./Core/Startup/startup_stm32f429zitx.o
                0x08000000                g_pfnVectors
                0x080001ac                        . = ALIGN (0x4)

.text           0x080001b0     0x6d70
                0x080001b0                        . = ALIGN (0x4)
 *(.text)
 .text          0x080001b0       0x40 /Applications/STM32CubeIDE.app/Contents/Eclipse/plugins/com.st.stm32cube.ide.mcu.externaltools.gnu-tools-for-stm32.13.3.rel1.macos64_1.0.0.202411102158/tools/bin/../lib/gcc/arm-none-eabi/13.3.1/thumb/v7e-m+fp/hard/crtbegin.o
 .text          0x080001f0       0xa0 /Applications/STM32CubeIDE.app/Contents/Eclipse/plugins/com.st.stm32cube.ide.mcu.externaltools.gnu-tools-for-stm32.13.3.rel1.macos64_1.0.0.202411102158/tools/bin/../lib/gcc/arm-none-eabi/13.3.1/../../../../arm-none-eabi/lib/thumb/v7e-m+fp/hard/libc_nano.a(libc_a-memchr.o)
                0x080001f0                memchr
 .text          0x08000290       0x30 /Applications/STM32CubeIDE.app/Contents/Eclipse/plugins/com.st.stm32cube.ide.mcu.externaltools.gnu-tools-for-stm32.13.3.rel1.macos64_1.0.0.202411102158/tools/bin/../lib/gcc/arm-none-eabi/13.3.1/thumb/v7e-m+fp/hard/libgcc.a(_aeabi_uldivmod.o)
                0x08000290                __aeabi_uldivmod
 .text          0x080002c0      0x2f8 /Applications/STM32CubeIDE.app/Contents/Eclipse/plugins/com.st.stm32cube.ide.mcu.externaltools.gnu-tools-for-stm32.13.3.rel1.macos64_1.0.0.202411102158/tools/bin/../lib/gcc/arm-none-eabi/13.3.1/thumb/v7e-m+fp/hard/libgcc.a(_udivmoddi4.o)
                0x080002c0                __udivmoddi4
 .text          0x080005b8        0x4 /Applications/STM32CubeIDE.app/Contents/Eclipse/plugins/com.st.stm32cube.ide.mcu.externaltools.gnu-tools-for-stm32.13.3.rel1.macos64_1.0.0.202411102158/tools/bin/../lib/gcc/arm-none-eabi/13.3.1/thumb/v7e-m+fp/hard/libgcc.a(_dvmd_tls.o)
                0x080005b8                __aeabi_ldiv0
                0x080005b8                __aeabi_idiv0
 *(.text*)
 .text.ApplicationInit
                0x080005bc       0x30 ./Core/Src/ApplicationCode.o
                0x080005bc                ApplicationInit
 .text.LCD_Visual_Demo
                0x080005ec        0xc ./Core/Src/ApplicationCode.o
                0x080005ec                LCD_Visual_Demo
 .text.LCD_Touch_Polling_Demo
                0x080005f8       0x58 ./Core/Src/ApplicationCode.o
                0x080005f8                LCD_Touch_Polling_Demo
 .text.firstScreen
                0x08000650       0x58 ./Core/Src/Game_Driver.o
                0x08000650                firstScreen
 .text.LCD_GPIO_Init
                0x080006a8      0x190 ./Core/Src/LCD_Driver.o
                0x080006a8                LCD_GPIO_Init
 .text.LTCD_Layer_Init
                0x08000838       0x80 ./Core/Src/LCD_Driver.o
                0x08000838                LTCD_Layer_Init
 .text.LTCD__Init
                0x080008b8       0xbc ./Core/Src/LCD_Driver.o
                0x080008b8                LTCD__Init
 .text.LCD_Draw_Pixel
                0x08000974       0x3c ./Core/Src/LCD_Driver.o
                0x08000974                LCD_Draw_Pixel
 .text.LCD_Draw_Circle_Fill
                0x080009b0       0xa6 ./Core/Src/LCD_Driver.o
                0x080009b0                LCD_Draw_Circle_Fill
 .text.LCD_Draw_Vertical_Line
                0x08000a56       0x4e ./Core/Src/LCD_Driver.o
                0x08000a56                LCD_Draw_Vertical_Line
 .text.LCD_Clear
                0x08000aa4       0x44 ./Core/Src/LCD_Driver.o
                0x08000aa4                LCD_Clear
 .text.LCD_SetTextColor
                0x08000ae8       0x20 ./Core/Src/LCD_Driver.o
                0x08000ae8                LCD_SetTextColor
 .text.LCD_SetFont
                0x08000b08       0x20 ./Core/Src/LCD_Driver.o
                0x08000b08                LCD_SetFont
 .text.LCD_Draw_Char
                0x08000b28       0xdc ./Core/Src/LCD_Driver.o
                0x08000b28                LCD_Draw_Char
 .text.LCD_DisplayChar
                0x08000c04       0x44 ./Core/Src/LCD_Driver.o
                0x08000c04                LCD_DisplayChar
 .text.visualDemo
                0x08000c48      0x158 ./Core/Src/LCD_Driver.o
                0x08000c48                visualDemo
 .text.LCD_Error_Handler
                0x08000da0        0xc ./Core/Src/LCD_Driver.o
                0x08000da0                LCD_Error_Handler
 .text.InitializeLCDTouch
                0x08000dac       0x16 ./Core/Src/LCD_Driver.o
                0x08000dac                InitializeLCDTouch
 .text.returnTouchStateAndLocation
                0x08000dc2       0x18 ./Core/Src/LCD_Driver.o
                0x08000dc2                returnTouchStateAndLocation
 .text.ili9341_Init
                0x08000dda      0x294 ./Core/Src/ili9341.o
                0x08000dda                ili9341_Init
 .text.ili9341_Write_Reg
                0x0800106e       0x1a ./Core/Src/ili9341.o
                0x0800106e                ili9341_Write_Reg
 .text.ili9341_Send_Data
                0x08001088       0x1a ./Core/Src/ili9341.o
                0x08001088                ili9341_Send_Data
 *fill*         0x080010a2        0x2 
 .text.SPI_Init
                0x080010a4       0x74 ./Core/Src/ili9341.o
 .text.SPI_Write
                0x08001118       0x3c ./Core/Src/ili9341.o
 .text.SPI_Error
                0x08001154       0x18 ./Core/Src/ili9341.o
 .text.SPI_MspInit
                0x0800116c       0x74 ./Core/Src/ili9341.o
 .text.LCD_IO_Init
                0x080011e0       0xf0 ./Core/Src/ili9341.o
                0x080011e0                LCD_IO_Init
 .text.LCD_IO_WriteData
                0x080012d0       0x44 ./Core/Src/ili9341.o
                0x080012d0                LCD_IO_WriteData
 .text.LCD_IO_WriteReg
                0x08001314       0x44 ./Core/Src/ili9341.o
                0x08001314                LCD_IO_WriteReg
 .text.LCD_Delay
                0x08001358       0x16 ./Core/Src/ili9341.o
                0x08001358                LCD_Delay
 .text.main     0x0800136e       0x40 ./Core/Src/main.o
                0x0800136e                main
 *fill*         0x080013ae        0x2 
 .text.SystemClock_Config
                0x080013b0       0xd4 ./Core/Src/main.o
                0x080013b0                SystemClock_Config
 .text.MX_I2C3_Init
                0x08001484       0x80 ./Core/Src/main.o
 .text.MX_LTDC_Init
                0x08001504      0x164 ./Core/Src/main.o
 .text.MX_RNG_Init
                0x08001668       0x28 ./Core/Src/main.o
 .text.MX_SPI5_Init
                0x08001690       0x6c ./Core/Src/main.o
 .text.MX_TIM2_Init
                0x080016fc       0x98 ./Core/Src/main.o
 .text.MX_GPIO_Init
                0x08001794      0x35c ./Core/Src/main.o
 .text.Error_Handler
                0x08001af0        0xc ./Core/Src/main.o
                0x08001af0                Error_Handler
 .text.HAL_MspInit
                0x08001afc       0x50 ./Core/Src/stm32f4xx_hal_msp.o
                0x08001afc                HAL_MspInit
 .text.HAL_I2C_MspInit
                0x08001b4c       0xd4 ./Core/Src/stm32f4xx_hal_msp.o
                0x08001b4c                HAL_I2C_MspInit
 .text.HAL_LTDC_MspInit
                0x08001c20      0x250 ./Core/Src/stm32f4xx_hal_msp.o
                0x08001c20                HAL_LTDC_MspInit
 .text.HAL_RNG_MspInit
                0x08001e70       0x44 ./Core/Src/stm32f4xx_hal_msp.o
                0x08001e70                HAL_RNG_MspInit
 .text.HAL_SPI_MspInit
                0x08001eb4       0x90 ./Core/Src/stm32f4xx_hal_msp.o
                0x08001eb4                HAL_SPI_MspInit
 .text.HAL_SPI_MspDeInit
                0x08001f44       0x3c ./Core/Src/stm32f4xx_hal_msp.o
                0x08001f44                HAL_SPI_MspDeInit
 .text.HAL_TIM_Base_MspInit
                0x08001f80       0x40 ./Core/Src/stm32f4xx_hal_msp.o
                0x08001f80                HAL_TIM_Base_MspInit
 .text.NMI_Handler
                0x08001fc0        0x8 ./Core/Src/stm32f4xx_it.o
                0x08001fc0                NMI_Handler
 .text.HardFault_Handler
                0x08001fc8        0x8 ./Core/Src/stm32f4xx_it.o
                0x08001fc8                HardFault_Handler
 .text.MemManage_Handler
                0x08001fd0        0x8 ./Core/Src/stm32f4xx_it.o
                0x08001fd0                MemManage_Handler
 .text.BusFault_Handler
                0x08001fd8        0x8 ./Core/Src/stm32f4xx_it.o
                0x08001fd8                BusFault_Handler
 .text.UsageFault_Handler
                0x08001fe0        0x8 ./Core/Src/stm32f4xx_it.o
                0x08001fe0                UsageFault_Handler
 .text.SVC_Handler
                0x08001fe8        0xe ./Core/Src/stm32f4xx_it.o
                0x08001fe8                SVC_Handler
 .text.DebugMon_Handler
                0x08001ff6        0xe ./Core/Src/stm32f4xx_it.o
                0x08001ff6                DebugMon_Handler
 .text.PendSV_Handler
                0x08002004        0xe ./Core/Src/stm32f4xx_it.o
                0x08002004                PendSV_Handler
 .text.SysTick_Handler
                0x08002012        0xc ./Core/Src/stm32f4xx_it.o
                0x08002012                SysTick_Handler
 .text.STMPE811_Init
                0x0800201e      0x14e ./Core/Src/stmpe811.o
                0x0800201e                STMPE811_Init
 .text.STMPE811_Read
                0x0800216c       0x22 ./Core/Src/stmpe811.o
                0x0800216c                STMPE811_Read
 .text.STMPE811_ReadTouch
                0x0800218e      0x198 ./Core/Src/stmpe811.o
                0x0800218e                STMPE811_ReadTouch
 *fill*         0x08002326        0x2 
 .text.verifyHAL_I2C_IS_OKAY
                0x08002328       0x20 ./Core/Src/stmpe811.o
                0x08002328                verifyHAL_I2C_IS_OKAY
 .text.I2C3_Init
                0x08002348       0x7c ./Core/Src/stmpe811.o
 .text.I2C3_MspInit
                0x080023c4       0xa8 ./Core/Src/stmpe811.o
 .text.I2C3_Write
                0x0800246c       0x54 ./Core/Src/stmpe811.o
                0x0800246c                I2C3_Write
 .text.I2C3_Read
                0x080024c0       0x4c ./Core/Src/stmpe811.o
                0x080024c0                I2C3_Read
 .text.I2C3_MulitByteRead
                0x0800250c       0x44 ./Core/Src/stmpe811.o
                0x0800250c                I2C3_MulitByteRead
 .text.TM_STMPE811_ReadX
                0x08002550       0xc0 ./Core/Src/stmpe811.o
                0x08002550                TM_STMPE811_ReadX
 .text.TM_STMPE811_ReadY
                0x08002610       0xa4 ./Core/Src/stmpe811.o
                0x08002610                TM_STMPE811_ReadY
 .text.initialise_monitor_handles
                0x080026b4        0xe ./Core/Src/syscalls.o
                0x080026b4                initialise_monitor_handles
 .text._read    0x080026c2       0x3a ./Core/Src/syscalls.o
                0x080026c2                _read
 .text._write   0x080026fc       0x38 ./Core/Src/syscalls.o
                0x080026fc                _write
 .text._close   0x08002734       0x18 ./Core/Src/syscalls.o
                0x08002734                _close
 .text._fstat   0x0800274c       0x20 ./Core/Src/syscalls.o
                0x0800274c                _fstat
 .text._isatty  0x0800276c       0x16 ./Core/Src/syscalls.o
                0x0800276c                _isatty
 .text._lseek   0x08002782       0x1a ./Core/Src/syscalls.o
                0x08002782                _lseek
 .text._sbrk    0x0800279c       0x6c ./Core/Src/sysmem.o
                0x0800279c                _sbrk
 .text.SystemInit
                0x08002808       0x24 ./Core/Src/system_stm32f4xx.o
                0x08002808                SystemInit
 .text.Reset_Handler
                0x0800282c       0x50 ./Core/Startup/startup_stm32f429zitx.o
                0x0800282c                Reset_Handler
 .text.Default_Handler
                0x0800287c        0x2 ./Core/Startup/startup_stm32f429zitx.o
                0x0800287c                DMA1_Stream3_IRQHandler
                0x0800287c                HASH_RNG_IRQHandler
                0x0800287c                EXTI2_IRQHandler
                0x0800287c                TIM8_CC_IRQHandler
                0x0800287c                UART8_IRQHandler
                0x0800287c                SPI4_IRQHandler
                0x0800287c                TIM1_CC_IRQHandler
                0x0800287c                DMA2_Stream5_IRQHandler
                0x0800287c                DMA1_Stream5_IRQHandler
                0x0800287c                PVD_IRQHandler
                0x0800287c                SDIO_IRQHandler
                0x0800287c                TAMP_STAMP_IRQHandler
                0x0800287c                CAN2_RX1_IRQHandler
                0x0800287c                EXTI3_IRQHandler
                0x0800287c                TIM8_TRG_COM_TIM14_IRQHandler
                0x0800287c                TIM1_UP_TIM10_IRQHandler
                0x0800287c                TIM8_UP_TIM13_IRQHandler
                0x0800287c                I2C3_ER_IRQHandler
                0x0800287c                EXTI0_IRQHandler
                0x0800287c                I2C2_EV_IRQHandler
                0x0800287c                DMA1_Stream2_IRQHandler
                0x0800287c                CAN1_RX0_IRQHandler
                0x0800287c                FPU_IRQHandler
                0x0800287c                OTG_HS_WKUP_IRQHandler
                0x0800287c                LTDC_ER_IRQHandler
                0x0800287c                CAN2_SCE_IRQHandler
                0x0800287c                DMA2_Stream2_IRQHandler
                0x0800287c                SPI1_IRQHandler
                0x0800287c                TIM6_DAC_IRQHandler
                0x0800287c                TIM1_BRK_TIM9_IRQHandler
                0x0800287c                DCMI_IRQHandler
                0x0800287c                CAN2_RX0_IRQHandler
                0x0800287c                DMA2_Stream3_IRQHandler
                0x0800287c                USART6_IRQHandler
                0x0800287c                USART3_IRQHandler
                0x0800287c                CAN1_RX1_IRQHandler
                0x0800287c                UART5_IRQHandler
                0x0800287c                DMA2_Stream0_IRQHandler
                0x0800287c                TIM4_IRQHandler
                0x0800287c                I2C1_EV_IRQHandler
                0x0800287c                DMA1_Stream6_IRQHandler
                0x0800287c                DMA1_Stream1_IRQHandler
                0x0800287c                UART4_IRQHandler
                0x0800287c                TIM3_IRQHandler
                0x0800287c                RCC_IRQHandler
                0x0800287c                TIM8_BRK_TIM12_IRQHandler
                0x0800287c                Default_Handler
                0x0800287c                EXTI15_10_IRQHandler
                0x0800287c                ADC_IRQHandler
                0x0800287c                DMA1_Stream7_IRQHandler
                0x0800287c                SPI5_IRQHandler
                0x0800287c                TIM7_IRQHandler
                0x0800287c                CAN2_TX_IRQHandler
                0x0800287c                TIM5_IRQHandler
                0x0800287c                DMA2_Stream7_IRQHandler
                0x0800287c                I2C3_EV_IRQHandler
                0x0800287c                EXTI9_5_IRQHandler
                0x0800287c                RTC_WKUP_IRQHandler
                0x0800287c                LTDC_IRQHandler
                0x0800287c                ETH_WKUP_IRQHandler
                0x0800287c                SPI2_IRQHandler
                0x0800287c                OTG_HS_EP1_IN_IRQHandler
                0x0800287c                DMA1_Stream0_IRQHandler
                0x0800287c                CAN1_TX_IRQHandler
                0x0800287c                EXTI4_IRQHandler
                0x0800287c                ETH_IRQHandler
                0x0800287c                OTG_HS_EP1_OUT_IRQHandler
                0x0800287c                WWDG_IRQHandler
                0x0800287c                SPI6_IRQHandler
                0x0800287c                TIM2_IRQHandler
                0x0800287c                OTG_FS_WKUP_IRQHandler
                0x0800287c                TIM1_TRG_COM_TIM11_IRQHandler
                0x0800287c                OTG_HS_IRQHandler
                0x0800287c                DMA2D_IRQHandler
                0x0800287c                EXTI1_IRQHandler
                0x0800287c                UART7_IRQHandler
                0x0800287c                USART2_IRQHandler
                0x0800287c                I2C2_ER_IRQHandler
                0x0800287c                DMA2_Stream1_IRQHandler
                0x0800287c                CAN1_SCE_IRQHandler
                0x0800287c                FLASH_IRQHandler
                0x0800287c                DMA2_Stream4_IRQHandler
                0x0800287c                USART1_IRQHandler
                0x0800287c                OTG_FS_IRQHandler
                0x0800287c                SPI3_IRQHandler
                0x0800287c                DMA1_Stream4_IRQHandler
                0x0800287c                I2C1_ER_IRQHandler
                0x0800287c                FMC_IRQHandler
                0x0800287c                DMA2_Stream6_IRQHandler
                0x0800287c                SAI1_IRQHandler
                0x0800287c                RTC_Alarm_IRQHandler
 *fill*         0x0800287e        0x2 
 .text.HAL_Init
                0x08002880       0x44 ./Drivers/STM32F4xx_HAL_Driver/Src/stm32f4xx_hal.o
                0x08002880                HAL_Init
 .text.HAL_InitTick
                0x080028c4       0x60 ./Drivers/STM32F4xx_HAL_Driver/Src/stm32f4xx_hal.o
                0x080028c4                HAL_InitTick
 .text.HAL_IncTick
                0x08002924       0x28 ./Drivers/STM32F4xx_HAL_Driver/Src/stm32f4xx_hal.o
                0x08002924                HAL_IncTick
 .text.HAL_GetTick
                0x0800294c       0x18 ./Drivers/STM32F4xx_HAL_Driver/Src/stm32f4xx_hal.o
                0x0800294c                HAL_GetTick
 .text.HAL_Delay
                0x08002964       0x48 ./Drivers/STM32F4xx_HAL_Driver/Src/stm32f4xx_hal.o
                0x08002964                HAL_Delay
 .text.__NVIC_SetPriorityGrouping
                0x080029ac       0x48 ./Drivers/STM32F4xx_HAL_Driver/Src/stm32f4xx_hal_cortex.o
 .text.__NVIC_GetPriorityGrouping
                0x080029f4       0x1c ./Drivers/STM32F4xx_HAL_Driver/Src/stm32f4xx_hal_cortex.o
 .text.__NVIC_SetPriority
                0x08002a10       0x54 ./Drivers/STM32F4xx_HAL_Driver/Src/stm32f4xx_hal_cortex.o
 .text.NVIC_EncodePriority
                0x08002a64       0x66 ./Drivers/STM32F4xx_HAL_Driver/Src/stm32f4xx_hal_cortex.o
 *fill*         0x08002aca        0x2 
 .text.SysTick_Config
                0x08002acc       0x44 ./Drivers/STM32F4xx_HAL_Driver/Src/stm32f4xx_hal_cortex.o
 .text.HAL_NVIC_SetPriorityGrouping
                0x08002b10       0x16 ./Drivers/STM32F4xx_HAL_Driver/Src/stm32f4xx_hal_cortex.o
                0x08002b10                HAL_NVIC_SetPriorityGrouping
 .text.HAL_NVIC_SetPriority
                0x08002b26       0x38 ./Drivers/STM32F4xx_HAL_Driver/Src/stm32f4xx_hal_cortex.o
                0x08002b26                HAL_NVIC_SetPriority
 .text.HAL_SYSTICK_Config
                0x08002b5e       0x18 ./Drivers/STM32F4xx_HAL_Driver/Src/stm32f4xx_hal_cortex.o
                0x08002b5e                HAL_SYSTICK_Config
 *fill*         0x08002b76        0x2 
 .text.HAL_GPIO_Init
                0x08002b78      0x358 ./Drivers/STM32F4xx_HAL_Driver/Src/stm32f4xx_hal_gpio.o
                0x08002b78                HAL_GPIO_Init
 .text.HAL_GPIO_DeInit
                0x08002ed0      0x218 ./Drivers/STM32F4xx_HAL_Driver/Src/stm32f4xx_hal_gpio.o
                0x08002ed0                HAL_GPIO_DeInit
 .text.HAL_GPIO_WritePin
                0x080030e8       0x32 ./Drivers/STM32F4xx_HAL_Driver/Src/stm32f4xx_hal_gpio.o
                0x080030e8                HAL_GPIO_WritePin
 *fill*         0x0800311a        0x2 
 .text.HAL_I2C_Init
                0x0800311c      0x288 ./Drivers/STM32F4xx_HAL_Driver/Src/stm32f4xx_hal_i2c.o
                0x0800311c                HAL_I2C_Init
 .text.HAL_I2C_Mem_Write
                0x080033a4      0x1f4 ./Drivers/STM32F4xx_HAL_Driver/Src/stm32f4xx_hal_i2c.o
                0x080033a4                HAL_I2C_Mem_Write
 .text.HAL_I2C_Mem_Read
                0x08003598      0x464 ./Drivers/STM32F4xx_HAL_Driver/Src/stm32f4xx_hal_i2c.o
                0x08003598                HAL_I2C_Mem_Read
 .text.I2C_RequestMemoryWrite
                0x080039fc      0x12c ./Drivers/STM32F4xx_HAL_Driver/Src/stm32f4xx_hal_i2c.o
 .text.I2C_RequestMemoryRead
                0x08003b28      0x1d0 ./Drivers/STM32F4xx_HAL_Driver/Src/stm32f4xx_hal_i2c.o
 .text.I2C_WaitOnFlagUntilTimeout
                0x08003cf8       0xf4 ./Drivers/STM32F4xx_HAL_Driver/Src/stm32f4xx_hal_i2c.o
 .text.I2C_WaitOnMasterAddressFlagUntilTimeout
                0x08003dec      0x140 ./Drivers/STM32F4xx_HAL_Driver/Src/stm32f4xx_hal_i2c.o
 .text.I2C_WaitOnTXEFlagUntilTimeout
                0x08003f2c       0x90 ./Drivers/STM32F4xx_HAL_Driver/Src/stm32f4xx_hal_i2c.o
 .text.I2C_WaitOnBTFFlagUntilTimeout
                0x08003fbc       0x90 ./Drivers/STM32F4xx_HAL_Driver/Src/stm32f4xx_hal_i2c.o
 .text.I2C_WaitOnRXNEFlagUntilTimeout
                0x0800404c       0xba ./Drivers/STM32F4xx_HAL_Driver/Src/stm32f4xx_hal_i2c.o
 .text.I2C_IsAcknowledgeFailed
                0x08004106       0x5e ./Drivers/STM32F4xx_HAL_Driver/Src/stm32f4xx_hal_i2c.o
 .text.HAL_I2CEx_ConfigAnalogFilter
                0x08004164       0x78 ./Drivers/STM32F4xx_HAL_Driver/Src/stm32f4xx_hal_i2c_ex.o
                0x08004164                HAL_I2CEx_ConfigAnalogFilter
 .text.HAL_I2CEx_ConfigDigitalFilter
                0x080041dc       0x7e ./Drivers/STM32F4xx_HAL_Driver/Src/stm32f4xx_hal_i2c_ex.o
                0x080041dc                HAL_I2CEx_ConfigDigitalFilter
 *fill*         0x0800425a        0x2 
 .text.HAL_LTDC_Init
                0x0800425c      0x1a0 ./Drivers/STM32F4xx_HAL_Driver/Src/stm32f4xx_hal_ltdc.o
                0x0800425c                HAL_LTDC_Init
 .text.HAL_LTDC_ConfigLayer
                0x080043fc       0x7c ./Drivers/STM32F4xx_HAL_Driver/Src/stm32f4xx_hal_ltdc.o
                0x080043fc                HAL_LTDC_ConfigLayer
 .text.LTDC_SetConfig
                0x08004478      0x32e ./Drivers/STM32F4xx_HAL_Driver/Src/stm32f4xx_hal_ltdc.o
 *fill*         0x080047a6        0x2 
 .text.HAL_RCC_OscConfig
                0x080047a8      0x4f0 ./Drivers/STM32F4xx_HAL_Driver/Src/stm32f4xx_hal_rcc.o
                0x080047a8                HAL_RCC_OscConfig
 .text.HAL_RCC_ClockConfig
                0x08004c98      0x1cc ./Drivers/STM32F4xx_HAL_Driver/Src/stm32f4xx_hal_rcc.o
                0x08004c98                HAL_RCC_ClockConfig
 .text.HAL_RCC_GetSysClockFreq
                0x08004e64      0x20c ./Drivers/STM32F4xx_HAL_Driver/Src/stm32f4xx_hal_rcc.o
                0x08004e64                HAL_RCC_GetSysClockFreq
 .text.HAL_RCC_GetHCLKFreq
                0x08005070       0x18 ./Drivers/STM32F4xx_HAL_Driver/Src/stm32f4xx_hal_rcc.o
                0x08005070                HAL_RCC_GetHCLKFreq
 .text.HAL_RCC_GetPCLK1Freq
                0x08005088       0x28 ./Drivers/STM32F4xx_HAL_Driver/Src/stm32f4xx_hal_rcc.o
                0x08005088                HAL_RCC_GetPCLK1Freq
 .text.HAL_RCCEx_PeriphCLKConfig
                0x080050b0      0x380 ./Drivers/STM32F4xx_HAL_Driver/Src/stm32f4xx_hal_rcc_ex.o
                0x080050b0                HAL_RCCEx_PeriphCLKConfig
 .text.HAL_RNG_Init
                0x08005430       0x54 ./Drivers/STM32F4xx_HAL_Driver/Src/stm32f4xx_hal_rng.o
                0x08005430                HAL_RNG_Init
 .text.HAL_SPI_Init
                0x08005484      0x112 ./Drivers/STM32F4xx_HAL_Driver/Src/stm32f4xx_hal_spi.o
                0x08005484                HAL_SPI_Init
 .text.HAL_SPI_DeInit
                0x08005596       0x50 ./Drivers/STM32F4xx_HAL_Driver/Src/stm32f4xx_hal_spi.o
                0x08005596                HAL_SPI_DeInit
 .text.HAL_SPI_Transmit
                0x080055e6      0x288 ./Drivers/STM32F4xx_HAL_Driver/Src/stm32f4xx_hal_spi.o
                0x080055e6                HAL_SPI_Transmit
 .text.HAL_SPI_GetState
                0x0800586e       0x1c ./Drivers/STM32F4xx_HAL_Driver/Src/stm32f4xx_hal_spi.o
                0x0800586e                HAL_SPI_GetState
 *fill*         0x0800588a        0x2 
 .text.SPI_WaitFlagStateUntilTimeout
                0x0800588c      0x110 ./Drivers/STM32F4xx_HAL_Driver/Src/stm32f4xx_hal_spi.o
 .text.SPI_EndRxTxTransaction
                0x0800599c       0xa8 ./Drivers/STM32F4xx_HAL_Driver/Src/stm32f4xx_hal_spi.o
 .text.HAL_TIM_Base_Init
                0x08005a44       0x9e ./Drivers/STM32F4xx_HAL_Driver/Src/stm32f4xx_hal_tim.o
                0x08005a44                HAL_TIM_Base_Init
 .text.HAL_TIM_ConfigClockSource
                0x08005ae2      0x18e ./Drivers/STM32F4xx_HAL_Driver/Src/stm32f4xx_hal_tim.o
                0x08005ae2                HAL_TIM_ConfigClockSource
 .text.TIM_Base_SetConfig
                0x08005c70      0x158 ./Drivers/STM32F4xx_HAL_Driver/Src/stm32f4xx_hal_tim.o
                0x08005c70                TIM_Base_SetConfig
 .text.TIM_TI1_ConfigInputStage
                0x08005dc8       0x5e ./Drivers/STM32F4xx_HAL_Driver/Src/stm32f4xx_hal_tim.o
 .text.TIM_TI2_ConfigInputStage
                0x08005e26       0x60 ./Drivers/STM32F4xx_HAL_Driver/Src/stm32f4xx_hal_tim.o
 .text.TIM_ITRx_SetConfig
                0x08005e86       0x36 ./Drivers/STM32F4xx_HAL_Driver/Src/stm32f4xx_hal_tim.o
 .text.TIM_ETR_SetConfig
                0x08005ebc       0x40 ./Drivers/STM32F4xx_HAL_Driver/Src/stm32f4xx_hal_tim.o
                0x08005ebc                TIM_ETR_SetConfig
 .text.HAL_TIMEx_MasterConfigSynchronization
                0x08005efc       0xf8 ./Drivers/STM32F4xx_HAL_Driver/Src/stm32f4xx_hal_tim_ex.o
                0x08005efc                HAL_TIMEx_MasterConfigSynchronization
 .text.std      0x08005ff4       0x6c /Applications/STM32CubeIDE.app/Contents/Eclipse/plugins/com.st.stm32cube.ide.mcu.externaltools.gnu-tools-for-stm32.13.3.rel1.macos64_1.0.0.202411102158/tools/bin/../lib/gcc/arm-none-eabi/13.3.1/../../../../arm-none-eabi/lib/thumb/v7e-m+fp/hard/libc_nano.a(libc_a-findfp.o)
 .text.stdio_exit_handler
                0x08006060       0x18 /Applications/STM32CubeIDE.app/Contents/Eclipse/plugins/com.st.stm32cube.ide.mcu.externaltools.gnu-tools-for-stm32.13.3.rel1.macos64_1.0.0.202411102158/tools/bin/../lib/gcc/arm-none-eabi/13.3.1/../../../../arm-none-eabi/lib/thumb/v7e-m+fp/hard/libc_nano.a(libc_a-findfp.o)
 .text.cleanup_stdio
                0x08006078       0x40 /Applications/STM32CubeIDE.app/Contents/Eclipse/plugins/com.st.stm32cube.ide.mcu.externaltools.gnu-tools-for-stm32.13.3.rel1.macos64_1.0.0.202411102158/tools/bin/../lib/gcc/arm-none-eabi/13.3.1/../../../../arm-none-eabi/lib/thumb/v7e-m+fp/hard/libc_nano.a(libc_a-findfp.o)
 .text.global_stdio_init.part.0
                0x080060b8       0x3c /Applications/STM32CubeIDE.app/Contents/Eclipse/plugins/com.st.stm32cube.ide.mcu.externaltools.gnu-tools-for-stm32.13.3.rel1.macos64_1.0.0.202411102158/tools/bin/../lib/gcc/arm-none-eabi/13.3.1/../../../../arm-none-eabi/lib/thumb/v7e-m+fp/hard/libc_nano.a(libc_a-findfp.o)
 .text.__sfp_lock_acquire
                0x080060f4        0xc /Applications/STM32CubeIDE.app/Contents/Eclipse/plugins/com.st.stm32cube.ide.mcu.externaltools.gnu-tools-for-stm32.13.3.rel1.macos64_1.0.0.202411102158/tools/bin/../lib/gcc/arm-none-eabi/13.3.1/../../../../arm-none-eabi/lib/thumb/v7e-m+fp/hard/libc_nano.a(libc_a-findfp.o)
                0x080060f4                __sfp_lock_acquire
 .text.__sfp_lock_release
                0x08006100        0xc /Applications/STM32CubeIDE.app/Contents/Eclipse/plugins/com.st.stm32cube.ide.mcu.externaltools.gnu-tools-for-stm32.13.3.rel1.macos64_1.0.0.202411102158/tools/bin/../lib/gcc/arm-none-eabi/13.3.1/../../../../arm-none-eabi/lib/thumb/v7e-m+fp/hard/libc_nano.a(libc_a-findfp.o)
                0x08006100                __sfp_lock_release
 .text.__sinit  0x0800610c       0x30 /Applications/STM32CubeIDE.app/Contents/Eclipse/plugins/com.st.stm32cube.ide.mcu.externaltools.gnu-tools-for-stm32.13.3.rel1.macos64_1.0.0.202411102158/tools/bin/../lib/gcc/arm-none-eabi/13.3.1/../../../../arm-none-eabi/lib/thumb/v7e-m+fp/hard/libc_nano.a(libc_a-findfp.o)
                0x0800610c                __sinit
 .text._fwalk_sglue
                0x0800613c       0x3c /Applications/STM32CubeIDE.app/Contents/Eclipse/plugins/com.st.stm32cube.ide.mcu.externaltools.gnu-tools-for-stm32.13.3.rel1.macos64_1.0.0.202411102158/tools/bin/../lib/gcc/arm-none-eabi/13.3.1/../../../../arm-none-eabi/lib/thumb/v7e-m+fp/hard/libc_nano.a(libc_a-fwalk.o)
                0x0800613c                _fwalk_sglue
 .text.printf   0x08006178       0x24 /Applications/STM32CubeIDE.app/Contents/Eclipse/plugins/com.st.stm32cube.ide.mcu.externaltools.gnu-tools-for-stm32.13.3.rel1.macos64_1.0.0.202411102158/tools/bin/../lib/gcc/arm-none-eabi/13.3.1/../../../../arm-none-eabi/lib/thumb/v7e-m+fp/hard/libc_nano.a(libc_a-printf.o)
                0x08006178                printf
                0x08006178                iprintf
 .text._puts_r  0x0800619c       0xaa /Applications/STM32CubeIDE.app/Contents/Eclipse/plugins/com.st.stm32cube.ide.mcu.externaltools.gnu-tools-for-stm32.13.3.rel1.macos64_1.0.0.202411102158/tools/bin/../lib/gcc/arm-none-eabi/13.3.1/../../../../arm-none-eabi/lib/thumb/v7e-m+fp/hard/libc_nano.a(libc_a-puts.o)
                0x0800619c                _puts_r
 *fill*         0x08006246        0x2 
 .text.puts     0x08006248       0x10 /Applications/STM32CubeIDE.app/Contents/Eclipse/plugins/com.st.stm32cube.ide.mcu.externaltools.gnu-tools-for-stm32.13.3.rel1.macos64_1.0.0.202411102158/tools/bin/../lib/gcc/arm-none-eabi/13.3.1/../../../../arm-none-eabi/lib/thumb/v7e-m+fp/hard/libc_nano.a(libc_a-puts.o)
                0x08006248                puts
 .text.memset   0x08006258       0x10 /Applications/STM32CubeIDE.app/Contents/Eclipse/plugins/com.st.stm32cube.ide.mcu.externaltools.gnu-tools-for-stm32.13.3.rel1.macos64_1.0.0.202411102158/tools/bin/../lib/gcc/arm-none-eabi/13.3.1/../../../../arm-none-eabi/lib/thumb/v7e-m+fp/hard/libc_nano.a(libc_a-memset.o)
                0x08006258                memset
 .text.__errno  0x08006268        0xc /Applications/STM32CubeIDE.app/Contents/Eclipse/plugins/com.st.stm32cube.ide.mcu.externaltools.gnu-tools-for-stm32.13.3.rel1.macos64_1.0.0.202411102158/tools/bin/../lib/gcc/arm-none-eabi/13.3.1/../../../../arm-none-eabi/lib/thumb/v7e-m+fp/hard/libc_nano.a(libc_a-errno.o)
                0x08006268                __errno
 .text.__libc_init_array
                0x08006274       0x48 /Applications/STM32CubeIDE.app/Contents/Eclipse/plugins/com.st.stm32cube.ide.mcu.externaltools.gnu-tools-for-stm32.13.3.rel1.macos64_1.0.0.202411102158/tools/bin/../lib/gcc/arm-none-eabi/13.3.1/../../../../arm-none-eabi/lib/thumb/v7e-m+fp/hard/libc_nano.a(libc_a-init.o)
                0x08006274                __libc_init_array
 .text.__retarget_lock_init_recursive
                0x080062bc        0x2 /Applications/STM32CubeIDE.app/Contents/Eclipse/plugins/com.st.stm32cube.ide.mcu.externaltools.gnu-tools-for-stm32.13.3.rel1.macos64_1.0.0.202411102158/tools/bin/../lib/gcc/arm-none-eabi/13.3.1/../../../../arm-none-eabi/lib/thumb/v7e-m+fp/hard/libc_nano.a(libc_a-lock.o)
                0x080062bc                __retarget_lock_init_recursive
 .text.__retarget_lock_acquire_recursive
                0x080062be        0x2 /Applications/STM32CubeIDE.app/Contents/Eclipse/plugins/com.st.stm32cube.ide.mcu.externaltools.gnu-tools-for-stm32.13.3.rel1.macos64_1.0.0.202411102158/tools/bin/../lib/gcc/arm-none-eabi/13.3.1/../../../../arm-none-eabi/lib/thumb/v7e-m+fp/hard/libc_nano.a(libc_a-lock.o)
                0x080062be                __retarget_lock_acquire_recursive
 .text.__retarget_lock_release_recursive
                0x080062c0        0x2 /Applications/STM32CubeIDE.app/Contents/Eclipse/plugins/com.st.stm32cube.ide.mcu.externaltools.gnu-tools-for-stm32.13.3.rel1.macos64_1.0.0.202411102158/tools/bin/../lib/gcc/arm-none-eabi/13.3.1/../../../../arm-none-eabi/lib/thumb/v7e-m+fp/hard/libc_nano.a(libc_a-lock.o)
                0x080062c0                __retarget_lock_release_recursive
 .text.__sfputc_r
                0x080062c2       0x2e /Applications/STM32CubeIDE.app/Contents/Eclipse/plugins/com.st.stm32cube.ide.mcu.externaltools.gnu-tools-for-stm32.13.3.rel1.macos64_1.0.0.202411102158/tools/bin/../lib/gcc/arm-none-eabi/13.3.1/../../../../arm-none-eabi/lib/thumb/v7e-m+fp/hard/libc_nano.a(libc_a-nano-vfprintf.o)
 .text.__sfputs_r
                0x080062f0       0x24 /Applications/STM32CubeIDE.app/Contents/Eclipse/plugins/com.st.stm32cube.ide.mcu.externaltools.gnu-tools-for-stm32.13.3.rel1.macos64_1.0.0.202411102158/tools/bin/../lib/gcc/arm-none-eabi/13.3.1/../../../../arm-none-eabi/lib/thumb/v7e-m+fp/hard/libc_nano.a(libc_a-nano-vfprintf.o)
                0x080062f0                __sfputs_r
 .text._vfprintf_r
                0x08006314      0x230 /Applications/STM32CubeIDE.app/Contents/Eclipse/plugins/com.st.stm32cube.ide.mcu.externaltools.gnu-tools-for-stm32.13.3.rel1.macos64_1.0.0.202411102158/tools/bin/../lib/gcc/arm-none-eabi/13.3.1/../../../../arm-none-eabi/lib/thumb/v7e-m+fp/hard/libc_nano.a(libc_a-nano-vfprintf.o)
                0x08006314                _vfiprintf_r
                0x08006314                _vfprintf_r
 .text.sbrk_aligned
                0x08006544       0x44 /Applications/STM32CubeIDE.app/Contents/Eclipse/plugins/com.st.stm32cube.ide.mcu.externaltools.gnu-tools-for-stm32.13.3.rel1.macos64_1.0.0.202411102158/tools/bin/../lib/gcc/arm-none-eabi/13.3.1/../../../../arm-none-eabi/lib/thumb/v7e-m+fp/hard/libc_nano.a(libc_a-mallocr.o)
 .text._malloc_r
                0x08006588      0x100 /Applications/STM32CubeIDE.app/Contents/Eclipse/plugins/com.st.stm32cube.ide.mcu.externaltools.gnu-tools-for-stm32.13.3.rel1.macos64_1.0.0.202411102158/tools/bin/../lib/gcc/arm-none-eabi/13.3.1/../../../../arm-none-eabi/lib/thumb/v7e-m+fp/hard/libc_nano.a(libc_a-mallocr.o)
                0x08006588                _malloc_r
 .text._printf_common
                0x08006688       0xda /Applications/STM32CubeIDE.app/Contents/Eclipse/plugins/com.st.stm32cube.ide.mcu.externaltools.gnu-tools-for-stm32.13.3.rel1.macos64_1.0.0.202411102158/tools/bin/../lib/gcc/arm-none-eabi/13.3.1/../../../../arm-none-eabi/lib/thumb/v7e-m+fp/hard/libc_nano.a(libc_a-nano-vfprintf_i.o)
                0x08006688                _printf_common
 *fill*         0x08006762        0x2 
 .text._printf_i
                0x08006764      0x23c /Applications/STM32CubeIDE.app/Contents/Eclipse/plugins/com.st.stm32cube.ide.mcu.externaltools.gnu-tools-for-stm32.13.3.rel1.macos64_1.0.0.202411102158/tools/bin/../lib/gcc/arm-none-eabi/13.3.1/../../../../arm-none-eabi/lib/thumb/v7e-m+fp/hard/libc_nano.a(libc_a-nano-vfprintf_i.o)
                0x08006764                _printf_i
 .text.__sflush_r
                0x080069a0      0x108 /Applications/STM32CubeIDE.app/Contents/Eclipse/plugins/com.st.stm32cube.ide.mcu.externaltools.gnu-tools-for-stm32.13.3.rel1.macos64_1.0.0.202411102158/tools/bin/../lib/gcc/arm-none-eabi/13.3.1/../../../../arm-none-eabi/lib/thumb/v7e-m+fp/hard/libc_nano.a(libc_a-fflush.o)
                0x080069a0                __sflush_r
 .text._fflush_r
                0x08006aa8       0x50 /Applications/STM32CubeIDE.app/Contents/Eclipse/plugins/com.st.stm32cube.ide.mcu.externaltools.gnu-tools-for-stm32.13.3.rel1.macos64_1.0.0.202411102158/tools/bin/../lib/gcc/arm-none-eabi/13.3.1/../../../../arm-none-eabi/lib/thumb/v7e-m+fp/hard/libc_nano.a(libc_a-fflush.o)
                0x08006aa8                _fflush_r
 .text.__malloc_lock
                0x08006af8        0xc /Applications/STM32CubeIDE.app/Contents/Eclipse/plugins/com.st.stm32cube.ide.mcu.externaltools.gnu-tools-for-stm32.13.3.rel1.macos64_1.0.0.202411102158/tools/bin/../lib/gcc/arm-none-eabi/13.3.1/../../../../arm-none-eabi/lib/thumb/v7e-m+fp/hard/libc_nano.a(libc_a-mlock.o)
                0x08006af8                __malloc_lock
 .text.__malloc_unlock
                0x08006b04        0xc /Applications/STM32CubeIDE.app/Contents/Eclipse/plugins/com.st.stm32cube.ide.mcu.externaltools.gnu-tools-for-stm32.13.3.rel1.macos64_1.0.0.202411102158/tools/bin/../lib/gcc/arm-none-eabi/13.3.1/../../../../arm-none-eabi/lib/thumb/v7e-m+fp/hard/libc_nano.a(libc_a-mlock.o)
                0x08006b04                __malloc_unlock
 .text.__sread  0x08006b10       0x22 /Applications/STM32CubeIDE.app/Contents/Eclipse/plugins/com.st.stm32cube.ide.mcu.externaltools.gnu-tools-for-stm32.13.3.rel1.macos64_1.0.0.202411102158/tools/bin/../lib/gcc/arm-none-eabi/13.3.1/../../../../arm-none-eabi/lib/thumb/v7e-m+fp/hard/libc_nano.a(libc_a-stdio.o)
                0x08006b10                __sread
 .text.__swrite
                0x08006b32       0x38 /Applications/STM32CubeIDE.app/Contents/Eclipse/plugins/com.st.stm32cube.ide.mcu.externaltools.gnu-tools-for-stm32.13.3.rel1.macos64_1.0.0.202411102158/tools/bin/../lib/gcc/arm-none-eabi/13.3.1/../../../../arm-none-eabi/lib/thumb/v7e-m+fp/hard/libc_nano.a(libc_a-stdio.o)
                0x08006b32                __swrite
 .text.__sseek  0x08006b6a       0x24 /Applications/STM32CubeIDE.app/Contents/Eclipse/plugins/com.st.stm32cube.ide.mcu.externaltools.gnu-tools-for-stm32.13.3.rel1.macos64_1.0.0.202411102158/tools/bin/../lib/gcc/arm-none-eabi/13.3.1/../../../../arm-none-eabi/lib/thumb/v7e-m+fp/hard/libc_nano.a(libc_a-stdio.o)
                0x08006b6a                __sseek
 .text.__sclose
                0x08006b8e        0x8 /Applications/STM32CubeIDE.app/Contents/Eclipse/plugins/com.st.stm32cube.ide.mcu.externaltools.gnu-tools-for-stm32.13.3.rel1.macos64_1.0.0.202411102158/tools/bin/../lib/gcc/arm-none-eabi/13.3.1/../../../../arm-none-eabi/lib/thumb/v7e-m+fp/hard/libc_nano.a(libc_a-stdio.o)
                0x08006b8e                __sclose
 .text.__swbuf_r
                0x08006b96       0x7c /Applications/STM32CubeIDE.app/Contents/Eclipse/plugins/com.st.stm32cube.ide.mcu.externaltools.gnu-tools-for-stm32.13.3.rel1.macos64_1.0.0.202411102158/tools/bin/../lib/gcc/arm-none-eabi/13.3.1/../../../../arm-none-eabi/lib/thumb/v7e-m+fp/hard/libc_nano.a(libc_a-wbuf.o)
                0x08006b96                __swbuf_r
 *fill*         0x08006c12        0x2 
 .text.__swsetup_r
                0x08006c14       0xac /Applications/STM32CubeIDE.app/Contents/Eclipse/plugins/com.st.stm32cube.ide.mcu.externaltools.gnu-tools-for-stm32.13.3.rel1.macos64_1.0.0.202411102158/tools/bin/../lib/gcc/arm-none-eabi/13.3.1/../../../../arm-none-eabi/lib/thumb/v7e-m+fp/hard/libc_nano.a(libc_a-wsetup.o)
                0x08006c14                __swsetup_r
 .text.__swhatbuf_r
                0x08006cc0       0x4c /Applications/STM32CubeIDE.app/Contents/Eclipse/plugins/com.st.stm32cube.ide.mcu.externaltools.gnu-tools-for-stm32.13.3.rel1.macos64_1.0.0.202411102158/tools/bin/../lib/gcc/arm-none-eabi/13.3.1/../../../../arm-none-eabi/lib/thumb/v7e-m+fp/hard/libc_nano.a(libc_a-makebuf.o)
                0x08006cc0                __swhatbuf_r
 .text.__smakebuf_r
                0x08006d0c       0x78 /Applications/STM32CubeIDE.app/Contents/Eclipse/plugins/com.st.stm32cube.ide.mcu.externaltools.gnu-tools-for-stm32.13.3.rel1.macos64_1.0.0.202411102158/tools/bin/../lib/gcc/arm-none-eabi/13.3.1/../../../../arm-none-eabi/lib/thumb/v7e-m+fp/hard/libc_nano.a(libc_a-makebuf.o)
                0x08006d0c                __smakebuf_r
 .text._isatty_r
                0x08006d84       0x20 /Applications/STM32CubeIDE.app/Contents/Eclipse/plugins/com.st.stm32cube.ide.mcu.externaltools.gnu-tools-for-stm32.13.3.rel1.macos64_1.0.0.202411102158/tools/bin/../lib/gcc/arm-none-eabi/13.3.1/../../../../arm-none-eabi/lib/thumb/v7e-m+fp/hard/libc_nano.a(libc_a-isattyr.o)
                0x08006d84                _isatty_r
 .text._lseek_r
                0x08006da4       0x24 /Applications/STM32CubeIDE.app/Contents/Eclipse/plugins/com.st.stm32cube.ide.mcu.externaltools.gnu-tools-for-stm32.13.3.rel1.macos64_1.0.0.202411102158/tools/bin/../lib/gcc/arm-none-eabi/13.3.1/../../../../arm-none-eabi/lib/thumb/v7e-m+fp/hard/libc_nano.a(libc_a-lseekr.o)
                0x08006da4                _lseek_r
 .text._read_r  0x08006dc8       0x24 /Applications/STM32CubeIDE.app/Contents/Eclipse/plugins/com.st.stm32cube.ide.mcu.externaltools.gnu-tools-for-stm32.13.3.rel1.macos64_1.0.0.202411102158/tools/bin/../lib/gcc/arm-none-eabi/13.3.1/../../../../arm-none-eabi/lib/thumb/v7e-m+fp/hard/libc_nano.a(libc_a-readr.o)
                0x08006dc8                _read_r
 .text._sbrk_r  0x08006dec       0x20 /Applications/STM32CubeIDE.app/Contents/Eclipse/plugins/com.st.stm32cube.ide.mcu.externaltools.gnu-tools-for-stm32.13.3.rel1.macos64_1.0.0.202411102158/tools/bin/../lib/gcc/arm-none-eabi/13.3.1/../../../../arm-none-eabi/lib/thumb/v7e-m+fp/hard/libc_nano.a(libc_a-sbrkr.o)
                0x08006dec                _sbrk_r
 .text._write_r
                0x08006e0c       0x24 /Applications/STM32CubeIDE.app/Contents/Eclipse/plugins/com.st.stm32cube.ide.mcu.externaltools.gnu-tools-for-stm32.13.3.rel1.macos64_1.0.0.202411102158/tools/bin/../lib/gcc/arm-none-eabi/13.3.1/../../../../arm-none-eabi/lib/thumb/v7e-m+fp/hard/libc_nano.a(libc_a-writer.o)
                0x08006e0c                _write_r
 .text._close_r
                0x08006e30       0x20 /Applications/STM32CubeIDE.app/Contents/Eclipse/plugins/com.st.stm32cube.ide.mcu.externaltools.gnu-tools-for-stm32.13.3.rel1.macos64_1.0.0.202411102158/tools/bin/../lib/gcc/arm-none-eabi/13.3.1/../../../../arm-none-eabi/lib/thumb/v7e-m+fp/hard/libc_nano.a(libc_a-closer.o)
                0x08006e30                _close_r
 .text._fstat_r
                0x08006e50       0x24 /Applications/STM32CubeIDE.app/Contents/Eclipse/plugins/com.st.stm32cube.ide.mcu.externaltools.gnu-tools-for-stm32.13.3.rel1.macos64_1.0.0.202411102158/tools/bin/../lib/gcc/arm-none-eabi/13.3.1/../../../../arm-none-eabi/lib/thumb/v7e-m+fp/hard/libc_nano.a(libc_a-fstatr.o)
                0x08006e50                _fstat_r
 .text._free_r  0x08006e74       0x94 /Applications/STM32CubeIDE.app/Contents/Eclipse/plugins/com.st.stm32cube.ide.mcu.externaltools.gnu-tools-for-stm32.13.3.rel1.macos64_1.0.0.202411102158/tools/bin/../lib/gcc/arm-none-eabi/13.3.1/../../../../arm-none-eabi/lib/thumb/v7e-m+fp/hard/libc_nano.a(libc_a-freer.o)
                0x08006e74                _free_r
 *(.glue_7)
 .glue_7        0x08006f08        0x0 linker stubs
 *(.glue_7t)
 .glue_7t       0x08006f08        0x0 linker stubs
 *(.eh_frame)
 .eh_frame      0x08006f08        0x0 /Applications/STM32CubeIDE.app/Contents/Eclipse/plugins/com.st.stm32cube.ide.mcu.externaltools.gnu-tools-for-stm32.13.3.rel1.macos64_1.0.0.202411102158/tools/bin/../lib/gcc/arm-none-eabi/13.3.1/thumb/v7e-m+fp/hard/crtbegin.o
 *(.init)
 .init          0x08006f08        0x4 /Applications/STM32CubeIDE.app/Contents/Eclipse/plugins/com.st.stm32cube.ide.mcu.externaltools.gnu-tools-for-stm32.13.3.rel1.macos64_1.0.0.202411102158/tools/bin/../lib/gcc/arm-none-eabi/13.3.1/thumb/v7e-m+fp/hard/crti.o
                0x08006f08                _init
 .init          0x08006f0c        0x8 /Applications/STM32CubeIDE.app/Contents/Eclipse/plugins/com.st.stm32cube.ide.mcu.externaltools.gnu-tools-for-stm32.13.3.rel1.macos64_1.0.0.202411102158/tools/bin/../lib/gcc/arm-none-eabi/13.3.1/thumb/v7e-m+fp/hard/crtn.o
 *(.fini)
 .fini          0x08006f14        0x4 /Applications/STM32CubeIDE.app/Contents/Eclipse/plugins/com.st.stm32cube.ide.mcu.externaltools.gnu-tools-for-stm32.13.3.rel1.macos64_1.0.0.202411102158/tools/bin/../lib/gcc/arm-none-eabi/13.3.1/thumb/v7e-m+fp/hard/crti.o
                0x08006f14                _fini
 .fini          0x08006f18        0x8 /Applications/STM32CubeIDE.app/Contents/Eclipse/plugins/com.st.stm32cube.ide.mcu.externaltools.gnu-tools-for-stm32.13.3.rel1.macos64_1.0.0.202411102158/tools/bin/../lib/gcc/arm-none-eabi/13.3.1/thumb/v7e-m+fp/hard/crtn.o
                0x08006f20                        . = ALIGN (0x4)
                0x08006f20                        _etext = .

.vfp11_veneer   0x08006f20        0x0
 .vfp11_veneer  0x08006f20        0x0 linker stubs

.v4_bx          0x08006f20        0x0
 .v4_bx         0x08006f20        0x0 linker stubs

.iplt           0x08006f20        0x0
 .iplt          0x08006f20        0x0 /Applications/STM32CubeIDE.app/Contents/Eclipse/plugins/com.st.stm32cube.ide.mcu.externaltools.gnu-tools-for-stm32.13.3.rel1.macos64_1.0.0.202411102158/tools/bin/../lib/gcc/arm-none-eabi/13.3.1/thumb/v7e-m+fp/hard/crtbegin.o

.rodata         0x08006f20     0x1240
                0x08006f20                        . = ALIGN (0x4)
 *(.rodata)
 .rodata        0x08006f20       0x21 ./Core/Src/ApplicationCode.o
 *(.rodata*)
 *fill*         0x08006f41        0x3 
 .rodata.ASCII16x24_Table
                0x08006f44     0x11d0 ./Core/Src/fonts.o
                0x08006f44                ASCII16x24_Table
 .rodata.AHBPrescTable
                0x08008114       0x10 ./Core/Src/system_stm32f4xx.o
                0x08008114                AHBPrescTable
 .rodata.APBPrescTable
                0x08008124        0x8 ./Core/Src/system_stm32f4xx.o
                0x08008124                APBPrescTable
 .rodata._vfprintf_r.str1.1
                0x0800812c       0x33 /Applications/STM32CubeIDE.app/Contents/Eclipse/plugins/com.st.stm32cube.ide.mcu.externaltools.gnu-tools-for-stm32.13.3.rel1.macos64_1.0.0.202411102158/tools/bin/../lib/gcc/arm-none-eabi/13.3.1/../../../../arm-none-eabi/lib/thumb/v7e-m+fp/hard/libc_nano.a(libc_a-nano-vfprintf.o)
                                 0x11 (size before relaxing)
 .rodata._printf_i.str1.1
                0x0800815f       0x22 /Applications/STM32CubeIDE.app/Contents/Eclipse/plugins/com.st.stm32cube.ide.mcu.externaltools.gnu-tools-for-stm32.13.3.rel1.macos64_1.0.0.202411102158/tools/bin/../lib/gcc/arm-none-eabi/13.3.1/../../../../arm-none-eabi/lib/thumb/v7e-m+fp/hard/libc_nano.a(libc_a-nano-vfprintf_i.o)
                0x08008184                        . = ALIGN (0x4)
 *fill*         0x0800815f        0x1 

.ARM.extab      0x08008160        0x0
                0x08008160                        . = ALIGN (0x4)
 *(.ARM.extab* .gnu.linkonce.armextab.*)
                0x08008160                        . = ALIGN (0x4)

.ARM            0x08008160        0x8
                0x08008160                        . = ALIGN (0x4)
                0x08008160                        __exidx_start = .
 *(.ARM.exidx*)
 .ARM.exidx     0x08008160        0x8 /Applications/STM32CubeIDE.app/Contents/Eclipse/plugins/com.st.stm32cube.ide.mcu.externaltools.gnu-tools-for-stm32.13.3.rel1.macos64_1.0.0.202411102158/tools/bin/../lib/gcc/arm-none-eabi/13.3.1/../../../../arm-none-eabi/lib/thumb/v7e-m+fp/hard/libc_nano.a(libc_a-memchr.o)
 .ARM.exidx     0x08008168        0x0 /Applications/STM32CubeIDE.app/Contents/Eclipse/plugins/com.st.stm32cube.ide.mcu.externaltools.gnu-tools-for-stm32.13.3.rel1.macos64_1.0.0.202411102158/tools/bin/../lib/gcc/arm-none-eabi/13.3.1/thumb/v7e-m+fp/hard/libgcc.a(_udivmoddi4.o)
                                  0x8 (size before relaxing)
                0x08008168                        __exidx_end = .
                0x08008168                        . = ALIGN (0x4)

.preinit_array  0x08008168        0x0
                0x08008168                        . = ALIGN (0x4)
                0x08008168                        PROVIDE (__preinit_array_start = .)
 *(.preinit_array*)
                0x08008168                        PROVIDE (__preinit_array_end = .)
                0x08008168                        . = ALIGN (0x4)

.init_array     0x08008168        0x4
                0x08008168                        . = ALIGN (0x4)
                0x08008168                        PROVIDE (__init_array_start = .)
 *(SORT_BY_NAME(.init_array.*))
 *(.init_array*)
 .init_array    0x08008168        0x4 /Applications/STM32CubeIDE.app/Contents/Eclipse/plugins/com.st.stm32cube.ide.mcu.externaltools.gnu-tools-for-stm32.13.3.rel1.macos64_1.0.0.202411102158/tools/bin/../lib/gcc/arm-none-eabi/13.3.1/thumb/v7e-m+fp/hard/crtbegin.o
                0x0800816c                        PROVIDE (__init_array_end = .)
                0x0800816c                        . = ALIGN (0x4)

.fini_array     0x0800816c        0x4
                0x0800816c                        . = ALIGN (0x4)
                [!provide]                        PROVIDE (__fini_array_start = .)
 *(SORT_BY_NAME(.fini_array.*))
 *(.fini_array*)
 .fini_array    0x0800816c        0x4 /Applications/STM32CubeIDE.app/Contents/Eclipse/plugins/com.st.stm32cube.ide.mcu.externaltools.gnu-tools-for-stm32.13.3.rel1.macos64_1.0.0.202411102158/tools/bin/../lib/gcc/arm-none-eabi/13.3.1/thumb/v7e-m+fp/hard/crtbegin.o
                [!provide]                        PROVIDE (__fini_array_end = .)
                0x08008170                        . = ALIGN (0x4)
                0x08008170                        _sidata = LOADADDR (.data)

.rel.dyn        0x08008170        0x0
 .rel.iplt      0x08008170        0x0 /Applications/STM32CubeIDE.app/Contents/Eclipse/plugins/com.st.stm32cube.ide.mcu.externaltools.gnu-tools-for-stm32.13.3.rel1.macos64_1.0.0.202411102158/tools/bin/../lib/gcc/arm-none-eabi/13.3.1/thumb/v7e-m+fp/hard/crtbegin.o

.data           0x20000000       0x78 load address 0x08008170
                0x20000000                        . = ALIGN (0x4)
                0x20000000                        _sdata = .
 *(.data)
 *(.data*)
 .data.CurrentTextColor
                0x20000000        0x2 ./Core/Src/LCD_Driver.o
 *fill*         0x20000002        0x2 
 .data.Font16x24
                0x20000004        0x8 ./Core/Src/fonts.o
                0x20000004                Font16x24
 .data.SpiTimeout
                0x2000000c        0x4 ./Core/Src/ili9341.o
                0x2000000c                SpiTimeout
 .data.SystemCoreClock
                0x20000010        0x4 ./Core/Src/system_stm32f4xx.o
                0x20000010                SystemCoreClock
 .data.uwTickPrio
                0x20000014        0x4 ./Drivers/STM32F4xx_HAL_Driver/Src/stm32f4xx_hal.o
                0x20000014                uwTickPrio
 .data.uwTickFreq
                0x20000018        0x1 ./Drivers/STM32F4xx_HAL_Driver/Src/stm32f4xx_hal.o
                0x20000018                uwTickFreq
 *fill*         0x20000019        0x3 
 .data.__sglue  0x2000001c        0xc /Applications/STM32CubeIDE.app/Contents/Eclipse/plugins/com.st.stm32cube.ide.mcu.externaltools.gnu-tools-for-stm32.13.3.rel1.macos64_1.0.0.202411102158/tools/bin/../lib/gcc/arm-none-eabi/13.3.1/../../../../arm-none-eabi/lib/thumb/v7e-m+fp/hard/libc_nano.a(libc_a-findfp.o)
                0x2000001c                __sglue
 .data._impure_ptr
                0x20000028        0x4 /Applications/STM32CubeIDE.app/Contents/Eclipse/plugins/com.st.stm32cube.ide.mcu.externaltools.gnu-tools-for-stm32.13.3.rel1.macos64_1.0.0.202411102158/tools/bin/../lib/gcc/arm-none-eabi/13.3.1/../../../../arm-none-eabi/lib/thumb/v7e-m+fp/hard/libc_nano.a(libc_a-impure.o)
                0x20000028                _impure_ptr
 .data._impure_data
                0x2000002c       0x4c /Applications/STM32CubeIDE.app/Contents/Eclipse/plugins/com.st.stm32cube.ide.mcu.externaltools.gnu-tools-for-stm32.13.3.rel1.macos64_1.0.0.202411102158/tools/bin/../lib/gcc/arm-none-eabi/13.3.1/../../../../arm-none-eabi/lib/thumb/v7e-m+fp/hard/libc_nano.a(libc_a-impure.o)
                0x2000002c                _impure_data
 *(.RamFunc)
 *(.RamFunc*)
                0x20000078                        . = ALIGN (0x4)
                0x20000078                        _edata = .
                0x080081e8                        _siccmram = LOADADDR (.ccmram)

.igot.plt       0x20000078        0x0 load address 0x080081e8
 .igot.plt      0x20000078        0x0 /Applications/STM32CubeIDE.app/Contents/Eclipse/plugins/com.st.stm32cube.ide.mcu.externaltools.gnu-tools-for-stm32.13.3.rel1.macos64_1.0.0.202411102158/tools/bin/../lib/gcc/arm-none-eabi/13.3.1/thumb/v7e-m+fp/hard/crtbegin.o

.ccmram         0x10000000        0x0 load address 0x080081e8
                0x10000000                        . = ALIGN (0x4)
                0x10000000                        _sccmram = .
 *(.ccmram)
 *(.ccmram*)
                0x10000000                        . = ALIGN (0x4)
                0x10000000                        _eccmram = .
                0x10000000                        . = ALIGN (0x4)

.bss            0x20000078    0x25cb4
                0x20000078                        _sbss = .
                0x20000078                        __bss_start__ = _sbss
 *(.bss)
 .bss           0x20000078       0x1c /Applications/STM32CubeIDE.app/Contents/Eclipse/plugins/com.st.stm32cube.ide.mcu.externaltools.gnu-tools-for-stm32.13.3.rel1.macos64_1.0.0.202411102158/tools/bin/../lib/gcc/arm-none-eabi/13.3.1/thumb/v7e-m+fp/hard/crtbegin.o
 *(.bss*)
 .bss.StaticTouchData
                0x20000094        0x8 ./Core/Src/ApplicationCode.o
 .bss.hltdc     0x2000009c       0xa8 ./Core/Src/LCD_Driver.o
 .bss.PeriphClkInitStruct
                0x20000144       0x30 ./Core/Src/LCD_Driver.o
 .bss.LCD_Currentfonts
                0x20000174        0x4 ./Core/Src/LCD_Driver.o
 .bss.frameBuffer
                0x20000178    0x25800 ./Core/Src/LCD_Driver.o
                0x20000178                frameBuffer
 .bss.SpiHandle
                0x20025978       0x58 ./Core/Src/ili9341.o
 .bss.Is_LCD_IO_Initialized
                0x200259d0        0x1 ./Core/Src/ili9341.o
 *fill*         0x200259d1        0x3 
 .bss.hi2c3     0x200259d4       0x54 ./Core/Src/main.o
                0x200259d4                hi2c3
 .bss.hltdc     0x20025a28       0xa8 ./Core/Src/main.o
                0x20025a28                hltdc
 .bss.hrng      0x20025ad0       0x10 ./Core/Src/main.o
                0x20025ad0                hrng
 .bss.hspi5     0x20025ae0       0x58 ./Core/Src/main.o
                0x20025ae0                hspi5
 .bss.htim2     0x20025b38       0x48 ./Core/Src/main.o
                0x20025b38                htim2
 .bss.hI2C3     0x20025b80       0x54 ./Core/Src/stmpe811.o
 .bss.HAL_status
                0x20025bd4        0x1 ./Core/Src/stmpe811.o
 *fill*         0x20025bd5        0x3 
 .bss.__sbrk_heap_end
                0x20025bd8        0x4 ./Core/Src/sysmem.o
 .bss.uwTick    0x20025bdc        0x4 ./Drivers/STM32F4xx_HAL_Driver/Src/stm32f4xx_hal.o
                0x20025bdc                uwTick
 .bss.__sf      0x20025be0      0x138 /Applications/STM32CubeIDE.app/Contents/Eclipse/plugins/com.st.stm32cube.ide.mcu.externaltools.gnu-tools-for-stm32.13.3.rel1.macos64_1.0.0.202411102158/tools/bin/../lib/gcc/arm-none-eabi/13.3.1/../../../../arm-none-eabi/lib/thumb/v7e-m+fp/hard/libc_nano.a(libc_a-findfp.o)
                0x20025be0                __sf
 .bss.__stdio_exit_handler
                0x20025d18        0x4 /Applications/STM32CubeIDE.app/Contents/Eclipse/plugins/com.st.stm32cube.ide.mcu.externaltools.gnu-tools-for-stm32.13.3.rel1.macos64_1.0.0.202411102158/tools/bin/../lib/gcc/arm-none-eabi/13.3.1/../../../../arm-none-eabi/lib/thumb/v7e-m+fp/hard/libc_nano.a(libc_a-findfp.o)
                0x20025d18                __stdio_exit_handler
 .bss.__lock___malloc_recursive_mutex
                0x20025d1c        0x1 /Applications/STM32CubeIDE.app/Contents/Eclipse/plugins/com.st.stm32cube.ide.mcu.externaltools.gnu-tools-for-stm32.13.3.rel1.macos64_1.0.0.202411102158/tools/bin/../lib/gcc/arm-none-eabi/13.3.1/../../../../arm-none-eabi/lib/thumb/v7e-m+fp/hard/libc_nano.a(libc_a-lock.o)
                0x20025d1c                __lock___malloc_recursive_mutex
 .bss.__lock___sfp_recursive_mutex
                0x20025d1d        0x1 /Applications/STM32CubeIDE.app/Contents/Eclipse/plugins/com.st.stm32cube.ide.mcu.externaltools.gnu-tools-for-stm32.13.3.rel1.macos64_1.0.0.202411102158/tools/bin/../lib/gcc/arm-none-eabi/13.3.1/../../../../arm-none-eabi/lib/thumb/v7e-m+fp/hard/libc_nano.a(libc_a-lock.o)
                0x20025d1d                __lock___sfp_recursive_mutex
 *fill*         0x20025d1e        0x2 
 .bss.__malloc_sbrk_start
                0x20025d20        0x4 /Applications/STM32CubeIDE.app/Contents/Eclipse/plugins/com.st.stm32cube.ide.mcu.externaltools.gnu-tools-for-stm32.13.3.rel1.macos64_1.0.0.202411102158/tools/bin/../lib/gcc/arm-none-eabi/13.3.1/../../../../arm-none-eabi/lib/thumb/v7e-m+fp/hard/libc_nano.a(libc_a-mallocr.o)
                0x20025d20                __malloc_sbrk_start
 .bss.__malloc_free_list
                0x20025d24        0x4 /Applications/STM32CubeIDE.app/Contents/Eclipse/plugins/com.st.stm32cube.ide.mcu.externaltools.gnu-tools-for-stm32.13.3.rel1.macos64_1.0.0.202411102158/tools/bin/../lib/gcc/arm-none-eabi/13.3.1/../../../../arm-none-eabi/lib/thumb/v7e-m+fp/hard/libc_nano.a(libc_a-mallocr.o)
                0x20025d24                __malloc_free_list
 .bss.errno     0x20025d28        0x4 /Applications/STM32CubeIDE.app/Contents/Eclipse/plugins/com.st.stm32cube.ide.mcu.externaltools.gnu-tools-for-stm32.13.3.rel1.macos64_1.0.0.202411102158/tools/bin/../lib/gcc/arm-none-eabi/13.3.1/../../../../arm-none-eabi/lib/thumb/v7e-m+fp/hard/libc_nano.a(libc_a-reent.o)
                0x20025d28                errno
 *(COMMON)
                0x20025d2c                        . = ALIGN (0x4)
                0x20025d2c                        _ebss = .
                0x20025d2c                        __bss_end__ = _ebss

._user_heap_stack
                0x20025d2c      0x604
                0x20025d30                        . = ALIGN (0x8)
 *fill*         0x20025d2c        0x4 
                [!provide]                        PROVIDE (end = .)
                0x20025d30                        PROVIDE (_end = .)
                0x20025f30                        . = (. + _Min_Heap_Size)
 *fill*         0x20025d30      0x200 
                0x20026330                        . = (. + _Min_Stack_Size)
 *fill*         0x20025f30      0x400 
                0x20026330                        . = ALIGN (0x8)

/DISCARD/
 libc.a(*)
 libm.a(*)
 libgcc.a(*)

.ARM.attributes
                0x00000000       0x30
 *(.ARM.attributes)
 .ARM.attributes
                0x00000000       0x22 /Applications/STM32CubeIDE.app/Contents/Eclipse/plugins/com.st.stm32cube.ide.mcu.externaltools.gnu-tools-for-stm32.13.3.rel1.macos64_1.0.0.202411102158/tools/bin/../lib/gcc/arm-none-eabi/13.3.1/thumb/v7e-m+fp/hard/crti.o
 .ARM.attributes
                0x00000022       0x34 /Applications/STM32CubeIDE.app/Contents/Eclipse/plugins/com.st.stm32cube.ide.mcu.externaltools.gnu-tools-for-stm32.13.3.rel1.macos64_1.0.0.202411102158/tools/bin/../lib/gcc/arm-none-eabi/13.3.1/thumb/v7e-m+fp/hard/crtbegin.o
 .ARM.attributes
                0x00000056       0x34 ./Core/Src/ApplicationCode.o
 .ARM.attributes
                0x0000008a       0x34 ./Core/Src/Game_Driver.o
 .ARM.attributes
                0x000000be       0x34 ./Core/Src/LCD_Driver.o
 .ARM.attributes
                0x000000f2       0x34 ./Core/Src/fonts.o
 .ARM.attributes
                0x00000126       0x34 ./Core/Src/ili9341.o
 .ARM.attributes
                0x0000015a       0x34 ./Core/Src/main.o
 .ARM.attributes
                0x0000018e       0x34 ./Core/Src/stm32f4xx_hal_msp.o
 .ARM.attributes
                0x000001c2       0x34 ./Core/Src/stm32f4xx_it.o
 .ARM.attributes
                0x000001f6       0x34 ./Core/Src/stmpe811.o
 .ARM.attributes
                0x0000022a       0x34 ./Core/Src/syscalls.o
 .ARM.attributes
                0x0000025e       0x34 ./Core/Src/sysmem.o
 .ARM.attributes
                0x00000292       0x34 ./Core/Src/system_stm32f4xx.o
 .ARM.attributes
                0x000002c6       0x21 ./Core/Startup/startup_stm32f429zitx.o
 .ARM.attributes
                0x000002e7       0x34 ./Drivers/STM32F4xx_HAL_Driver/Src/stm32f4xx_hal.o
 .ARM.attributes
                0x0000031b       0x34 ./Drivers/STM32F4xx_HAL_Driver/Src/stm32f4xx_hal_cortex.o
 .ARM.attributes
                0x0000034f       0x34 ./Drivers/STM32F4xx_HAL_Driver/Src/stm32f4xx_hal_gpio.o
 .ARM.attributes
                0x00000383       0x34 ./Drivers/STM32F4xx_HAL_Driver/Src/stm32f4xx_hal_i2c.o
 .ARM.attributes
                0x000003b7       0x34 ./Drivers/STM32F4xx_HAL_Driver/Src/stm32f4xx_hal_i2c_ex.o
 .ARM.attributes
                0x000003eb       0x34 ./Drivers/STM32F4xx_HAL_Driver/Src/stm32f4xx_hal_ltdc.o
 .ARM.attributes
                0x0000041f       0x34 ./Drivers/STM32F4xx_HAL_Driver/Src/stm32f4xx_hal_rcc.o
 .ARM.attributes
                0x00000453       0x34 ./Drivers/STM32F4xx_HAL_Driver/Src/stm32f4xx_hal_rcc_ex.o
 .ARM.attributes
                0x00000487       0x34 ./Drivers/STM32F4xx_HAL_Driver/Src/stm32f4xx_hal_rng.o
 .ARM.attributes
                0x000004bb       0x34 ./Drivers/STM32F4xx_HAL_Driver/Src/stm32f4xx_hal_spi.o
 .ARM.attributes
                0x000004ef       0x34 ./Drivers/STM32F4xx_HAL_Driver/Src/stm32f4xx_hal_tim.o
 .ARM.attributes
                0x00000523       0x34 ./Drivers/STM32F4xx_HAL_Driver/Src/stm32f4xx_hal_tim_ex.o
 .ARM.attributes
                0x00000557       0x34 /Applications/STM32CubeIDE.app/Contents/Eclipse/plugins/com.st.stm32cube.ide.mcu.externaltools.gnu-tools-for-stm32.13.3.rel1.macos64_1.0.0.202411102158/tools/bin/../lib/gcc/arm-none-eabi/13.3.1/../../../../arm-none-eabi/lib/thumb/v7e-m+fp/hard/libc_nano.a(libc_a-findfp.o)
 .ARM.attributes
                0x0000058b       0x34 /Applications/STM32CubeIDE.app/Contents/Eclipse/plugins/com.st.stm32cube.ide.mcu.externaltools.gnu-tools-for-stm32.13.3.rel1.macos64_1.0.0.202411102158/tools/bin/../lib/gcc/arm-none-eabi/13.3.1/../../../../arm-none-eabi/lib/thumb/v7e-m+fp/hard/libc_nano.a(libc_a-fwalk.o)
 .ARM.attributes
                0x000005bf       0x34 /Applications/STM32CubeIDE.app/Contents/Eclipse/plugins/com.st.stm32cube.ide.mcu.externaltools.gnu-tools-for-stm32.13.3.rel1.macos64_1.0.0.202411102158/tools/bin/../lib/gcc/arm-none-eabi/13.3.1/../../../../arm-none-eabi/lib/thumb/v7e-m+fp/hard/libc_nano.a(libc_a-printf.o)
 .ARM.attributes
                0x000005f3       0x34 /Applications/STM32CubeIDE.app/Contents/Eclipse/plugins/com.st.stm32cube.ide.mcu.externaltools.gnu-tools-for-stm32.13.3.rel1.macos64_1.0.0.202411102158/tools/bin/../lib/gcc/arm-none-eabi/13.3.1/../../../../arm-none-eabi/lib/thumb/v7e-m+fp/hard/libc_nano.a(libc_a-puts.o)
 .ARM.attributes
                0x00000627       0x34 /Applications/STM32CubeIDE.app/Contents/Eclipse/plugins/com.st.stm32cube.ide.mcu.externaltools.gnu-tools-for-stm32.13.3.rel1.macos64_1.0.0.202411102158/tools/bin/../lib/gcc/arm-none-eabi/13.3.1/../../../../arm-none-eabi/lib/thumb/v7e-m+fp/hard/libc_nano.a(libc_a-memset.o)
 .ARM.attributes
                0x0000065b       0x34 /Applications/STM32CubeIDE.app/Contents/Eclipse/plugins/com.st.stm32cube.ide.mcu.externaltools.gnu-tools-for-stm32.13.3.rel1.macos64_1.0.0.202411102158/tools/bin/../lib/gcc/arm-none-eabi/13.3.1/../../../../arm-none-eabi/lib/thumb/v7e-m+fp/hard/libc_nano.a(libc_a-errno.o)
 .ARM.attributes
                0x0000068f       0x34 /Applications/STM32CubeIDE.app/Contents/Eclipse/plugins/com.st.stm32cube.ide.mcu.externaltools.gnu-tools-for-stm32.13.3.rel1.macos64_1.0.0.202411102158/tools/bin/../lib/gcc/arm-none-eabi/13.3.1/../../../../arm-none-eabi/lib/thumb/v7e-m+fp/hard/libc_nano.a(libc_a-init.o)
 .ARM.attributes
                0x000006c3       0x34 /Applications/STM32CubeIDE.app/Contents/Eclipse/plugins/com.st.stm32cube.ide.mcu.externaltools.gnu-tools-for-stm32.13.3.rel1.macos64_1.0.0.202411102158/tools/bin/../lib/gcc/arm-none-eabi/13.3.1/../../../../arm-none-eabi/lib/thumb/v7e-m+fp/hard/libc_nano.a(libc_a-lock.o)
 .ARM.attributes
                0x000006f7       0x34 /Applications/STM32CubeIDE.app/Contents/Eclipse/plugins/com.st.stm32cube.ide.mcu.externaltools.gnu-tools-for-stm32.13.3.rel1.macos64_1.0.0.202411102158/tools/bin/../lib/gcc/arm-none-eabi/13.3.1/../../../../arm-none-eabi/lib/thumb/v7e-m+fp/hard/libc_nano.a(libc_a-impure.o)
 .ARM.attributes
                0x0000072b       0x34 /Applications/STM32CubeIDE.app/Contents/Eclipse/plugins/com.st.stm32cube.ide.mcu.externaltools.gnu-tools-for-stm32.13.3.rel1.macos64_1.0.0.202411102158/tools/bin/../lib/gcc/arm-none-eabi/13.3.1/../../../../arm-none-eabi/lib/thumb/v7e-m+fp/hard/libc_nano.a(libc_a-nano-vfprintf.o)
 .ARM.attributes
                0x0000075f       0x34 /Applications/STM32CubeIDE.app/Contents/Eclipse/plugins/com.st.stm32cube.ide.mcu.externaltools.gnu-tools-for-stm32.13.3.rel1.macos64_1.0.0.202411102158/tools/bin/../lib/gcc/arm-none-eabi/13.3.1/../../../../arm-none-eabi/lib/thumb/v7e-m+fp/hard/libc_nano.a(libc_a-mallocr.o)
 .ARM.attributes
                0x00000793       0x34 /Applications/STM32CubeIDE.app/Contents/Eclipse/plugins/com.st.stm32cube.ide.mcu.externaltools.gnu-tools-for-stm32.13.3.rel1.macos64_1.0.0.202411102158/tools/bin/../lib/gcc/arm-none-eabi/13.3.1/../../../../arm-none-eabi/lib/thumb/v7e-m+fp/hard/libc_nano.a(libc_a-nano-vfprintf_i.o)
 .ARM.attributes
                0x000007c7       0x34 /Applications/STM32CubeIDE.app/Contents/Eclipse/plugins/com.st.stm32cube.ide.mcu.externaltools.gnu-tools-for-stm32.13.3.rel1.macos64_1.0.0.202411102158/tools/bin/../lib/gcc/arm-none-eabi/13.3.1/../../../../arm-none-eabi/lib/thumb/v7e-m+fp/hard/libc_nano.a(libc_a-fflush.o)
 .ARM.attributes
                0x000007fb       0x34 /Applications/STM32CubeIDE.app/Contents/Eclipse/plugins/com.st.stm32cube.ide.mcu.externaltools.gnu-tools-for-stm32.13.3.rel1.macos64_1.0.0.202411102158/tools/bin/../lib/gcc/arm-none-eabi/13.3.1/../../../../arm-none-eabi/lib/thumb/v7e-m+fp/hard/libc_nano.a(libc_a-mlock.o)
 .ARM.attributes
                0x0000082f       0x34 /Applications/STM32CubeIDE.app/Contents/Eclipse/plugins/com.st.stm32cube.ide.mcu.externaltools.gnu-tools-for-stm32.13.3.rel1.macos64_1.0.0.202411102158/tools/bin/../lib/gcc/arm-none-eabi/13.3.1/../../../../arm-none-eabi/lib/thumb/v7e-m+fp/hard/libc_nano.a(libc_a-stdio.o)
 .ARM.attributes
                0x00000863       0x34 /Applications/STM32CubeIDE.app/Contents/Eclipse/plugins/com.st.stm32cube.ide.mcu.externaltools.gnu-tools-for-stm32.13.3.rel1.macos64_1.0.0.202411102158/tools/bin/../lib/gcc/arm-none-eabi/13.3.1/../../../../arm-none-eabi/lib/thumb/v7e-m+fp/hard/libc_nano.a(libc_a-wbuf.o)
 .ARM.attributes
                0x00000897       0x34 /Applications/STM32CubeIDE.app/Contents/Eclipse/plugins/com.st.stm32cube.ide.mcu.externaltools.gnu-tools-for-stm32.13.3.rel1.macos64_1.0.0.202411102158/tools/bin/../lib/gcc/arm-none-eabi/13.3.1/../../../../arm-none-eabi/lib/thumb/v7e-m+fp/hard/libc_nano.a(libc_a-wsetup.o)
 .ARM.attributes
                0x000008cb       0x34 /Applications/STM32CubeIDE.app/Contents/Eclipse/plugins/com.st.stm32cube.ide.mcu.externaltools.gnu-tools-for-stm32.13.3.rel1.macos64_1.0.0.202411102158/tools/bin/../lib/gcc/arm-none-eabi/13.3.1/../../../../arm-none-eabi/lib/thumb/v7e-m+fp/hard/libc_nano.a(libc_a-makebuf.o)
 .ARM.attributes
                0x000008ff       0x34 /Applications/STM32CubeIDE.app/Contents/Eclipse/plugins/com.st.stm32cube.ide.mcu.externaltools.gnu-tools-for-stm32.13.3.rel1.macos64_1.0.0.202411102158/tools/bin/../lib/gcc/arm-none-eabi/13.3.1/../../../../arm-none-eabi/lib/thumb/v7e-m+fp/hard/libc_nano.a(libc_a-isattyr.o)
 .ARM.attributes
                0x00000933       0x34 /Applications/STM32CubeIDE.app/Contents/Eclipse/plugins/com.st.stm32cube.ide.mcu.externaltools.gnu-tools-for-stm32.13.3.rel1.macos64_1.0.0.202411102158/tools/bin/../lib/gcc/arm-none-eabi/13.3.1/../../../../arm-none-eabi/lib/thumb/v7e-m+fp/hard/libc_nano.a(libc_a-lseekr.o)
 .ARM.attributes
                0x00000967       0x34 /Applications/STM32CubeIDE.app/Contents/Eclipse/plugins/com.st.stm32cube.ide.mcu.externaltools.gnu-tools-for-stm32.13.3.rel1.macos64_1.0.0.202411102158/tools/bin/../lib/gcc/arm-none-eabi/13.3.1/../../../../arm-none-eabi/lib/thumb/v7e-m+fp/hard/libc_nano.a(libc_a-readr.o)
 .ARM.attributes
                0x0000099b       0x34 /Applications/STM32CubeIDE.app/Contents/Eclipse/plugins/com.st.stm32cube.ide.mcu.externaltools.gnu-tools-for-stm32.13.3.rel1.macos64_1.0.0.202411102158/tools/bin/../lib/gcc/arm-none-eabi/13.3.1/../../../../arm-none-eabi/lib/thumb/v7e-m+fp/hard/libc_nano.a(libc_a-sbrkr.o)
 .ARM.attributes
                0x000009cf       0x34 /Applications/STM32CubeIDE.app/Contents/Eclipse/plugins/com.st.stm32cube.ide.mcu.externaltools.gnu-tools-for-stm32.13.3.rel1.macos64_1.0.0.202411102158/tools/bin/../lib/gcc/arm-none-eabi/13.3.1/../../../../arm-none-eabi/lib/thumb/v7e-m+fp/hard/libc_nano.a(libc_a-writer.o)
 .ARM.attributes
                0x00000a03       0x34 /Applications/STM32CubeIDE.app/Contents/Eclipse/plugins/com.st.stm32cube.ide.mcu.externaltools.gnu-tools-for-stm32.13.3.rel1.macos64_1.0.0.202411102158/tools/bin/../lib/gcc/arm-none-eabi/13.3.1/../../../../arm-none-eabi/lib/thumb/v7e-m+fp/hard/libc_nano.a(libc_a-closer.o)
 .ARM.attributes
                0x00000a37       0x34 /Applications/STM32CubeIDE.app/Contents/Eclipse/plugins/com.st.stm32cube.ide.mcu.externaltools.gnu-tools-for-stm32.13.3.rel1.macos64_1.0.0.202411102158/tools/bin/../lib/gcc/arm-none-eabi/13.3.1/../../../../arm-none-eabi/lib/thumb/v7e-m+fp/hard/libc_nano.a(libc_a-reent.o)
 .ARM.attributes
                0x00000a6b       0x34 /Applications/STM32CubeIDE.app/Contents/Eclipse/plugins/com.st.stm32cube.ide.mcu.externaltools.gnu-tools-for-stm32.13.3.rel1.macos64_1.0.0.202411102158/tools/bin/../lib/gcc/arm-none-eabi/13.3.1/../../../../arm-none-eabi/lib/thumb/v7e-m+fp/hard/libc_nano.a(libc_a-fstatr.o)
 .ARM.attributes
                0x00000a9f       0x1c /Applications/STM32CubeIDE.app/Contents/Eclipse/plugins/com.st.stm32cube.ide.mcu.externaltools.gnu-tools-for-stm32.13.3.rel1.macos64_1.0.0.202411102158/tools/bin/../lib/gcc/arm-none-eabi/13.3.1/../../../../arm-none-eabi/lib/thumb/v7e-m+fp/hard/libc_nano.a(libc_a-memchr.o)
 .ARM.attributes
                0x00000abb       0x34 /Applications/STM32CubeIDE.app/Contents/Eclipse/plugins/com.st.stm32cube.ide.mcu.externaltools.gnu-tools-for-stm32.13.3.rel1.macos64_1.0.0.202411102158/tools/bin/../lib/gcc/arm-none-eabi/13.3.1/../../../../arm-none-eabi/lib/thumb/v7e-m+fp/hard/libc_nano.a(libc_a-freer.o)
 .ARM.attributes
                0x00000aef       0x22 /Applications/STM32CubeIDE.app/Contents/Eclipse/plugins/com.st.stm32cube.ide.mcu.externaltools.gnu-tools-for-stm32.13.3.rel1.macos64_1.0.0.202411102158/tools/bin/../lib/gcc/arm-none-eabi/13.3.1/thumb/v7e-m+fp/hard/libgcc.a(_aeabi_uldivmod.o)
 .ARM.attributes
                0x00000b11       0x34 /Applications/STM32CubeIDE.app/Contents/Eclipse/plugins/com.st.stm32cube.ide.mcu.externaltools.gnu-tools-for-stm32.13.3.rel1.macos64_1.0.0.202411102158/tools/bin/../lib/gcc/arm-none-eabi/13.3.1/thumb/v7e-m+fp/hard/libgcc.a(_udivmoddi4.o)
 .ARM.attributes
                0x00000b45       0x22 /Applications/STM32CubeIDE.app/Contents/Eclipse/plugins/com.st.stm32cube.ide.mcu.externaltools.gnu-tools-for-stm32.13.3.rel1.macos64_1.0.0.202411102158/tools/bin/../lib/gcc/arm-none-eabi/13.3.1/thumb/v7e-m+fp/hard/libgcc.a(_dvmd_tls.o)
 .ARM.attributes
                0x00000b67       0x22 /Applications/STM32CubeIDE.app/Contents/Eclipse/plugins/com.st.stm32cube.ide.mcu.externaltools.gnu-tools-for-stm32.13.3.rel1.macos64_1.0.0.202411102158/tools/bin/../lib/gcc/arm-none-eabi/13.3.1/thumb/v7e-m+fp/hard/crtn.o
OUTPUT(ECEN2370_StarterCode_SP25.elf elf32-littlearm)
LOAD linker stubs
LOAD /Applications/STM32CubeIDE.app/Contents/Eclipse/plugins/com.st.stm32cube.ide.mcu.externaltools.gnu-tools-for-stm32.13.3.rel1.macos64_1.0.0.202411102158/tools/bin/../lib/gcc/arm-none-eabi/13.3.1/../../../../arm-none-eabi/lib/thumb/v7e-m+fp/hard/libc.a
LOAD /Applications/STM32CubeIDE.app/Contents/Eclipse/plugins/com.st.stm32cube.ide.mcu.externaltools.gnu-tools-for-stm32.13.3.rel1.macos64_1.0.0.202411102158/tools/bin/../lib/gcc/arm-none-eabi/13.3.1/../../../../arm-none-eabi/lib/thumb/v7e-m+fp/hard/libm.a
LOAD /Applications/STM32CubeIDE.app/Contents/Eclipse/plugins/com.st.stm32cube.ide.mcu.externaltools.gnu-tools-for-stm32.13.3.rel1.macos64_1.0.0.202411102158/tools/bin/../lib/gcc/arm-none-eabi/13.3.1/thumb/v7e-m+fp/hard/libgcc.a

.debug_info     0x00000000    0x13098
 .debug_info    0x00000000      0x228 ./Core/Src/ApplicationCode.o
 .debug_info    0x00000228      0x32f ./Core/Src/Game_Driver.o
 .debug_info    0x00000557      0xfbd ./Core/Src/LCD_Driver.o
 .debug_info    0x00001514      0x145 ./Core/Src/fonts.o
 .debug_info    0x00001659      0xc85 ./Core/Src/ili9341.o
 .debug_info    0x000022de     0x1964 ./Core/Src/main.o
 .debug_info    0x00003c42     0x17b6 ./Core/Src/stm32f4xx_hal_msp.o
 .debug_info    0x000053f8      0x112 ./Core/Src/stm32f4xx_it.o
 .debug_info    0x0000550a      0xdd6 ./Core/Src/stmpe811.o
 .debug_info    0x000062e0      0x6a3 ./Core/Src/syscalls.o
 .debug_info    0x00006983      0x168 ./Core/Src/sysmem.o
 .debug_info    0x00006aeb      0x52e ./Core/Src/system_stm32f4xx.o
 .debug_info    0x00007019       0x30 ./Core/Startup/startup_stm32f429zitx.o
 .debug_info    0x00007049      0x9ba ./Drivers/STM32F4xx_HAL_Driver/Src/stm32f4xx_hal.o
 .debug_info    0x00007a03      0xdc2 ./Drivers/STM32F4xx_HAL_Driver/Src/stm32f4xx_hal_cortex.o
 .debug_info    0x000087c5      0x6db ./Drivers/STM32F4xx_HAL_Driver/Src/stm32f4xx_hal_gpio.o
 .debug_info    0x00008ea0     0x2421 ./Drivers/STM32F4xx_HAL_Driver/Src/stm32f4xx_hal_i2c.o
 .debug_info    0x0000b2c1      0x672 ./Drivers/STM32F4xx_HAL_Driver/Src/stm32f4xx_hal_i2c_ex.o
 .debug_info    0x0000b933     0x1022 ./Drivers/STM32F4xx_HAL_Driver/Src/stm32f4xx_hal_ltdc.o
 .debug_info    0x0000c955      0x8c7 ./Drivers/STM32F4xx_HAL_Driver/Src/stm32f4xx_hal_rcc.o
 .debug_info    0x0000d21c      0x64c ./Drivers/STM32F4xx_HAL_Driver/Src/stm32f4xx_hal_rcc_ex.o
 .debug_info    0x0000d868      0x493 ./Drivers/STM32F4xx_HAL_Driver/Src/stm32f4xx_hal_rng.o
 .debug_info    0x0000dcfb     0x1525 ./Drivers/STM32F4xx_HAL_Driver/Src/stm32f4xx_hal_spi.o
 .debug_info    0x0000f220     0x299d ./Drivers/STM32F4xx_HAL_Driver/Src/stm32f4xx_hal_tim.o
 .debug_info    0x00011bbd     0x14db ./Drivers/STM32F4xx_HAL_Driver/Src/stm32f4xx_hal_tim_ex.o

.debug_abbrev   0x00000000     0x3073
 .debug_abbrev  0x00000000      0x119 ./Core/Src/ApplicationCode.o
 .debug_abbrev  0x00000119      0x181 ./Core/Src/Game_Driver.o
 .debug_abbrev  0x0000029a      0x32a ./Core/Src/LCD_Driver.o
 .debug_abbrev  0x000005c4       0xc6 ./Core/Src/fonts.o
 .debug_abbrev  0x0000068a      0x2c9 ./Core/Src/ili9341.o
 .debug_abbrev  0x00000953      0x2fc ./Core/Src/main.o
 .debug_abbrev  0x00000c4f      0x25c ./Core/Src/stm32f4xx_hal_msp.o
 .debug_abbrev  0x00000eab       0x73 ./Core/Src/stm32f4xx_it.o
 .debug_abbrev  0x00000f1e      0x2c9 ./Core/Src/stmpe811.o
 .debug_abbrev  0x000011e7      0x1b6 ./Core/Src/syscalls.o
 .debug_abbrev  0x0000139d       0xbc ./Core/Src/sysmem.o
 .debug_abbrev  0x00001459      0x11a ./Core/Src/system_stm32f4xx.o
 .debug_abbrev  0x00001573       0x24 ./Core/Startup/startup_stm32f429zitx.o
 .debug_abbrev  0x00001597      0x214 ./Drivers/STM32F4xx_HAL_Driver/Src/stm32f4xx_hal.o
 .debug_abbrev  0x000017ab      0x31d ./Drivers/STM32F4xx_HAL_Driver/Src/stm32f4xx_hal_cortex.o
 .debug_abbrev  0x00001ac8      0x1d4 ./Drivers/STM32F4xx_HAL_Driver/Src/stm32f4xx_hal_gpio.o
 .debug_abbrev  0x00001c9c      0x2ad ./Drivers/STM32F4xx_HAL_Driver/Src/stm32f4xx_hal_i2c.o
 .debug_abbrev  0x00001f49      0x157 ./Drivers/STM32F4xx_HAL_Driver/Src/stm32f4xx_hal_i2c_ex.o
 .debug_abbrev  0x000020a0      0x233 ./Drivers/STM32F4xx_HAL_Driver/Src/stm32f4xx_hal_ltdc.o
 .debug_abbrev  0x000022d3      0x2b7 ./Drivers/STM32F4xx_HAL_Driver/Src/stm32f4xx_hal_rcc.o
 .debug_abbrev  0x0000258a      0x1b0 ./Drivers/STM32F4xx_HAL_Driver/Src/stm32f4xx_hal_rcc_ex.o
 .debug_abbrev  0x0000273a      0x1c4 ./Drivers/STM32F4xx_HAL_Driver/Src/stm32f4xx_hal_rng.o
 .debug_abbrev  0x000028fe      0x27a ./Drivers/STM32F4xx_HAL_Driver/Src/stm32f4xx_hal_spi.o
 .debug_abbrev  0x00002b78      0x278 ./Drivers/STM32F4xx_HAL_Driver/Src/stm32f4xx_hal_tim.o
 .debug_abbrev  0x00002df0      0x283 ./Drivers/STM32F4xx_HAL_Driver/Src/stm32f4xx_hal_tim_ex.o

.debug_aranges  0x00000000     0x13d0
 .debug_aranges
                0x00000000       0x30 ./Core/Src/ApplicationCode.o
 .debug_aranges
                0x00000030       0x50 ./Core/Src/Game_Driver.o
 .debug_aranges
                0x00000080       0xb0 ./Core/Src/LCD_Driver.o
 .debug_aranges
                0x00000130       0x18 ./Core/Src/fonts.o
 .debug_aranges
                0x00000148       0x98 ./Core/Src/ili9341.o
 .debug_aranges
                0x000001e0       0x60 ./Core/Src/main.o
 .debug_aranges
                0x00000240       0x70 ./Core/Src/stm32f4xx_hal_msp.o
 .debug_aranges
                0x000002b0       0x60 ./Core/Src/stm32f4xx_it.o
 .debug_aranges
                0x00000310       0x88 ./Core/Src/stmpe811.o
 .debug_aranges
                0x00000398       0xa8 ./Core/Src/syscalls.o
 .debug_aranges
                0x00000440       0x20 ./Core/Src/sysmem.o
 .debug_aranges
                0x00000460       0x28 ./Core/Src/system_stm32f4xx.o
 .debug_aranges
                0x00000488       0x28 ./Core/Startup/startup_stm32f429zitx.o
 .debug_aranges
                0x000004b0      0x100 ./Drivers/STM32F4xx_HAL_Driver/Src/stm32f4xx_hal.o
 .debug_aranges
                0x000005b0      0x130 ./Drivers/STM32F4xx_HAL_Driver/Src/stm32f4xx_hal_cortex.o
 .debug_aranges
                0x000006e0       0x58 ./Drivers/STM32F4xx_HAL_Driver/Src/stm32f4xx_hal_gpio.o
 .debug_aranges
                0x00000738      0x2a8 ./Drivers/STM32F4xx_HAL_Driver/Src/stm32f4xx_hal_i2c.o
 .debug_aranges
                0x000009e0       0x28 ./Drivers/STM32F4xx_HAL_Driver/Src/stm32f4xx_hal_i2c_ex.o
 .debug_aranges
                0x00000a08      0x158 ./Drivers/STM32F4xx_HAL_Driver/Src/stm32f4xx_hal_ltdc.o
 .debug_aranges
                0x00000b60       0x88 ./Drivers/STM32F4xx_HAL_Driver/Src/stm32f4xx_hal_rcc.o
 .debug_aranges
                0x00000be8       0x58 ./Drivers/STM32F4xx_HAL_Driver/Src/stm32f4xx_hal_rcc_ex.o
 .debug_aranges
                0x00000c40       0x88 ./Drivers/STM32F4xx_HAL_Driver/Src/stm32f4xx_hal_rng.o
 .debug_aranges
                0x00000cc8      0x1d0 ./Drivers/STM32F4xx_HAL_Driver/Src/stm32f4xx_hal_spi.o
 .debug_aranges
                0x00000e98      0x3d0 ./Drivers/STM32F4xx_HAL_Driver/Src/stm32f4xx_hal_tim.o
 .debug_aranges
                0x00001268      0x168 ./Drivers/STM32F4xx_HAL_Driver/Src/stm32f4xx_hal_tim_ex.o

.debug_rnglists
                0x00000000      0xf43
 .debug_rnglists
                0x00000000       0x1f ./Core/Src/ApplicationCode.o
 .debug_rnglists
                0x0000001f       0x39 ./Core/Src/Game_Driver.o
 .debug_rnglists
                0x00000058       0x85 ./Core/Src/LCD_Driver.o
 .debug_rnglists
                0x000000dd       0x6f ./Core/Src/ili9341.o
 .debug_rnglists
                0x0000014c       0x48 ./Core/Src/main.o
 .debug_rnglists
                0x00000194       0x53 ./Core/Src/stm32f4xx_hal_msp.o
 .debug_rnglists
                0x000001e7       0x43 ./Core/Src/stm32f4xx_it.o
 .debug_rnglists
                0x0000022a       0x67 ./Core/Src/stmpe811.o
 .debug_rnglists
                0x00000291       0x79 ./Core/Src/syscalls.o
 .debug_rnglists
                0x0000030a       0x13 ./Core/Src/sysmem.o
 .debug_rnglists
                0x0000031d       0x1a ./Core/Src/system_stm32f4xx.o
 .debug_rnglists
                0x00000337       0x19 ./Core/Startup/startup_stm32f429zitx.o
 .debug_rnglists
                0x00000350       0xbb ./Drivers/STM32F4xx_HAL_Driver/Src/stm32f4xx_hal.o
 .debug_rnglists
                0x0000040b       0xe0 ./Drivers/STM32F4xx_HAL_Driver/Src/stm32f4xx_hal_cortex.o
 .debug_rnglists
                0x000004eb       0x3f ./Drivers/STM32F4xx_HAL_Driver/Src/stm32f4xx_hal_gpio.o
 .debug_rnglists
                0x0000052a      0x23c ./Drivers/STM32F4xx_HAL_Driver/Src/stm32f4xx_hal_i2c.o
 .debug_rnglists
                0x00000766       0x19 ./Drivers/STM32F4xx_HAL_Driver/Src/stm32f4xx_hal_i2c_ex.o
 .debug_rnglists
                0x0000077f      0x10a ./Drivers/STM32F4xx_HAL_Driver/Src/stm32f4xx_hal_ltdc.o
 .debug_rnglists
                0x00000889       0x66 ./Drivers/STM32F4xx_HAL_Driver/Src/stm32f4xx_hal_rcc.o
 .debug_rnglists
                0x000008ef       0x43 ./Drivers/STM32F4xx_HAL_Driver/Src/stm32f4xx_hal_rcc_ex.o
 .debug_rnglists
                0x00000932       0x63 ./Drivers/STM32F4xx_HAL_Driver/Src/stm32f4xx_hal_rng.o
 .debug_rnglists
                0x00000995      0x16f ./Drivers/STM32F4xx_HAL_Driver/Src/stm32f4xx_hal_spi.o
 .debug_rnglists
                0x00000b04      0x31a ./Drivers/STM32F4xx_HAL_Driver/Src/stm32f4xx_hal_tim.o
 .debug_rnglists
                0x00000e1e      0x125 ./Drivers/STM32F4xx_HAL_Driver/Src/stm32f4xx_hal_tim_ex.o

.debug_macro    0x00000000    0x271e3
 .debug_macro   0x00000000      0x327 ./Core/Src/ApplicationCode.o
 .debug_macro   0x00000327      0xad8 ./Core/Src/ApplicationCode.o
 .debug_macro   0x00000dff      0x2ad ./Core/Src/ApplicationCode.o
 .debug_macro   0x000010ac       0x2e ./Core/Src/ApplicationCode.o
 .debug_macro   0x000010da       0x28 ./Core/Src/ApplicationCode.o
 .debug_macro   0x00001102       0x22 ./Core/Src/ApplicationCode.o
 .debug_macro   0x00001124       0x8e ./Core/Src/ApplicationCode.o
 .debug_macro   0x000011b2       0x51 ./Core/Src/ApplicationCode.o
 .debug_macro   0x00001203      0x103 ./Core/Src/ApplicationCode.o
 .debug_macro   0x00001306       0x6a ./Core/Src/ApplicationCode.o
 .debug_macro   0x00001370      0x1df ./Core/Src/ApplicationCode.o
 .debug_macro   0x0000154f       0x1c ./Core/Src/ApplicationCode.o
 .debug_macro   0x0000156b       0x22 ./Core/Src/ApplicationCode.o
 .debug_macro   0x0000158d       0xfb ./Core/Src/ApplicationCode.o
 .debug_macro   0x00001688     0x1011 ./Core/Src/ApplicationCode.o
 .debug_macro   0x00002699      0x11f ./Core/Src/ApplicationCode.o
 .debug_macro   0x000027b8    0x17fd8 ./Core/Src/ApplicationCode.o
 .debug_macro   0x0001a790       0x6d ./Core/Src/ApplicationCode.o
 .debug_macro   0x0001a7fd     0x3711 ./Core/Src/ApplicationCode.o
 .debug_macro   0x0001df0e      0x190 ./Core/Src/ApplicationCode.o
 .debug_macro   0x0001e09e       0x5c ./Core/Src/ApplicationCode.o
 .debug_macro   0x0001e0fa      0xcba ./Core/Src/ApplicationCode.o
 .debug_macro   0x0001edb4      0x9e9 ./Core/Src/ApplicationCode.o
 .debug_macro   0x0001f79d      0x115 ./Core/Src/ApplicationCode.o
 .debug_macro   0x0001f8b2      0x156 ./Core/Src/ApplicationCode.o
 .debug_macro   0x0001fa08       0xa5 ./Core/Src/ApplicationCode.o
 .debug_macro   0x0001faad      0x182 ./Core/Src/ApplicationCode.o
 .debug_macro   0x0001fc2f      0x287 ./Core/Src/ApplicationCode.o
 .debug_macro   0x0001feb6       0x5f ./Core/Src/ApplicationCode.o
 .debug_macro   0x0001ff15      0x236 ./Core/Src/ApplicationCode.o
 .debug_macro   0x0002014b      0x132 ./Core/Src/ApplicationCode.o
 .debug_macro   0x0002027d      0x41d ./Core/Src/ApplicationCode.o
 .debug_macro   0x0002069a       0x2e ./Core/Src/ApplicationCode.o
 .debug_macro   0x000206c8      0x1b5 ./Core/Src/ApplicationCode.o
 .debug_macro   0x0002087d       0x22 ./Core/Src/ApplicationCode.o
 .debug_macro   0x0002089f       0xd6 ./Core/Src/ApplicationCode.o
 .debug_macro   0x00020975      0x198 ./Core/Src/ApplicationCode.o
 .debug_macro   0x00020b0d       0xd6 ./Core/Src/ApplicationCode.o
 .debug_macro   0x00020be3      0x127 ./Core/Src/ApplicationCode.o
 .debug_macro   0x00020d0a       0xe2 ./Core/Src/ApplicationCode.o
 .debug_macro   0x00020dec       0x89 ./Core/Src/ApplicationCode.o
 .debug_macro   0x00020e75       0xa4 ./Core/Src/ApplicationCode.o
 .debug_macro   0x00020f19      0x225 ./Core/Src/ApplicationCode.o
 .debug_macro   0x0002113e      0x8ed ./Core/Src/ApplicationCode.o
 .debug_macro   0x00021a2b       0x4d ./Core/Src/ApplicationCode.o
 .debug_macro   0x00021a78      0x134 ./Core/Src/ApplicationCode.o
 .debug_macro   0x00021bac      0x332 ./Core/Src/ApplicationCode.o
 .debug_macro   0x00021ede       0x22 ./Core/Src/ApplicationCode.o
 .debug_macro   0x00021f00      0x173 ./Core/Src/ApplicationCode.o
 .debug_macro   0x00022073       0x88 ./Core/Src/ApplicationCode.o
 .debug_macro   0x000220fb       0x61 ./Core/Src/ApplicationCode.o
 .debug_macro   0x0002215c       0x2a ./Core/Src/ApplicationCode.o
 .debug_macro   0x00022186       0x43 ./Core/Src/ApplicationCode.o
 .debug_macro   0x000221c9       0x34 ./Core/Src/ApplicationCode.o
 .debug_macro   0x000221fd       0x16 ./Core/Src/ApplicationCode.o
 .debug_macro   0x00022213       0x3c ./Core/Src/ApplicationCode.o
 .debug_macro   0x0002224f      0x370 ./Core/Src/ApplicationCode.o
 .debug_macro   0x000225bf       0x10 ./Core/Src/ApplicationCode.o
 .debug_macro   0x000225cf       0x16 ./Core/Src/ApplicationCode.o
 .debug_macro   0x000225e5       0x4a ./Core/Src/ApplicationCode.o
 .debug_macro   0x0002262f       0x34 ./Core/Src/ApplicationCode.o
 .debug_macro   0x00022663       0x10 ./Core/Src/ApplicationCode.o
 .debug_macro   0x00022673       0x58 ./Core/Src/ApplicationCode.o
 .debug_macro   0x000226cb       0x8e ./Core/Src/ApplicationCode.o
 .debug_macro   0x00022759       0x1c ./Core/Src/ApplicationCode.o
 .debug_macro   0x00022775      0x185 ./Core/Src/ApplicationCode.o
 .debug_macro   0x000228fa       0x16 ./Core/Src/ApplicationCode.o
 .debug_macro   0x00022910       0x16 ./Core/Src/ApplicationCode.o
 .debug_macro   0x00022926      0x146 ./Core/Src/ApplicationCode.o
 .debug_macro   0x00022a6c      0x360 ./Core/Src/Game_Driver.o
 .debug_macro   0x00022dcc       0x5b ./Core/Src/Game_Driver.o
 .debug_macro   0x00022e27       0x94 ./Core/Src/Game_Driver.o
 .debug_macro   0x00022ebb       0x57 ./Core/Src/Game_Driver.o
 .debug_macro   0x00022f12       0x9e ./Core/Src/Game_Driver.o
 .debug_macro   0x00022fb0      0x112 ./Core/Src/Game_Driver.o
 .debug_macro   0x000230c2       0x16 ./Core/Src/Game_Driver.o
 .debug_macro   0x000230d8       0x16 ./Core/Src/Game_Driver.o
 .debug_macro   0x000230ee       0x29 ./Core/Src/Game_Driver.o
 .debug_macro   0x00023117       0x56 ./Core/Src/Game_Driver.o
 .debug_macro   0x0002316d       0x16 ./Core/Src/Game_Driver.o
 .debug_macro   0x00023183      0x245 ./Core/Src/LCD_Driver.o
 .debug_macro   0x000233c8       0x6d ./Core/Src/fonts.o
 .debug_macro   0x00023435      0x21a ./Core/Src/ili9341.o
 .debug_macro   0x0002364f      0x32c ./Core/Src/ili9341.o
 .debug_macro   0x0002397b      0x33f ./Core/Src/main.o
 .debug_macro   0x00023cba      0x4c8 ./Core/Src/main.o
 .debug_macro   0x00024182      0x21a ./Core/Src/stm32f4xx_hal_msp.o
 .debug_macro   0x0002439c      0x224 ./Core/Src/stm32f4xx_it.o
 .debug_macro   0x000245c0      0x235 ./Core/Src/stmpe811.o
 .debug_macro   0x000247f5      0x274 ./Core/Src/syscalls.o
 .debug_macro   0x00024a69       0x10 ./Core/Src/syscalls.o
 .debug_macro   0x00024a79       0x10 ./Core/Src/syscalls.o
 .debug_macro   0x00024a89       0x10 ./Core/Src/syscalls.o
 .debug_macro   0x00024a99       0x10 ./Core/Src/syscalls.o
 .debug_macro   0x00024aa9       0x1c ./Core/Src/syscalls.o
 .debug_macro   0x00024ac5       0x52 ./Core/Src/syscalls.o
 .debug_macro   0x00024b17       0x22 ./Core/Src/syscalls.o
 .debug_macro   0x00024b39       0x10 ./Core/Src/syscalls.o
 .debug_macro   0x00024b49       0x52 ./Core/Src/syscalls.o
 .debug_macro   0x00024b9b       0xcf ./Core/Src/syscalls.o
 .debug_macro   0x00024c6a       0x1c ./Core/Src/syscalls.o
 .debug_macro   0x00024c86       0x3d ./Core/Src/syscalls.o
 .debug_macro   0x00024cc3       0x35 ./Core/Src/syscalls.o
 .debug_macro   0x00024cf8      0x12c ./Core/Src/syscalls.o
 .debug_macro   0x00024e24       0x10 ./Core/Src/syscalls.o
 .debug_macro   0x00024e34      0x242 ./Core/Src/syscalls.o