../Core/Src/Game_Driver.c:37:6:firstScreen	16	static
../Core/Src/Game_Driver.c:87:6:endScreen	144	static
../Core/Src/Game_Driver.c:168:6:restartGame	8	static
../Core/Src/Game_Driver.c:182:6:initBoard	16	static
../Core/Src/Game_Driver.c:191:6:GameScreen_Init	24	static
../Core/Src/Game_Driver.c:204:6:GameScreen_Update	24	static
../Core/Src/Game_Driver.c:219:12:PollTouchColumn	40	static
../Core/Src/Game_Driver.c:260:5:dropPiece	24	static
../Core/Src/Game_Driver.c:271:5:checkDirection	40	static
../Core/Src/Game_Driver.c:281:5:checkWin	32	static
../Core/Src/Game_Driver.c:296:5:isBoardFull	16	static
../Core/Src/Game_Driver.c:310:6:PlayOnePlayer	32	static
../Core/Src/Game_Driver.c:365:6:PlayTwoPlayer	16	static
